Component: ARM Compiler 6.12 Tool: armlink [5d624300]

==============================================================================

Section Cross References

    main.o(.text.test_task) refers to main.o(.rodata..L__const.test_task.time) for .L__const.test_task.time
    main.o(.text.test_task) refers to main.o(.rodata.str1.1) for .L.str
    main.o(.text.test_task) refers to device.o(.text.device_create) for device_create
    main.o(.text.test_task) refers to device.o(.text.device_init) for device_init
    main.o(.text.test_task) refers to device.o(.text.device_control) for device_control
    main.o(.text.test_task) refers to device.o(.text.device_read) for device_read
    main.o(.text.test_task) refers to strrchr.o(.text) for strrchr
    main.o(.text.test_task) refers to user_log.o(.text.log_print) for log_print
    main.o(.text.test_task) refers to os_port.o(.text.os_task_sleep) for os_task_sleep
    main.o(.ARM.exidx.text.test_task) refers to main.o(.text.test_task) for [Anonymous Symbol]
    main.o(.text.app_task_start) refers to os_port.o(.text.os_enter_critical) for os_enter_critical
    main.o(.text.app_task_start) refers to main.o(.rodata.str1.1) for .L.str.3
    main.o(.text.app_task_start) refers to usb_app.o(.text.usb_app_task) for usb_app_task
    main.o(.text.app_task_start) refers to os_port.o(.text.os_task_create) for os_task_create
    main.o(.text.app_task_start) refers to key.o(.text.key_scan_task) for key_scan_task
    main.o(.text.app_task_start) refers to main.o(.text.test_task) for test_task
    main.o(.text.app_task_start) refers to led.o(.text.led_task) for led_task
    main.o(.text.app_task_start) refers to buzzer.o(.text.buzzer_task) for buzzer_task
    main.o(.text.app_task_start) refers to gps.o(.text.gps_task) for gps_task
    main.o(.text.app_task_start) refers to menu_1.o(.text.menu_task) for menu_task
    main.o(.text.app_task_start) refers to rfid_1.o(.text.rfid_task) for rfid_task
    main.o(.text.app_task_start) refers to os_port.o(.text.os_exit_critical) for os_exit_critical
    main.o(.text.app_task_start) refers to os_port.o(.text.os_sart_scheduler) for os_sart_scheduler
    main.o(.ARM.exidx.text.app_task_start) refers to main.o(.text.app_task_start) for [Anonymous Symbol]
    main.o(.text.main) refers to systick.o(.text.systick_config) for systick_config
    main.o(.text.main) refers to gd32f30x_misc.o(.text.nvic_priority_group_set) for nvic_priority_group_set
    main.o(.text.main) refers to main.o(.text.app_task_start) for app_task_start
    main.o(.ARM.exidx.text.main) refers to main.o(.text.main) for [Anonymous Symbol]
    system_gd32f30x.o(.text.SystemInit) refers to system_gd32f30x.o(.text._soft_delay_) for _soft_delay_
    system_gd32f30x.o(.text.SystemInit) refers to system_gd32f30x.o(.text.system_clock_config) for system_clock_config
    system_gd32f30x.o(.ARM.exidx.text.SystemInit) refers to system_gd32f30x.o(.text.SystemInit) for [Anonymous Symbol]
    system_gd32f30x.o(.ARM.exidx.text._soft_delay_) refers to system_gd32f30x.o(.text._soft_delay_) for [Anonymous Symbol]
    system_gd32f30x.o(.text.system_clock_config) refers to system_gd32f30x.o(.text.system_clock_120m_hxtal) for system_clock_120m_hxtal
    system_gd32f30x.o(.ARM.exidx.text.system_clock_config) refers to system_gd32f30x.o(.text.system_clock_config) for [Anonymous Symbol]
    system_gd32f30x.o(.text.SystemCoreClockUpdate) refers to system_gd32f30x.o(.data.SystemCoreClock) for SystemCoreClock
    system_gd32f30x.o(.ARM.exidx.text.SystemCoreClockUpdate) refers to system_gd32f30x.o(.text.SystemCoreClockUpdate) for [Anonymous Symbol]
    system_gd32f30x.o(.ARM.exidx.text.system_clock_120m_hxtal) refers to system_gd32f30x.o(.text.system_clock_120m_hxtal) for [Anonymous Symbol]
    gd32f30x_it.o(.ARM.exidx.text.NMI_Handler) refers to gd32f30x_it.o(.text.NMI_Handler) for [Anonymous Symbol]
    gd32f30x_it.o(.ARM.exidx.text.HardFault_Handler) refers to gd32f30x_it.o(.text.HardFault_Handler) for [Anonymous Symbol]
    gd32f30x_it.o(.ARM.exidx.text.MemManage_Handler) refers to gd32f30x_it.o(.text.MemManage_Handler) for [Anonymous Symbol]
    gd32f30x_it.o(.ARM.exidx.text.BusFault_Handler) refers to gd32f30x_it.o(.text.BusFault_Handler) for [Anonymous Symbol]
    gd32f30x_it.o(.ARM.exidx.text.UsageFault_Handler) refers to gd32f30x_it.o(.text.UsageFault_Handler) for [Anonymous Symbol]
    gd32f30x_it.o(.ARM.exidx.text.DebugMon_Handler) refers to gd32f30x_it.o(.text.DebugMon_Handler) for [Anonymous Symbol]
    gd32f30x_it.o(.text.USBFS_IRQHandler) refers to usb_device.o(.bss.cdc_acm) for cdc_acm
    gd32f30x_it.o(.text.USBFS_IRQHandler) refers to drv_usbd_int.o(.text.usbd_isr) for usbd_isr
    gd32f30x_it.o(.ARM.exidx.text.USBFS_IRQHandler) refers to gd32f30x_it.o(.text.USBFS_IRQHandler) for [Anonymous Symbol]
    gd32f30x_it.o(.text.USBFS_WKUP_IRQHandler) refers to usb_device.o(.bss.cdc_acm) for cdc_acm
[...]
    cdc_acm                                  0x200003dc   Data         976  usb_device.o(.bss.cdc_acm)
    delay_time                               0x20001034   Data           4  gd32f30x_hw.o(.bss.delay_time)
    flash_device                             0x20001038   Data           4  spi_device.o(.bss.flash_device)
    gps_base_info                            0x2000103c   Data          44  gps.o(.bss.gps_base_info)
    gps_exception_hdl                        0x200010e8   Data          16  gps.o(.bss.gps_exception_hdl)
    gps_lost_info                            0x200010f8   Data          16  gps.o(.bss.gps_lost_info)
    gps_save_data                            0x20001108   Data          28  gps.o(.bss.gps_save_data)
    i2c_device                               0x20001124   Data           4  i2c_device.o(.bss.i2c_device)
    lcd_gram                                 0x20001158   Data        1024  lcd_draw.o(.bss.lcd_gram)
    pxCurrentTCB                             0x20001584   Data           4  tasks.o(.bss.pxCurrentTCB)
    rtc_device                               0x20001830   Data           4  rtc_device.o(.bss.rtc_device)
    sector_buf                               0x20001834   Data        4096  w25qxx_driver.o(.bss.sector_buf)
    usb_device                               0x20015494   Data           4  usb_device.o(.bss.usb_device)
    usbfs_prescaler                          0x20015498   Data           4  gd32f30x_hw.o(.bss.usbfs_prescaler)
    xQueueRegistry                           0x20015534   Data          64  queue.o(.bss.xQueueRegistry)
    __heap_base                              0x200155b8   Data           0  startup_gd32f30x_cl.o(HEAP)
    __heap_limit                             0x200159b8   Data           0  startup_gd32f30x_cl.o(HEAP)
    __initial_sp                             0x20015db8   Data           0  startup_gd32f30x_cl.o(STACK)



==============================================================================

Memory Map of the image

  Image Entry point : 0x08000151

  Load Region LR_IROM1 (Base: 0x08000000, Size: 0x00012368, Max: 0x00040000, ABSOLUTE, COMPRESSED[0x000120f0])

    Execution Region ER_IROM1 (Exec base: 0x08000000, Load base: 0x08000000, Size: 0x00011fa0, Max: 0x00040000, ABSOLUTE)

    Exec Addr    Load Addr    Size         Type   Attr      Idx    E Section Name        Object

    0x08000000   0x08000000   0x00000150   Data   RO          119    RESET               startup_gd32f30x_cl.o
    0x08000150   0x08000150   0x00000000   Code   RO         3299  * .ARM.Collect$$$$00000000  mc_w.l(entry.o)
    0x08000150   0x08000150   0x00000004   Code   RO         3406    .ARM.Collect$$$$00000001  mc_w.l(entry2.o)
    0x08000154   0x08000154   0x00000004   Code   RO         3409    .ARM.Collect$$$$00000004  mc_w.l(entry5.o)
    0x08000158   0x08000158   0x00000000   Code   RO         3411    .ARM.Collect$$$$00000008  mc_w.l(entry7b.o)
    0x08000158   0x08000158   0x00000000   Code   RO         3413    .ARM.Collect$$$$0000000A  mc_w.l(entry8b.o)
    0x08000158   0x08000158   0x00000008   Code   RO         3414    .ARM.Collect$$$$0000000B  mc_w.l(entry9a.o)
    0x08000160   0x08000160   0x00000000   Code   RO         3416    .ARM.Collect$$$$0000000D  mc_w.l(entry10a.o)
    0x08000160   0x08000160   0x00000000   Code   RO         3418    .ARM.Collect$$$$0000000F  mc_w.l(entry11a.o)
    0x08000160   0x08000160   0x00000004   Code   RO         3407    .ARM.Collect$$$$00002712  mc_w.l(entry2.o)
    0x08000164   0x08000164   0x00000024   Code   RO          120    .text               startup_gd32f30x_cl.o
    0x08000188   0x08000188   0x00000062   Code   RO         3302    .text               mc_w.l(uldiv.o)
    0x080001ea   0x080001ea   0x00000008   Code   RO         3304    .text               mc_w.l(slabs.o)
    0x080001f2   0x080001f2   0x00000024   Code   RO         3308    .text               mc_w.l(memcpya.o)
    0x08000216   0x08000216   0x00000024   Code   RO         3310    .text               mc_w.l(memseta.o)
    0x0800023a   0x0800023a   0x00000018   Code   RO         3312    .text               mc_w.l(strncpy.o)
    0x08000252   0x08000252   0x0000000e   Code   RO         3314    .text               mc_w.l(strlen.o)
    0x08000260   0x08000260   0x0000001c   Code   RO         3316    .text               mc_w.l(strcmp.o)
    0x0800027c   0x0800027c   0x0000001e   Code   RO         3318    .text               mc_w.l(strncmp.o)
    0x0800029a   0x0800029a   0x00000016   Code   RO         3326    .text               mc_w.l(strrchr.o)
    0x080002b0   0x080002b0   0x00000038   Code   RO         3386    .text               mc_w.l(sscanf.o)
    0x080002e8   0x080002e8   0x0000001a   Code   RO         3388    .text               mc_w.l(atoi.o)
    0x08000302   0x08000302   0x0000014e   Code   RO         3390    .text               mf_w.l(dadd.o)
    0x08000450   0x08000450   0x000000e4   Code   RO         3392    .text               mf_w.l(dmul.o)
    0x08000534   0x08000534   0x000000de   Code   RO         3394    .text               mf_w.l(ddiv.o)
    0x08000612   0x08000612   0x00000022   Code   RO         3396    .text               mf_w.l(dflti.o)
    0x08000634   0x08000634   0x0000003e   Code   RO         3398    .text               mf_w.l(dfixi.o)
    0x08000672   0x08000672   0x00000032   Code   RO         3400    .text               mf_w.l(dfixui.o)
    0x080006a4   0x080006a4   0x00000026   Code   RO         3402    .text               mf_w.l(f2d.o)
    0x080006ca   0x080006ca   0x00000038   Code   RO         3404    .text               mf_w.l(d2f.o)
    0x08000702   0x08000702   0x0000002c   Code   RO         3425    .text               mc_w.l(uidiv.o)
    0x0800072e   0x0800072e   0x0000001e   Code   RO         3427    .text               mc_w.l(llshl.o)
    0x0800074c   0x0800074c   0x00000020   Code   RO         3429    .text               mc_w.l(llushr.o)
    0x0800076c   0x0800076c   0x00000024   Code   RO         3431    .text               mc_w.l(llsshr.o)
    0x08000790   0x08000790   0x00000156   Code   RO         3442    .text               mc_w.l(_scanf_longlong.o)
    0x080008e6   0x080008e6   0x0000014c   Code   RO         3444    .text               mc_w.l(_scanf_int.o)
    0x08000a32   0x08000a32   0x000000e0   Code   RO         3446    .text               mc_w.l(_scanf_str.o)
    0x08000b12   0x08000b12   0x00000002   PAD
    0x08000b14   0x08000b14   0x00000360   Code   RO         3448    .text               mc_w.l(scanf_fp.o)
    0x08000e74   0x08000e74   0x00000028   Code   RO         3452    .text               mc_w.l(scanf_char.o)
    0x08000e9c   0x08000e9c   0x00000040   Code   RO         3454    .text               mc_w.l(_sgetc.o)
    0x08000edc   0x08000edc   0x000000a8   Code   RO         3456    .text               mc_w.l(strtod.o)
    0x08000f84   0x08000f84   0x00000070   Code   RO         3458    .text               mc_w.l(strtol.o)
    0x08000ff4   0x08000ff4   0x00000000   Code   RO         3460    .text               mc_w.l(iusefp.o)
    0x08000ff4   0x08000ff4   0x0000006e   Code   RO         3461    .text               mf_w.l(fepilogue.o)
    0x08001062   0x08001062   0x000000ba   Code   RO         3463    .text               mf_w.l(depilogue.o)
    0x0800111c   0x0800111c   0x000000a2   Code   RO         3465    .text               mf_w.l(dsqrt.o)
    0x080011be   0x080011be   0x00000030   Code   RO         3467    .text               mf_w.l(dfixul.o)
    0x080011ee   0x080011ee   0x00000002   PAD
    0x080011f0   0x080011f0   0x00000030   Code   RO         3471    .text               mf_w.l(cdrcmple.o)
    0x08001220   0x08001220   0x00000024   Code   RO         3473    .text               mc_w.l(init.o)
    0x08001244   0x08001244   0x00000008   Code   RO         3478    .text               mc_w.l(ctype_o.o)
    0x0800124c   0x0800124c   0x00000012   Code   RO         3500    .text               mc_w.l(isspace_o.o)
    0x0800125e   0x0800125e   0x0000001c   Code   RO         3506    .text               mc_w.l(_chval.o)
    0x0800127a   0x0800127a   0x00000002   PAD
    0x0800127c   0x0800127c   0x0000032c   Code   RO         3508    .text               mc_w.l(_scanf.o)
    0x080015a8   0x080015a8   0x0000009e   Code   RO         3510    .text               mc_w.l(_strtoul.o)
    0x08001646   0x08001646   0x00000018   Code   RO         3513    .text               mf_w.l(dfltul.o)
    0x0800165e   0x0800165e   0x00000056   Code   RO         3526    .text               mc_w.l(__dczerorl2.o)
    0x080016b4   0x080016b4   0x00000004   Code   RO           45    .text.BusFault_Handler  gd32f30x_it.o
    0x080016b8   0x080016b8   0x000000d8   Code   RO         2949    .text.CalulateCRC   rfid_si522_driver.o
    0x08001790   0x08001790   0x0000003c   Code   RO         2943    .text.ClearBitMask  rfid_si522_driver.o
    0x080017cc   0x080017cc   0x0000000a   Code   RO         2652    .text.DMA0_Channel1_IRQHandler  uart_device.o
    0x080017d6   0x080017d6   0x00000002   PAD
    0x080017d8   0x080017d8   0x0000000a   Code   RO         2646    .text.DMA0_Channel3_IRQHandler  uart_device.o
    0x080017e2   0x080017e2   0x00000002   PAD
    0x080017e4   0x080017e4   0x0000000a   Code   RO         2650    .text.DMA0_Channel6_IRQHandler  uart_device.o
    0x080017ee   0x080017ee   0x00000002   PAD
    0x080017f0   0x080017f0   0x0000000a   Code   RO         2654    .text.DMA1_Channel4_IRQHandler  uart_device.o
    0x080017fa   0x080017fa   0x00000002   PAD
    0x080017fc   0x080017fc   0x00000002   Code   RO           49    .text.DebugMon_Handler  gd32f30x_it.o
    0x080017fe   0x080017fe   0x00000002   PAD
    0x08001800   0x08001800   0x00000004   Code   RO           41    .text.HardFault_Handler  gd32f30x_it.o
    0x08001804   0x08001804   0x00000004   Code   RO           43    .text.MemManage_Handler  gd32f30x_it.o
    0x08001808   0x08001808   0x00000002   Code   RO           39    .text.NMI_Handler   gd32f30x_it.o
    0x0800180a   0x0800180a   0x00000002   PAD
    0x0800180c   0x0800180c   0x000000d0   Code   RO         2959    .text.PcdAnticoll   rfid_si522_driver.o
    0x080018dc   0x080018dc   0x00000246   Code   RO         2951    .text.PcdComMF522   rfid_si522_driver.o
    0x08001b22   0x08001b22   0x00000002   PAD
    0x08001b24   0x08001b24   0x00000040   Code   RO         2953    .text.PcdHalt       rfid_si522_driver.o
    0x08001b64   0x08001b64   0x00000082   Code   RO         2955    .text.PcdRequest    rfid_si522_driver.o
    0x08001be6   0x08001be6   0x00000002   PAD
    0x08001be8   0x08001be8   0x000000c2   Code   RO         2957    .text.PcdSelect     rfid_si522_driver.o
    0x08001caa   0x08001caa   0x00000006   PAD
    0x08001cb0   0x08001cb0   0x00000064   Code   RO         2439    .text.PendSV_Handler  port.o
    0x08001d14   0x08001d14   0x0000001c   Code   RO           59    .text.RTC_IRQHandler  gd32f30x_it.o
    0x08001d30   0x08001d30   0x00000024   Code   RO         2435    .text.SVC_Handler   port.o
    0x08001d54   0x08001d54   0x0000003c   Code   RO         2945    .text.SetBitMask    rfid_si522_driver.o
    0x08001d90   0x08001d90   0x0000005a   Code   RO           71    .text.SysTick_Config  systick.o
    0x08001dea   0x08001dea   0x00000002   PAD
    0x08001dec   0x08001dec   0x00000040   Code   RO         2453    .text.SysTick_Handler  port.o
    0x08001e2c   0x08001e2c   0x000001b2   Code   RO           19    .text.SystemInit    system_gd32f30x.o
    0x08001fde   0x08001fde   0x00000002   PAD
    0x08001fe0   0x08001fe0   0x00000008   Code   RO           57    .text.TIMER2_IRQHandler  gd32f30x_it.o
    0x08001fe8   0x08001fe8   0x0000046c   Code   RO         2961    .text.Test_Si522_GetUID  rfid_si522_driver.o
    0x08002454   0x08002454   0x0000000a   Code   RO         2656    .text.UART4_IRQHandler  uart_device.o
    0x0800245e   0x0800245e   0x00000002   PAD
    0x08002460   0x08002460   0x00000010   Code   RO           51    .text.USBFS_IRQHandler  gd32f30x_it.o
    0x08002470   0x08002470   0x00000046   Code   RO           53    .text.USBFS_WKUP_IRQHandler  gd32f30x_it.o
    0x080024b6   0x080024b6   0x00000002   PAD
    0x080024b8   0x080024b8   0x00000004   Code   RO           47    .text.UsageFault_Handler  gd32f30x_it.o
    0x080024bc   0x080024bc   0x0000004a   Code   RO           73    .text.__NVIC_SetPriority  systick.o
    0x08002506   0x08002506   0x00000002   PAD
    0x08002508   0x08002508   0x0000002c   Code   RO           21    .text._soft_delay_  system_gd32f30x.o
    0x08002534   0x08002534   0x0000008c   Code   RO         3158    .text._strncat      common_utils.o
    0x080025c0   0x080025c0   0x00000032   Code   RO         3160    .text._strncpy      common_utils.o
    0x080025f2   0x080025f2   0x00000002   PAD
    0x080025f4   0x080025f4   0x00000036   Code   RO         1887    .text._usb_bos_desc_get  usbd_enum.o
    0x0800262a   0x0800262a   0x00000002   PAD
    0x0800262c   0x0800262c   0x0000003c   Code   RO         1891    .text._usb_config_desc_get  usbd_enum.o
    0x08002668   0x08002668   0x00000036   Code   RO         1889    .text._usb_dev_desc_get  usbd_enum.o
    0x0800269e   0x0800269e   0x00000002   PAD
    0x080026a0   0x080026a0   0x000000de   Code   RO         1861    .text._usb_std_clearfeature  usbd_enum.o
    0x0800277e   0x0800277e   0x00000002   PAD
    0x08002780   0x08002780   0x00000082   Code   RO         1873    .text._usb_std_getconfiguration  usbd_enum.o
    0x08002802   0x08002802   0x00000002   PAD
    0x08002804   0x08002804   0x000001ce   Code   RO         1869    .text._usb_std_getdescriptor  usbd_enum.o
    0x080029d2   0x080029d2   0x00000002   PAD
    0x080029d4   0x080029d4   0x00000070   Code   RO         1877    .text._usb_std_getinterface  usbd_enum.o
    0x08002a44   0x08002a44   0x00000156   Code   RO         1859    .text._usb_std_getstatus  usbd_enum.o
    0x08002b9a   0x08002b9a   0x00000002   PAD
    0x08002b9c   0x08002b9c   0x00000014   Code   RO         1863    .text._usb_std_reserved  usbd_enum.o
    0x08002bb0   0x08002bb0   0x00000082   Code   RO         1867    .text._usb_std_setaddress  usbd_enum.o
    0x08002c32   0x08002c32   0x00000002   PAD
    0x08002c34   0x08002c34   0x00000144   Code   RO         1875    .text._usb_std_setconfiguration  usbd_enum.o
    0x08002d78   0x08002d78   0x00000014   Code   RO         1871    .text._usb_std_setdescriptor  usbd_enum.o
    0x08002d8c   0x08002d8c   0x000000cc   Code   RO         1865    .text._usb_std_setfeature  usbd_enum.o
    0x08002e58   0x08002e58   0x0000007e   Code   RO         1879    .text._usb_std_setinterface  usbd_enum.o
    0x08002ed6   0x08002ed6   0x00000002   PAD
    0x08002ed8   0x08002ed8   0x00000014   Code   RO         1881    .text._usb_std_synchframe  usbd_enum.o
    0x08002eec   0x08002eec   0x0000003c   Code   RO         1893    .text._usb_str_desc_get  usbd_enum.o
    0x08002f28   0x08002f28   0x00000160   Code   RO            4    .text.app_task_start  main.o
    0x08003088   0x08003088   0x0000001a   Code   RO         2545    .text.auto_calculate_i2c_delay  i2c_driver.o
    0x080030a2   0x080030a2   0x00000002   PAD
    0x080030a4   0x080030a4   0x0000000c   Code   RO          207    .text.bkp_deinit    gd32f30x_bkp.o
    0x080030b0   0x080030b0   0x00000070   Code   RO          211    .text.bkp_read_data  gd32f30x_bkp.o
    0x08003120   0x08003120   0x0000006e   Code   RO          209    .text.bkp_write_data  gd32f30x_bkp.o
    0x0800318e   0x0800318e   0x00000002   PAD
    0x08003190   0x08003190   0x00000012   Code   RO         3264    .text.buzzer_init   buzzer.o
    0x080031a2   0x080031a2   0x00000002   PAD
    0x080031a4   0x080031a4   0x00000016   Code   RO         3256    .text.buzzer_off    buzzer.o
    0x080031ba   0x080031ba   0x00000002   PAD
    0x080031bc   0x080031bc   0x00000010   Code   RO         3254    .text.buzzer_on     buzzer.o
    0x080031cc   0x080031cc   0x00000026   Code   RO         3258    .text.buzzer_prompt_iccrad_hdl  buzzer.o
    0x080031f2   0x080031f2   0x00000002   PAD
    0x080031f4   0x080031f4   0x00000026   Code   RO         3252    .text.buzzer_prompt_key_hdl  buzzer.o
    0x0800321a   0x0800321a   0x00000002   PAD
    0x0800321c   0x0800321c   0x0000002e   Code   RO         3260    .text.buzzer_prompt_load  buzzer.o
    0x0800324a   0x0800324a   0x00000002   PAD
    0x0800324c   0x0800324c   0x00000038   Code   RO         3262    .text.buzzer_task   buzzer.o
    0x08003284   0x08003284   0x00000046   Code   RO         2547    .text.calculate_soft_i2c_delay  i2c_driver.o
    0x080032ca   0x080032ca   0x00000002   PAD
    0x080032cc   0x080032cc   0x00000272   Code   RO         2811    .text.calculation_sum_mile  gps.o
    0x0800353e   0x0800353e   0x00000002   PAD
    0x08003540   0x08003540   0x0000004a   Code   RO         1941    .text.cdc_acm_check_ready  cdc_acm_core.o
    0x0800358a   0x0800358a   0x00000002   PAD
    0x0800358c   0x0800358c   0x00000056   Code   RO         1935    .text.cdc_acm_ctlx_out  cdc_acm_core.o
    0x080035e2   0x080035e2   0x00000002   PAD
    0x080035e4   0x080035e4   0x00000036   Code   RO         1945    .text.cdc_acm_data_receive  cdc_acm_core.o
    0x0800361a   0x0800361a   0x00000002   PAD
    0x0800361c   0x0800361c   0x00000040   Code   RO         1931    .text.cdc_acm_deinit  cdc_acm_core.o
    0x0800365c   0x0800365c   0x00000070   Code   RO         1937    .text.cdc_acm_in    cdc_acm_core.o
    0x080036cc   0x080036cc   0x0000008c   Code   RO         1929    .text.cdc_acm_init  cdc_acm_core.o
    0x08003758   0x08003758   0x0000003a   Code   RO         1939    .text.cdc_acm_out   cdc_acm_core.o
    0x08003792   0x08003792   0x00000002   PAD
    0x08003794   0x08003794   0x000000e8   Code   RO         1933    .text.cdc_acm_req   cdc_acm_core.o
    0x0800387c   0x0800387c   0x000000ba   Code   RO         3164    .text.check_is_hex_str  common_utils.o
    0x08003936   0x08003936   0x00000002   PAD
    0x08003938   0x08003938   0x00000030   Code   RO           77    .text.delay_1ms     systick.o
    0x08003968   0x08003968   0x0000009e   Code   RO           75    .text.delay_1us     systick.o
    0x08003a06   0x08003a06   0x00000002   PAD
    0x08003a08   0x08003a08   0x00000048   Code   RO         2616    .text.device_control  device.o
    0x08003a50   0x08003a50   0x00000080   Code   RO         2608    .text.device_create  device.o
    0x08003ad0   0x08003ad0   0x00000074   Code   RO         2610    .text.device_get_obj  device.o
    0x08003b44   0x08003b44   0x0000003a   Code   RO         2612    .text.device_init   device.o
    0x08003b7e   0x08003b7e   0x00000002   PAD
    0x08003b80   0x08003b80   0x00000056   Code   RO         2618    .text.device_read   device.o
    0x08003bd6   0x08003bd6   0x00000002   PAD
    0x08003bd8   0x08003bd8   0x00000056   Code   RO         2620    .text.device_write  device.o
    0x08003c2e   0x08003c2e   0x00000002   PAD
    0x08003c30   0x08003c30   0x00000040   Code   RO          481    .text.dma_channel_disable  gd32f30x_dma.o
    0x08003c70   0x08003c70   0x00000040   Code   RO          479    .text.dma_channel_enable  gd32f30x_dma.o
    0x08003cb0   0x08003cb0   0x00000040   Code   RO          473    .text.dma_circulation_disable  gd32f30x_dma.o
    0x08003cf0   0x08003cf0   0x00000040   Code   RO          471    .text.dma_circulation_enable  gd32f30x_dma.o
    0x08003d30   0x08003d30   0x00000096   Code   RO          463    .text.dma_deinit    gd32f30x_dma.o
    0x08003dc6   0x08003dc6   0x00000002   PAD
    0x08003dc8   0x08003dc8   0x0000015c   Code   RO          469    .text.dma_init      gd32f30x_dma.o
    0x08003f24   0x08003f24   0x0000004a   Code   RO          515    .text.dma_interrupt_enable  gd32f30x_dma.o
    0x08003f6e   0x08003f6e   0x00000002   PAD
    0x08003f70   0x08003f70   0x00000032   Code   RO          513    .text.dma_interrupt_flag_clear  gd32f30x_dma.o
    0x08003fa2   0x08003fa2   0x00000002   PAD
    0x08003fa4   0x08003fa4   0x000000e6   Code   RO          511    .text.dma_interrupt_flag_get  gd32f30x_dma.o
    0x0800408a   0x0800408a   0x00000002   PAD
    0x0800408c   0x0800408c   0x00000042   Code   RO          465    .text.dma_periph_and_channel_check  gd32f30x_dma.o
    0x080040ce   0x080040ce   0x00000002   PAD
    0x080040d0   0x080040d0   0x0000003e   Code   RO          467    .text.dma_struct_para_init  gd32f30x_dma.o
    0x0800410e   0x0800410e   0x00000002   PAD
    0x08004110   0x08004110   0x0000003a   Code   RO          489    .text.dma_transfer_number_get  gd32f30x_dma.o
    0x0800414a   0x0800414a   0x00000002   PAD
    0x0800414c   0x0800414c   0x0000009e   Code   RO         2648    .text.dma_tx_irq_handler  uart_device.o
    0x080041ea   0x080041ea   0x00000002   PAD
    0x080041ec   0x080041ec   0x0000000c   Code   RO         2470    .text.drv_gpio_af_rcu_enable  gpio_driver.o
    0x080041f8   0x080041f8   0x0000004e   Code   RO         2468    .text.drv_gpio_init  gpio_driver.o
    0x08004246   0x08004246   0x00000002   PAD
    0x08004248   0x08004248   0x0000005c   Code   RO         2474    .text.drv_gpio_read  gpio_driver.o
    0x080042a4   0x080042a4   0x0000004e   Code   RO         2472    .text.drv_gpio_write  gpio_driver.o
    0x080042f2   0x080042f2   0x00000002   PAD
    0x080042f4   0x080042f4   0x00000008   Code   RO         2598    .text.drv_rtc_get_counter  rtc_driver.o
    0x080042fc   0x080042fc   0x0000009c   Code   RO         2592    .text.drv_rtc_init  rtc_driver.o
    0x08004398   0x08004398   0x00000018   Code   RO         2596    .text.drv_rtc_set_counter  rtc_driver.o
    0x080043b0   0x080043b0   0x00000018   Code   RO          806    .text.exti_interrupt_flag_clear  gd32f30x_exti.o
    0x080043c8   0x080043c8   0x0000007c   Code   RO         2532    .text.gd32_spi_init  w25qxx_driver.o
    0x08004444   0x08004444   0x0000009e   Code   RO         2807    .text.get_gps_field  gps.o
    0x080044e2   0x080044e2   0x00000002   PAD
    0x080044e4   0x080044e4   0x00000054   Code   RO         2827    .text.get_gps_flen  gps.o
    0x08004538   0x08004538   0x000000dc   Code   RO         3136    .text.get_monsize   common_utils.o
    0x08004614   0x08004614   0x000000dc   Code   RO         2823    .text.gga_data_parser  gps.o
    0x080046f0   0x080046f0   0x000001a8   Code   RO          922    .text.gpio_init     gd32f30x_gpio.o
    0x08004898   0x08004898   0x00000032   Code   RO          932    .text.gpio_input_bit_get  gd32f30x_gpio.o
    0x080048ca   0x080048ca   0x00000002   PAD
    0x080048cc   0x080048cc   0x00000032   Code   RO          936    .text.gpio_output_bit_get  gd32f30x_gpio.o
    0x080048fe   0x080048fe   0x00000002   PAD
    0x08004900   0x08004900   0x00000100   Code   RO          940    .text.gpio_pin_remap_config  gd32f30x_gpio.o
    0x08004a00   0x08004a00   0x000000d4   Code   RO         3148    .text.gps_cal_distance  common_utils.o
    0x08004ad4   0x08004ad4   0x000000e8   Code   RO         2819    .text.gps_data_check  gps.o
    0x08004bbc   0x08004bbc   0x0000001c   Code   RO         2815    .text.gps_pwr_gpio_init  gps.o
    0x08004bd8   0x08004bd8   0x0000000e   Code   RO         2817    .text.gps_pwr_on    gps.o
    0x08004be6   0x08004be6   0x00000002   PAD
    0x08004be8   0x08004be8   0x000002d8   Code   RO         2813    .text.gps_task      gps.o
    0x08004ec0   0x08004ec0   0x000000a0   Code   RO         2825    .text.gsa_data_parser  gps.o
    0x08004f60   0x08004f60   0x0000004a   Code   RO           99    .text.hw_delay      gd32f30x_hw.o
    0x08004faa   0x08004faa   0x00000002   PAD
    0x08004fac   0x08004fac   0x0000009e   Code   RO          105    .text.hw_time_set   gd32f30x_hw.o
    0x0800504a   0x0800504a   0x00000002   PAD
    0x0800504c   0x0800504c   0x00000054   Code   RO         2561    .text.i2c_ack       i2c_driver.o
    0x080050a0   0x080050a0   0x00000016   Code   RO         2557    .text.i2c_delay_us  i2c_driver.o
    0x080050b6   0x080050b6   0x00000002   PAD
    0x080050b8   0x080050b8   0x000000ac   Code   RO         2726    .text.i2c_device_create  i2c_device.o
    0x08005164   0x08005164   0x0000000e   Code   RO         2730    .text.i2c_device_deinit  i2c_device.o
    0x08005172   0x08005172   0x00000002   PAD
    0x08005174   0x08005174   0x00000016   Code   RO         2724    .text.i2c_device_get  i2c_device.o
    0x0800518a   0x0800518a   0x00000002   PAD
    0x0800518c   0x0800518c   0x00000078   Code   RO         2728    .text.i2c_device_init  i2c_device.o
    0x08005204   0x08005204   0x0000006a   Code   RO         2732    .text.i2c_device_read  i2c_device.o
    0x0800526e   0x0800526e   0x00000002   PAD
    0x08005270   0x08005270   0x00000068   Code   RO         2734    .text.i2c_device_write  i2c_device.o
    0x080052d8   0x080052d8   0x00000086   Code   RO         2549    .text.i2c_init      i2c_driver.o
    0x0800535e   0x0800535e   0x00000002   PAD
    0x08005360   0x08005360   0x00000082   Code   RO         2575    .text.i2c_read_byte  i2c_driver.o
    0x080053e2   0x080053e2   0x00000002   PAD
    0x080053e4   0x080053e4   0x0000016c   Code   RO         2577    .text.i2c_read_reg  i2c_driver.o
    0x08005550   0x08005550   0x00000024   Code   RO         2555    .text.i2c_scl_high  i2c_driver.o
    0x08005574   0x08005574   0x00000024   Code   RO         2563    .text.i2c_scl_low   i2c_driver.o
    0x08005598   0x08005598   0x00000024   Code   RO         2559    .text.i2c_sda_high  i2c_driver.o
    0x080055bc   0x080055bc   0x0000002a   Code   RO         2569    .text.i2c_sda_in    i2c_driver.o
    0x080055e6   0x080055e6   0x00000002   PAD
    0x080055e8   0x080055e8   0x00000024   Code   RO         2565    .text.i2c_sda_low   i2c_driver.o
    0x0800560c   0x0800560c   0x0000002a   Code   RO         2553    .text.i2c_sda_out   i2c_driver.o
    0x08005636   0x08005636   0x00000002   PAD
    0x08005638   0x08005638   0x00000026   Code   RO         2571    .text.i2c_sda_read  i2c_driver.o
    0x0800565e   0x0800565e   0x00000002   PAD
    0x08005660   0x08005660   0x00000080   Code   RO         2573    .text.i2c_send_byte  i2c_driver.o
    0x080056e0   0x080056e0   0x00000038   Code   RO         2579    .text.i2c_start     i2c_driver.o
    0x08005718   0x08005718   0x0000002c   Code   RO         2551    .text.i2c_stop      i2c_driver.o
    0x08005744   0x08005744   0x00000082   Code   RO         2567    .text.i2c_wait_ack  i2c_driver.o
    0x080057c6   0x080057c6   0x00000002   PAD
    0x080057c8   0x080057c8   0x00000112   Code   RO         2581    .text.i2c_write_reg  i2c_driver.o
    0x080058da   0x080058da   0x00000002   PAD
    0x080058dc   0x080058dc   0x00000088   Code   RO         1855    .text.int_to_unicode  usbd_enum.o
    0x08005964   0x08005964   0x0000001a   Code   RO         3213    .text.key_1_scan_hdl  key.o
    0x0800597e   0x0800597e   0x00000002   PAD
    0x08005980   0x08005980   0x00000014   Code   RO         3215    .text.key_2_scan_hdl  key.o
    0x08005994   0x08005994   0x0000052c   Code   RO         3225    .text.key_fsm_process  key.o
    0x08005ec0   0x08005ec0   0x00000016   Code   RO         3223    .text.key_init      key.o
    0x08005ed6   0x08005ed6   0x00000002   PAD
    0x08005ed8   0x08005ed8   0x000000f6   Code   RO         3221    .text.key_scan_task  key.o
    0x08005fce   0x08005fce   0x00000002   PAD
    0x08005fd0   0x08005fd0   0x0000006a   Code   RO         2886    .text.lcd_clear_point  lcd_draw.o
    0x0800603a   0x0800603a   0x00000002   PAD
    0x0800603c   0x0800603c   0x00000018   Code   RO         2896    .text.lcd_clear_screen  lcd_draw.o
    0x08006054   0x08006054   0x0000000c   Code   RO         2908    .text.lcd_darw_init  lcd_draw.o
    0x08006060   0x08006060   0x00000068   Code   RO         2884    .text.lcd_draw_point  lcd_draw.o
    0x080060c8   0x080060c8   0x00000068   Code   RO         2894    .text.lcd_draw_refresh  lcd_draw.o
    0x08006130   0x08006130   0x00000092   Code   RO         2486    .text.lcd_gpio_init  lcd_st756x_driver.o
    0x080061c2   0x080061c2   0x00000002   PAD
    0x080061c4   0x080061c4   0x000000d4   Code   RO         2492    .text.lcd_init      lcd_st756x_driver.o
    0x08006298   0x08006298   0x00000164   Code   RO         2904    .text.lcd_show_chr  lcd_draw.o
    0x080063fc   0x080063fc   0x000000a4   Code   RO         2906    .text.lcd_show_string  lcd_draw.o
    0x080064a0   0x080064a0   0x000000a2   Code   RO         2488    .text.lcd_write_cmd  lcd_st756x_driver.o
    0x08006542   0x08006542   0x00000002   PAD
    0x08006544   0x08006544   0x00000096   Code   RO         2490    .text.lcd_write_data  lcd_st756x_driver.o
    0x080065da   0x080065da   0x00000002   PAD
    0x080065dc   0x080065dc   0x00000076   Code   RO         3204    .text.led_task      led.o
    0x08006652   0x08006652   0x00000002   PAD
    0x08006654   0x08006654   0x000000f2   Code   RO         2829    .text.lock_gps_posiont  gps.o
    0x08006746   0x08006746   0x00000002   PAD
    0x08006748   0x08006748   0x00000056   Code   RO         2772    .text.log_output    user_log.o
    0x0800679e   0x0800679e   0x00000002   PAD
    0x080067a0   0x080067a0   0x0000025e   Code   RO         2774    .text.log_print     user_log.o
    0x080069fe   0x080069fe   0x00000002   PAD
    0x08006a00   0x08006a00   0x00000016   Code   RO            6    .text.main          main.o
    0x08006a16   0x08006a16   0x00000002   PAD
    0x08006a18   0x08006a18   0x00000060   Code   RO         2864    .text.menu_1_dis    menu_1.o
    0x08006a78   0x08006a78   0x0000001e   Code   RO         2866    .text.menu_2_dis    menu_1.o
    0x08006a96   0x08006a96   0x00000002   PAD
    0x08006a98   0x08006a98   0x0000001e   Code   RO         2868    .text.menu_3_dis    menu_1.o
    0x08006ab6   0x08006ab6   0x00000002   PAD
    0x08006ab8   0x08006ab8   0x0000001e   Code   RO         2870    .text.menu_4_dis    menu_1.o
    0x08006ad6   0x08006ad6   0x00000002   PAD
    0x08006ad8   0x08006ad8   0x00000008   Code   RO         2862    .text.menu_init     menu_1.o
    0x08006ae0   0x08006ae0   0x0000010e   Code   RO         2856    .text.menu_key_press_handle  menu_1.o
    0x08006bee   0x08006bee   0x00000002   PAD
    0x08006bf0   0x08006bf0   0x00000034   Code   RO         2860    .text.menu_task     menu_1.o
    0x08006c24   0x08006c24   0x0000013a   Code   RO         1038    .text.nvic_irq_enable  gd32f30x_misc.o
    0x08006d5e   0x08006d5e   0x00000002   PAD
    0x08006d60   0x08006d60   0x00000020   Code   RO         1036    .text.nvic_priority_group_set  gd32f30x_misc.o
    0x08006d80   0x08006d80   0x00000008   Code   RO         3052    .text.os_enter_critical  os_port.o
    0x08006d88   0x08006d88   0x00000008   Code   RO         3056    .text.os_exit_critical  os_port.o
    0x08006d90   0x08006d90   0x00000022   Code   RO         3058    .text.os_free       os_port.o
    0x08006db2   0x08006db2   0x00000002   PAD
    0x08006db4   0x08006db4   0x00000014   Code   RO         3060    .text.os_malloc     os_port.o
    0x08006dc8   0x08006dc8   0x00000008   Code   RO         3054    .text.os_sart_scheduler  os_port.o
    0x08006dd0   0x08006dd0   0x0000001e   Code   RO         3022    .text.os_sem_create  os_port.o
    0x08006dee   0x08006dee   0x00000002   PAD
    0x08006df0   0x08006df0   0x00000020   Code   RO         3034    .text.os_sem_release  os_port.o
    0x08006e10   0x08006e10   0x00000020   Code   RO         3036    .text.os_sem_release_from_isr  os_port.o
    0x08006e30   0x08006e30   0x0000003c   Code   RO         3030    .text.os_sem_take   os_port.o
    0x08006e6c   0x08006e6c   0x00000076   Code   RO         3008    .text.os_task_create  os_port.o
    0x08006ee2   0x08006ee2   0x00000002   PAD
    0x08006ee4   0x08006ee4   0x00000014   Code   RO         3004    .text.os_task_sleep  os_port.o
    0x08006ef8   0x08006ef8   0x00000008   Code   RO         3002    .text.os_tick_ms_get  os_port.o
    0x08006f00   0x08006f00   0x00000012   Code   RO         1090    .text.pmu_backup_write_enable  gd32f30x_pmu.o
    0x08006f12   0x08006f12   0x00000002   PAD
    0x08006f14   0x08006f14   0x00000162   Code   RO         1086    .text.pmu_to_deepsleepmode  gd32f30x_pmu.o
    0x08007076   0x08007076   0x00000002   PAD
    0x08007078   0x08007078   0x00000136   Code   RO         2177    .text.prvAddCurrentTaskToDelayedList  tasks.o
    0x080071ae   0x080071ae   0x00000002   PAD
    0x080071b0   0x080071b0   0x0000016e   Code   RO         2165    .text.prvAddNewTaskToReadyList  tasks.o
    0x0800731e   0x0800731e   0x00000002   PAD
    0x08007320   0x08007320   0x00000096   Code   RO         2326    .text.prvCheckForValidListAndQueue  timers.o
    0x080073b6   0x080073b6   0x00000002   PAD
    0x080073b8   0x080073b8   0x00000072   Code   RO         2211    .text.prvCheckTasksWaitingTermination  tasks.o
    0x0800742a   0x0800742a   0x00000002   PAD
    0x0800742c   0x0800742c   0x00000054   Code   RO         2048    .text.prvCopyDataFromQueue  queue.o
    0x08007480   0x08007480   0x000000fe   Code   RO         2036    .text.prvCopyDataToQueue  queue.o
    0x0800757e   0x0800757e   0x00000002   PAD
    0x08007580   0x08007580   0x000000a2   Code   RO         2207    .text.prvCreateIdleTasks  tasks.o
    0x08007622   0x08007622   0x00000002   PAD
    0x08007624   0x08007624   0x000000a4   Code   RO         2163    .text.prvCreateTask  tasks.o
    0x080076c8   0x080076c8   0x0000001c   Code   RO         2171    .text.prvDeleteTCB  tasks.o
    0x080076e4   0x080076e4   0x0000002c   Code   RO         2052    .text.prvGetDisinheritPriorityAfterTimeout  queue.o
    0x08007710   0x08007710   0x00000046   Code   RO         2364    .text.prvGetNextExpireTime  timers.o
    0x08007756   0x08007756   0x00000002   PAD
    0x08007758   0x08007758   0x000000ac   Code   RO         2398    .text.prvHeapInit   heap_4.o
    0x08007804   0x08007804   0x00000040   Code   RO         2291    .text.prvIdleTask   tasks.o
    0x08007844   0x08007844   0x00000064   Code   RO         2020    .text.prvInitialiseNewQueue  queue.o
    0x080078a8   0x080078a8   0x0000014c   Code   RO         2287    .text.prvInitialiseNewTask  tasks.o
    0x080079f4   0x080079f4   0x00000092   Code   RO         2289    .text.prvInitialiseTaskLists  tasks.o
    0x08007a86   0x08007a86   0x00000002   PAD
    0x08007a88   0x08007a88   0x00000130   Code   RO         2402    .text.prvInsertBlockIntoFreeList  heap_4.o
    0x08007bb8   0x08007bb8   0x0000009a   Code   RO         2378    .text.prvInsertTimerInActiveList  timers.o
    0x08007c52   0x08007c52   0x00000002   PAD
    0x08007c54   0x08007c54   0x0000002e   Code   RO         2050    .text.prvIsQueueEmpty  queue.o
    0x08007c82   0x08007c82   0x00000002   PAD
    0x08007c84   0x08007c84   0x00000032   Code   RO         2038    .text.prvIsQueueFull  queue.o
    0x08007cb6   0x08007cb6   0x00000002   PAD
    0x08007cb8   0x08007cb8   0x00000028   Code   RO         2445    .text.prvPortStartFirstTask  port.o
    0x08007ce0   0x08007ce0   0x0000005e   Code   RO         2372    .text.prvProcessExpiredTimer  timers.o
    0x08007d3e   0x08007d3e   0x00000002   PAD
    0x08007d40   0x08007d40   0x00000168   Code   RO         2368    .text.prvProcessReceivedCommands  timers.o
    0x08007ea8   0x08007ea8   0x000000b2   Code   RO         2366    .text.prvProcessTimerOrBlockTask  timers.o
    0x08007f5a   0x08007f5a   0x00000002   PAD
    0x08007f5c   0x08007f5c   0x0000004e   Code   RO         2376    .text.prvReloadTimer  timers.o
    0x08007faa   0x08007faa   0x00000002   PAD
    0x08007fac   0x08007fac   0x0000003e   Code   RO         2169    .text.prvResetNextTaskUnblockTime  tasks.o
    0x08007fea   0x08007fea   0x00000002   PAD
    0x08007fec   0x08007fec   0x0000004c   Code   RO         2370    .text.prvSampleTimeNow  timers.o
    0x08008038   0x08008038   0x00000054   Code   RO         2374    .text.prvSwitchTimerLists  timers.o
    0x0800808c   0x0800808c   0x00000050   Code   RO         2433    .text.prvTaskExitError  port.o
    0x080080dc   0x080080dc   0x00000022   Code   RO         2328    .text.prvTimerTask  timers.o
    0x080080fe   0x080080fe   0x00000002   PAD
    0x08008100   0x08008100   0x000000ba   Code   RO         2040    .text.prvUnlockQueue  queue.o
    0x080081ba   0x080081ba   0x00000002   PAD
    0x080081bc   0x080081bc   0x00000330   Code   RO         2396    .text.pvPortMalloc  heap_4.o
    0x080084ec   0x080084ec   0x00000026   Code   RO         2269    .text.pvTaskIncrementMutexHeldCount  tasks.o
    0x08008512   0x08008512   0x00000002   PAD
    0x08008514   0x08008514   0x00000070   Code   RO         2431    .text.pxPortInitialiseStack  port.o
    0x08008584   0x08008584   0x0000016c   Code   RO         3074    .text.queue_create  my_queue.o
    0x080086f0   0x080086f0   0x00000034   Code   RO         3082    .text.queue_is_empty  my_queue.o
    0x08008724   0x08008724   0x00000080   Code   RO         3080    .text.queue_pop     my_queue.o
    0x080087a4   0x080087a4   0x0000008e   Code   RO         3076    .text.queue_push    my_queue.o
    0x08008832   0x08008832   0x00000002   PAD
    0x08008834   0x08008834   0x000000be   Code   RO         3078    .text.queue_push_len  my_queue.o
    0x080088f2   0x080088f2   0x00000002   PAD
    0x080088f4   0x080088f4   0x00000012   Code   RO         1127    .text.rcu_bkp_reset_disable  gd32f30x_rcu.o
    0x08008906   0x08008906   0x00000002   PAD
    0x08008908   0x08008908   0x00000012   Code   RO         1125    .text.rcu_bkp_reset_enable  gd32f30x_rcu.o
    0x0800891a   0x0800891a   0x00000002   PAD
    0x0800891c   0x0800891c   0x00000262   Code   RO         1185    .text.rcu_clock_freq_get  gd32f30x_rcu.o
    0x08008b7e   0x08008b7e   0x00000002   PAD
    0x08008b80   0x08008b80   0x00000046   Code   RO         1167    .text.rcu_flag_get  gd32f30x_rcu.o
    0x08008bc6   0x08008bc6   0x00000002   PAD
    0x08008bc8   0x08008bc8   0x00000030   Code   RO         1169    .text.rcu_osci_on   gd32f30x_rcu.o
    0x08008bf8   0x08008bf8   0x00000326   Code   RO         1111    .text.rcu_osci_stab_wait  gd32f30x_rcu.o
    0x08008f1e   0x08008f1e   0x00000002   PAD
    0x08008f20   0x08008f20   0x00000030   Code   RO         1113    .text.rcu_periph_clock_enable  gd32f30x_rcu.o
    0x08008f50   0x08008f50   0x00000030   Code   RO         1123    .text.rcu_periph_reset_disable  gd32f30x_rcu.o
    0x08008f80   0x08008f80   0x00000030   Code   RO         1121    .text.rcu_periph_reset_enable  gd32f30x_rcu.o
    0x08008fb0   0x08008fb0   0x00000028   Code   RO         1157    .text.rcu_rtc_clock_config  gd32f30x_rcu.o
    0x08008fd8   0x08008fd8   0x00000028   Code   RO         1129    .text.rcu_system_clock_source_config  gd32f30x_rcu.o
    0x08009000   0x08009000   0x00000010   Code   RO         1131    .text.rcu_system_clock_source_get  gd32f30x_rcu.o
    0x08009010   0x08009010   0x00000028   Code   RO         1155    .text.rcu_usb_clock_config  gd32f30x_rcu.o
    0x08009038   0x08009038   0x00000046   Code   RO         2809    .text.read_gps      gps.o
    0x0800907e   0x0800907e   0x00000002   PAD
    0x08009080   0x08009080   0x0000005a   Code   RO           55    .text.resume_mcu_clk  gd32f30x_it.o
    0x080090da   0x080090da   0x00000002   PAD
    0x080090dc   0x080090dc   0x00000044   Code   RO         2969    .text.rfid_si522_gpio_init  rfid_si522_driver.o
    0x08009120   0x08009120   0x00000056   Code   RO         2933    .text.rfid_si522_i2c_init  rfid_si522_driver.o
    0x08009176   0x08009176   0x00000002   PAD
    0x08009178   0x08009178   0x0000007c   Code   RO         2967    .text.rfid_si522_init  rfid_si522_driver.o
    0x080091f4   0x080091f4   0x00000180   Code   RO         2971    .text.rfid_si522_reset  rfid_si522_driver.o
    0x08009374   0x08009374   0x000000a4   Code   RO         2923    .text.rfid_task     rfid_1.o
    0x08009418   0x08009418   0x0000063c   Code   RO         2821    .text.rmc_data_parser  gps.o
    0x08009a54   0x08009a54   0x00000062   Code   RO         2594    .text.rtc_configuration  rtc_driver.o
    0x08009ab6   0x08009ab6   0x00000002   PAD
    0x08009ab8   0x08009ab8   0x00000012   Code   RO         1211    .text.rtc_configuration_mode_enter  gd32f30x_rtc.o
    0x08009aca   0x08009aca   0x00000002   PAD
    0x08009acc   0x08009acc   0x00000012   Code   RO         1213    .text.rtc_configuration_mode_exit  gd32f30x_rtc.o
    0x08009ade   0x08009ade   0x00000002   PAD
    0x08009ae0   0x08009ae0   0x0000002a   Code   RO         1219    .text.rtc_counter_get  gd32f30x_rtc.o
    0x08009b0a   0x08009b0a   0x00000002   PAD
    0x08009b0c   0x08009b0c   0x00000032   Code   RO         1221    .text.rtc_counter_set  gd32f30x_rtc.o
    0x08009b3e   0x08009b3e   0x00000002   PAD
    0x08009b40   0x08009b40   0x000000a8   Code   RO         2747    .text.rtc_device_create  rtc_device.o
    0x08009be8   0x08009be8   0x00000072   Code   RO         2757    .text.rtc_device_ctrl  rtc_device.o
    0x08009c5a   0x08009c5a   0x00000002   PAD
    0x08009c5c   0x08009c5c   0x0000000e   Code   RO         2751    .text.rtc_device_deinit  rtc_device.o
    0x08009c6a   0x08009c6a   0x00000002   PAD
    0x08009c6c   0x08009c6c   0x00000016   Code   RO         2745    .text.rtc_device_get  rtc_device.o
    0x08009c82   0x08009c82   0x00000002   PAD
    0x08009c84   0x08009c84   0x00000034   Code   RO         2749    .text.rtc_device_init  rtc_device.o
    0x08009cb8   0x08009cb8   0x00000068   Code   RO         2753    .text.rtc_device_read  rtc_device.o
    0x08009d20   0x08009d20   0x00000066   Code   RO         2755    .text.rtc_device_write  rtc_device.o
    0x08009d86   0x08009d86   0x00000002   PAD
    0x08009d88   0x08009d88   0x0000001e   Code   RO         1231    .text.rtc_flag_clear  gd32f30x_rtc.o
    0x08009da6   0x08009da6   0x00000002   PAD
    0x08009da8   0x08009da8   0x00000032   Code   RO         1229    .text.rtc_flag_get  gd32f30x_rtc.o
    0x08009dda   0x08009dda   0x00000002   PAD
    0x08009ddc   0x08009ddc   0x0000001c   Code   RO         1207    .text.rtc_interrupt_enable  gd32f30x_rtc.o
    0x08009df8   0x08009df8   0x00000018   Code   RO         1215    .text.rtc_lwoff_wait  gd32f30x_rtc.o
    0x08009e10   0x08009e10   0x00000034   Code   RO         1223    .text.rtc_prescaler_set  gd32f30x_rtc.o
    0x08009e44   0x08009e44   0x00000028   Code   RO         1217    .text.rtc_register_sync_wait  gd32f30x_rtc.o
    0x08009e6c   0x08009e6c   0x0000008e   Code   RO         1857    .text.serial_string_get  usbd_enum.o
    0x08009efa   0x08009efa   0x00000002   PAD
    0x08009efc   0x08009efc   0x00000036   Code   RO         2973    .text.si522_antenna_on  rfid_si522_driver.o
    0x08009f32   0x08009f32   0x00000002   PAD
    0x08009f34   0x08009f34   0x0000003e   Code   RO         2939    .text.si522_read_reg  rfid_si522_driver.o
    0x08009f72   0x08009f72   0x00000002   PAD
    0x08009f74   0x08009f74   0x00000040   Code   RO         2941    .text.si522_write_reg  rfid_si522_driver.o
    0x08009fb4   0x08009fb4   0x0000005c   Code   RO         2530    .text.spi0_gpio_init  w25qxx_driver.o
    0x0800a010   0x0800a010   0x000000dc   Code   RO         2504    .text.spi0_write_read  w25qxx_driver.o
    0x0800a0ec   0x0800a0ec   0x000000ca   Code   RO         2704    .text.spi_device_create  spi_device.o
    0x0800a1b6   0x0800a1b6   0x00000002   PAD
    0x0800a1b8   0x0800a1b8   0x0000000e   Code   RO         2708    .text.spi_device_deinit  spi_device.o
    0x0800a1c6   0x0800a1c6   0x00000002   PAD
    0x0800a1c8   0x0800a1c8   0x00000016   Code   RO         2702    .text.spi_device_get  spi_device.o
    0x0800a1de   0x0800a1de   0x00000002   PAD
    0x0800a1e0   0x0800a1e0   0x0000003c   Code   RO         2706    .text.spi_device_init  spi_device.o
    0x0800a21c   0x0800a21c   0x00000054   Code   RO         2710    .text.spi_device_read  spi_device.o
    0x0800a270   0x0800a270   0x00000054   Code   RO         2712    .text.spi_device_write  spi_device.o
    0x0800a2c4   0x0800a2c4   0x00000016   Code   RO         1347    .text.spi_enable    gd32f30x_spi.o
    0x0800a2da   0x0800a2da   0x00000002   PAD
    0x0800a2dc   0x0800a2dc   0x00000012   Code   RO         1375    .text.spi_i2s_data_receive  gd32f30x_spi.o
    0x0800a2ee   0x0800a2ee   0x00000002   PAD
    0x0800a2f0   0x0800a2f0   0x0000001c   Code   RO         1373    .text.spi_i2s_data_transmit  gd32f30x_spi.o
    0x0800a30c   0x0800a30c   0x00000032   Code   RO         1421    .text.spi_i2s_flag_get  gd32f30x_spi.o
    0x0800a33e   0x0800a33e   0x00000002   PAD
    0x0800a340   0x0800a340   0x0000007a   Code   RO         1345    .text.spi_init      gd32f30x_spi.o
    0x0800a3ba   0x0800a3ba   0x00000002   PAD
    0x0800a3bc   0x0800a3bc   0x000001b6   Code   RO           27    .text.system_clock_120m_hxtal  system_gd32f30x.o
    0x0800a572   0x0800a572   0x00000002   PAD
    0x0800a574   0x0800a574   0x00000008   Code   RO           23    .text.system_clock_config  system_gd32f30x.o
    0x0800a57c   0x0800a57c   0x0000003c   Code   RO           69    .text.systick_config  systick.o
    0x0800a5b8   0x0800a5b8   0x00000118   Code   RO            2    .text.test_task     main.o
    0x0800a6d0   0x0800a6d0   0x00000190   Code   RO         3134    .text.time_to_timestamp  common_utils.o
    0x0800a860   0x0800a860   0x00000016   Code   RO         1441    .text.timer_auto_reload_shadow_enable  gd32f30x_timer.o
    0x0800a876   0x0800a876   0x00000002   PAD
    0x0800a878   0x0800a878   0x00000016   Code   RO         1439    .text.timer_disable  gd32f30x_timer.o
    0x0800a88e   0x0800a88e   0x00000002   PAD
    0x0800a890   0x0800a890   0x00000016   Code   RO         1437    .text.timer_enable  gd32f30x_timer.o
    0x0800a8a6   0x0800a8a6   0x00000002   PAD
    0x0800a8a8   0x0800a8a8   0x0000010c   Code   RO         1435    .text.timer_init    gd32f30x_timer.o
    0x0800a9b4   0x0800a9b4   0x00000020   Code   RO         1473    .text.timer_interrupt_disable  gd32f30x_timer.o
    0x0800a9d4   0x0800a9d4   0x00000020   Code   RO         1471    .text.timer_interrupt_enable  gd32f30x_timer.o
    0x0800a9f4   0x0800a9f4   0x0000001a   Code   RO         1477    .text.timer_interrupt_flag_clear  gd32f30x_timer.o
    0x0800aa0e   0x0800aa0e   0x00000002   PAD
    0x0800aa10   0x0800aa10   0x00000044   Code   RO         1475    .text.timer_interrupt_flag_get  gd32f30x_timer.o
    0x0800aa54   0x0800aa54   0x000001b2   Code   RO         3138    .text.timestamp_to_time  common_utils.o
    0x0800ac06   0x0800ac06   0x00000002   PAD
    0x0800ac08   0x0800ac08   0x00000024   Code   RO         2638    .text.uart_device_control  uart_device.o
    0x0800ac2c   0x0800ac2c   0x000000ca   Code   RO         2644    .text.uart_device_create  uart_device.o
    0x0800acf6   0x0800acf6   0x00000002   PAD
    0x0800acf8   0x0800acf8   0x00000040   Code   RO         2636    .text.uart_device_deinit  uart_device.o
    0x0800ad38   0x0800ad38   0x00000070   Code   RO         2632    .text.uart_device_get  uart_device.o
    0x0800ada8   0x0800ada8   0x0000001e   Code   RO         2630    .text.uart_device_get_by_id  uart_device.o
    0x0800adc6   0x0800adc6   0x00000002   PAD
    0x0800adc8   0x0800adc8   0x000002cc   Code   RO         2634    .text.uart_device_init  uart_device.o
    0x0800b094   0x0800b094   0x000000f4   Code   RO         2642    .text.uart_device_read  uart_device.o
    0x0800b188   0x0800b188   0x0000019a   Code   RO         2640    .text.uart_device_write  uart_device.o
    0x0800b322   0x0800b322   0x00000002   PAD
    0x0800b324   0x0800b324   0x000000d4   Code   RO         2658    .text.uart_irq_handler  uart_device.o
    0x0800b3f8   0x0800b3f8   0x000000d2   Code   RO         1583    .text.usart_baudrate_set  gd32f30x_usart.o
    0x0800b4ca   0x0800b4ca   0x00000002   PAD
    0x0800b4cc   0x0800b4cc   0x00000014   Code   RO         1611    .text.usart_data_receive  gd32f30x_usart.o
    0x0800b4e0   0x0800b4e0   0x00000020   Code   RO         1609    .text.usart_data_transmit  gd32f30x_usart.o
    0x0800b500   0x0800b500   0x000000bc   Code   RO         1581    .text.usart_deinit  gd32f30x_usart.o
    0x0800b5bc   0x0800b5bc   0x00000016   Code   RO         1593    .text.usart_disable  gd32f30x_usart.o
    0x0800b5d2   0x0800b5d2   0x00000002   PAD
    0x0800b5d4   0x0800b5d4   0x00000032   Code   RO         1665    .text.usart_dma_receive_config  gd32f30x_usart.o
    0x0800b606   0x0800b606   0x00000002   PAD
    0x0800b608   0x0800b608   0x00000032   Code   RO         1667    .text.usart_dma_transmit_config  gd32f30x_usart.o
    0x0800b63a   0x0800b63a   0x00000002   PAD
    0x0800b63c   0x0800b63c   0x00000016   Code   RO         1591    .text.usart_enable  gd32f30x_usart.o
    0x0800b652   0x0800b652   0x00000002   PAD
    0x0800b654   0x0800b654   0x00000030   Code   RO         1671    .text.usart_flag_clear  gd32f30x_usart.o
    0x0800b684   0x0800b684   0x00000048   Code   RO         1669    .text.usart_flag_get  gd32f30x_usart.o
    0x0800b6cc   0x0800b6cc   0x0000002c   Code   RO         1679    .text.usart_interrupt_flag_clear  gd32f30x_usart.o
    0x0800b6f8   0x0800b6f8   0x0000006e   Code   RO         1677    .text.usart_interrupt_flag_get  gd32f30x_usart.o
    0x0800b766   0x0800b766   0x00000002   PAD
    0x0800b768   0x0800b768   0x0000002a   Code   RO         1585    .text.usart_parity_config  gd32f30x_usart.o
    0x0800b792   0x0800b792   0x00000002   PAD
    0x0800b794   0x0800b794   0x0000002e   Code   RO         1597    .text.usart_receive_config  gd32f30x_usart.o
    0x0800b7c2   0x0800b7c2   0x00000002   PAD
    0x0800b7c4   0x0800b7c4   0x0000002a   Code   RO         1589    .text.usart_stop_bit_set  gd32f30x_usart.o
    0x0800b7ee   0x0800b7ee   0x00000002   PAD
    0x0800b7f0   0x0800b7f0   0x0000002e   Code   RO         1595    .text.usart_transmit_config  gd32f30x_usart.o
    0x0800b81e   0x0800b81e   0x00000002   PAD
    0x0800b820   0x0800b820   0x0000002a   Code   RO         1587    .text.usart_word_length_set  gd32f30x_usart.o
    0x0800b84a   0x0800b84a   0x00000002   PAD
    0x0800b84c   0x0800b84c   0x0000011a   Code   RO         2990    .text.usb_app_task  usb_app.o
    0x0800b966   0x0800b966   0x00000002   PAD
    0x0800b968   0x0800b968   0x00000150   Code   RO         1711    .text.usb_basic_init  drv_usb_core.o
    0x0800bab8   0x0800bab8   0x00000036   Code   RO         1763    .text.usb_clock_active  drv_usb_dev.o
    0x0800baee   0x0800baee   0x00000002   PAD
    0x0800baf0   0x0800baf0   0x000000bc   Code   RO         1713    .text.usb_core_init  drv_usb_core.o
    0x0800bbac   0x0800bbac   0x00000032   Code   RO         1715    .text.usb_core_reset  drv_usb_core.o
    0x0800bbde   0x0800bbde   0x00000002   PAD
    0x0800bbe0   0x0800bbe0   0x00000018   Code   RO         1759    .text.usb_ctlep_startout  drv_usb_dev.o
    0x0800bbf8   0x0800bbf8   0x00000054   Code   RO         1727    .text.usb_curmode_set  drv_usb_core.o
    0x0800bc4c   0x0800bc4c   0x00000018   Code   RO         1834    .text.usb_dev_connect  usbd_core.o
    0x0800bc64   0x0800bc64   0x00000018   Code   RO         1836    .text.usb_dev_disconnect  usbd_core.o
    0x0800bc7c   0x0800bc7c   0x00000032   Code   RO         1885    .text.usb_devaddr_set  usbd_enum.o
    0x0800bcae   0x0800bcae   0x00000002   PAD
    0x0800bcb0   0x0800bcb0   0x000001c4   Code   RO         1737    .text.usb_devcore_init  drv_usb_dev.o
    0x0800be74   0x0800be74   0x00000020   Code   RO         2681    .text.usb_device_control  usb_device.o
    0x0800be94   0x0800be94   0x0000009a   Code   RO         2675    .text.usb_device_create  usb_device.o
    0x0800bf2e   0x0800bf2e   0x00000002   PAD
    0x0800bf30   0x0800bf30   0x0000000e   Code   RO         2679    .text.usb_device_deinit  usb_device.o
    0x0800bf3e   0x0800bf3e   0x00000002   PAD
    0x0800bf40   0x0800bf40   0x00000016   Code   RO         2673    .text.usb_device_get  usb_device.o
    0x0800bf56   0x0800bf56   0x00000002   PAD
    0x0800bf58   0x0800bf58   0x000000c4   Code   RO         2677    .text.usb_device_init  usb_device.o
    0x0800c01c   0x0800c01c   0x000000a0   Code   RO         2683    .text.usb_device_read  usb_device.o
    0x0800c0bc   0x0800c0bc   0x00000036   Code   RO         2685    .text.usb_device_write  usb_device.o
    0x0800c0f2   0x0800c0f2   0x00000002   PAD
    0x0800c0f4   0x0800c0f4   0x0000005a   Code   RO         1741    .text.usb_devint_enable  drv_usb_dev.o
    0x0800c14e   0x0800c14e   0x00000002   PAD
    0x0800c150   0x0800c150   0x00000018   Code   RO         1812    .text.usb_globalint_disable  usbd_core.o
    0x0800c168   0x0800c168   0x00000018   Code   RO         1816    .text.usb_globalint_enable  usbd_core.o
    0x0800c180   0x0800c180   0x00000020   Code   RO           91    .text.usb_gpio_config  gd32f30x_hw.o
    0x0800c1a0   0x0800c1a0   0x00000026   Code   RO         1797    .text.usb_iepintnum_read  drv_usbd_int.o
    0x0800c1c6   0x0800c1c6   0x00000002   PAD
    0x0800c1c8   0x0800c1c8   0x00000052   Code   RO         1757    .text.usb_iepintr_read  drv_usb_dev.o
    0x0800c21a   0x0800c21a   0x00000002   PAD
    0x0800c21c   0x0800c21c   0x0000000e   Code   RO           93    .text.usb_intr_config  gd32f30x_hw.o
    0x0800c22a   0x0800c22a   0x00000002   PAD
    0x0800c22c   0x0800c22c   0x00000018   Code   RO          101    .text.usb_mdelay    gd32f30x_hw.o
    0x0800c244   0x0800c244   0x00000026   Code   RO         1793    .text.usb_oepintnum_read  drv_usbd_int.o
    0x0800c26a   0x0800c26a   0x00000002   PAD
    0x0800c26c   0x0800c26c   0x00000032   Code   RO         1795    .text.usb_oepintr_read  drv_usbd_int.o
    0x0800c29e   0x0800c29e   0x00000002   PAD
    0x0800c2a0   0x0800c2a0   0x000000dc   Code   RO           87    .text.usb_rcu_config  gd32f30x_hw.o
    0x0800c37c   0x0800c37c   0x00000030   Code   RO         1723    .text.usb_rxfifo_flush  drv_usb_core.o
    0x0800c3ac   0x0800c3ac   0x00000050   Code   RO         1719    .text.usb_rxfifo_read  drv_usb_core.o
    0x0800c3fc   0x0800c3fc   0x00000044   Code   RO         2687    .text.usb_sem_rx_release  usb_device.o
    0x0800c440   0x0800c440   0x00000044   Code   RO         2689    .text.usb_sem_tx_release  usb_device.o
    0x0800c484   0x0800c484   0x0000001e   Code   RO         1739    .text.usb_set_rxfifo  drv_usb_dev.o
    0x0800c4a2   0x0800c4a2   0x00000002   PAD
    0x0800c4a4   0x0800c4a4   0x000000ae   Code   RO         1725    .text.usb_set_txfifo  drv_usb_core.o
    0x0800c552   0x0800c552   0x00000002   PAD
    0x0800c554   0x0800c554   0x00000016   Code   RO           95    .text.usb_timer_init  gd32f30x_hw.o
    0x0800c56a   0x0800c56a   0x00000002   PAD
    0x0800c56c   0x0800c56c   0x00000056   Code   RO          103    .text.usb_timer_irq  gd32f30x_hw.o
    0x0800c5c2   0x0800c5c2   0x00000002   PAD
    0x0800c5c4   0x0800c5c4   0x000000f0   Code   RO         1745    .text.usb_transc_active  drv_usb_dev.o
    0x0800c6b4   0x0800c6b4   0x0000007a   Code   RO         1755    .text.usb_transc_clrstall  drv_usb_dev.o
    0x0800c72e   0x0800c72e   0x00000002   PAD
    0x0800c730   0x0800c730   0x00000084   Code   RO         1747    .text.usb_transc_deactivate  drv_usb_dev.o
    0x0800c7b4   0x0800c7b4   0x00000182   Code   RO         1749    .text.usb_transc_inxfer  drv_usb_dev.o
    0x0800c936   0x0800c936   0x00000002   PAD
    0x0800c938   0x0800c938   0x000000f4   Code   RO         1751    .text.usb_transc_outxfer  drv_usb_dev.o
    0x0800ca2c   0x0800ca2c   0x00000072   Code   RO         1753    .text.usb_transc_stall  drv_usb_dev.o
    0x0800ca9e   0x0800ca9e   0x00000002   PAD
    0x0800caa0   0x0800caa0   0x0000003e   Code   RO         1721    .text.usb_txfifo_flush  drv_usb_core.o
    0x0800cade   0x0800cade   0x00000002   PAD
    0x0800cae0   0x0800cae0   0x00000060   Code   RO         1717    .text.usb_txfifo_write  drv_usb_core.o
    0x0800cb40   0x0800cb40   0x00000018   Code   RO           97    .text.usb_udelay    gd32f30x_hw.o
    0x0800cb58   0x0800cb58   0x00000020   Code   RO         1883    .text.usbd_addr_set  usbd_enum.o
    0x0800cb78   0x0800cb78   0x00000050   Code   RO         1849    .text.usbd_class_request  usbd_enum.o
    0x0800cbc8   0x0800cbc8   0x0000001a   Code   RO         1818    .text.usbd_connect  usbd_core.o
    0x0800cbe2   0x0800cbe2   0x00000002   PAD
    0x0800cbe4   0x0800cbe4   0x00000052   Code   RO         1909    .text.usbd_ctl_recev  usbd_transc.o
    0x0800cc36   0x0800cc36   0x00000002   PAD
    0x0800cc38   0x0800cc38   0x00000050   Code   RO         1907    .text.usbd_ctl_send  usbd_transc.o
    0x0800cc88   0x0800cc88   0x00000030   Code   RO         1913    .text.usbd_ctl_status_recev  usbd_transc.o
    0x0800ccb8   0x0800ccb8   0x00000030   Code   RO         1911    .text.usbd_ctl_status_send  usbd_transc.o
    0x0800cce8   0x0800cce8   0x0000001a   Code   RO         1814    .text.usbd_disconnect  usbd_core.o
    0x0800cd02   0x0800cd02   0x00000002   PAD
    0x0800cd04   0x0800cd04   0x000000f8   Code   RO         1799    .text.usbd_emptytxfifo_write  drv_usbd_int.o
    0x0800cdfc   0x0800cdfc   0x00000034   Code   RO         1853    .text.usbd_enum_error  usbd_enum.o
    0x0800ce30   0x0800ce30   0x00000060   Code   RO         1822    .text.usbd_ep_clear  usbd_core.o
    0x0800ce90   0x0800ce90   0x00000062   Code   RO         1824    .text.usbd_ep_recev  usbd_core.o
    0x0800cef2   0x0800cef2   0x00000002   PAD
    0x0800cef4   0x0800cef4   0x00000060   Code   RO         1826    .text.usbd_ep_send  usbd_core.o
    0x0800cf54   0x0800cf54   0x000000ba   Code   RO         1820    .text.usbd_ep_setup  usbd_core.o
    0x0800d00e   0x0800d00e   0x00000002   PAD
    0x0800d010   0x0800d010   0x00000068   Code   RO         1828    .text.usbd_ep_stall  usbd_core.o
    0x0800d078   0x0800d078   0x0000006c   Code   RO         1830    .text.usbd_ep_stall_clear  usbd_core.o
    0x0800d0e4   0x0800d0e4   0x000000ee   Code   RO         1919    .text.usbd_in_transc  usbd_transc.o
    0x0800d1d2   0x0800d1d2   0x00000002   PAD
    0x0800d1d4   0x0800d1d4   0x000000bc   Code   RO         1810    .text.usbd_init     usbd_core.o
    0x0800d290   0x0800d290   0x00000086   Code   RO         1791    .text.usbd_int_enumfinish  drv_usbd_int.o
    0x0800d316   0x0800d316   0x00000002   PAD
    0x0800d318   0x0800d318   0x000000ac   Code   RO         1783    .text.usbd_int_epin  drv_usbd_int.o
    0x0800d3c4   0x0800d3c4   0x000000aa   Code   RO         1781    .text.usbd_int_epout  drv_usbd_int.o
    0x0800d46e   0x0800d46e   0x00000002   PAD
    0x0800d470   0x0800d470   0x0000015e   Code   RO         1789    .text.usbd_int_reset  drv_usbd_int.o
    0x0800d5ce   0x0800d5ce   0x00000002   PAD
    0x0800d5d0   0x0800d5d0   0x00000114   Code   RO         1787    .text.usbd_int_rxfifo  drv_usbd_int.o
    0x0800d6e4   0x0800d6e4   0x00000090   Code   RO         1785    .text.usbd_int_suspend  drv_usbd_int.o
    0x0800d774   0x0800d774   0x00000196   Code   RO         1779    .text.usbd_isr      drv_usbd_int.o
    0x0800d90a   0x0800d90a   0x00000002   PAD
    0x0800d90c   0x0800d90c   0x000000ca   Code   RO         1917    .text.usbd_out_transc  usbd_transc.o
    0x0800d9d6   0x0800d9d6   0x00000002   PAD
    0x0800d9d8   0x0800d9d8   0x000000be   Code   RO         1915    .text.usbd_setup_transc  usbd_transc.o
    0x0800da96   0x0800da96   0x00000002   PAD
    0x0800da98   0x0800da98   0x0000003a   Code   RO         1847    .text.usbd_standard_request  usbd_enum.o
    0x0800dad2   0x0800dad2   0x00000002   PAD
    0x0800dad4   0x0800dad4   0x00000014   Code   RO         1851    .text.usbd_vendor_request  usbd_enum.o
    0x0800dae8   0x0800dae8   0x000000a6   Code   RO         3140    .text.utc_to_bj_time  common_utils.o
    0x0800db8e   0x0800db8e   0x00000002   PAD
    0x0800db90   0x0800db90   0x0000004c   Code   RO         2006    .text.uxListRemove  list.o
    0x0800dbdc   0x0800dbdc   0x0000000c   Code   RO         2219    .text.uxTaskGetNumberOfTasks  tasks.o
    0x0800dbe8   0x0800dbe8   0x00000032   Code   RO         1998    .text.vListInitialise  list.o
    0x0800dc1a   0x0800dc1a   0x00000002   PAD
    0x0800dc1c   0x0800dc1c   0x00000012   Code   RO         2000    .text.vListInitialiseItem  list.o
    0x0800dc2e   0x0800dc2e   0x00000002   PAD
    0x0800dc30   0x0800dc30   0x00000074   Code   RO         2004    .text.vListInsert   list.o
    0x0800dca4   0x0800dca4   0x00000014   Code   RO         2443    .text.vPortEnableVFP  port.o
    0x0800dcb8   0x0800dcb8   0x00000058   Code   RO         2449    .text.vPortEnterCritical  port.o
    0x0800dd10   0x0800dd10   0x0000004e   Code   RO         2451    .text.vPortExitCritical  port.o
    0x0800dd5e   0x0800dd5e   0x00000002   PAD
    0x0800dd60   0x0800dd60   0x0000011c   Code   RO         2400    .text.vPortFree     heap_4.o
    0x0800de7c   0x0800de7c   0x0000004a   Code   RO         2441    .text.vPortSetupTimerInterrupt  port.o
    0x0800dec6   0x0800dec6   0x00000002   PAD
    0x0800dec8   0x0800dec8   0x00000084   Code   RO         2455    .text.vPortValidateInterruptPriority  port.o
    0x0800df4c   0x0800df4c   0x000000c8   Code   RO         2084    .text.vQueueAddToRegistry  queue.o
    0x0800e014   0x0800e014   0x00000080   Code   RO         2088    .text.vQueueWaitForMessageRestricted  queue.o
    0x0800e094   0x0800e094   0x0000007c   Code   RO         2181    .text.vTaskDelay    tasks.o
    0x0800e110   0x0800e110   0x00000028   Code   RO         2241    .text.vTaskInternalSetTimeOutState  tasks.o
    0x0800e138   0x0800e138   0x0000000e   Code   RO         2245    .text.vTaskMissedYield  tasks.o
    0x0800e146   0x0800e146   0x00000002   PAD
    0x0800e148   0x0800e148   0x0000004c   Code   RO         2229    .text.vTaskPlaceOnEventList  tasks.o
    0x0800e194   0x0800e194   0x00000094   Code   RO         2233    .text.vTaskPlaceOnEventListRestricted  tasks.o
    0x0800e228   0x0800e228   0x00000198   Code   RO         2265    .text.vTaskPriorityDisinheritAfterTimeout  tasks.o
    0x0800e3c0   0x0800e3c0   0x00000096   Code   RO         2205    .text.vTaskStartScheduler  tasks.o
    0x0800e456   0x0800e456   0x00000002   PAD
    0x0800e458   0x0800e458   0x00000010   Code   RO         2175    .text.vTaskSuspendAll  tasks.o
    0x0800e468   0x0800e468   0x000000d4   Code   RO         2197    .text.vTaskSwitchContext  tasks.o
    0x0800e53c   0x0800e53c   0x0000002e   Code   RO         2524    .text.w25qxx_erase_and_write_sector  w25qxx_driver.o
    0x0800e56a   0x0800e56a   0x00000002   PAD
    0x0800e56c   0x0800e56c   0x00000014   Code   RO         2528    .text.w25qxx_init   w25qxx_driver.o
    0x0800e580   0x0800e580   0x0000008e   Code   RO         2512    .text.w25qxx_page_program  w25qxx_driver.o
    0x0800e60e   0x0800e60e   0x00000002   PAD
    0x0800e610   0x0800e610   0x0000008a   Code   RO         2508    .text.w25qxx_read   w25qxx_driver.o
    0x0800e69a   0x0800e69a   0x00000002   PAD
    0x0800e69c   0x0800e69c   0x00000064   Code   RO         2514    .text.w25qxx_sector_erase  w25qxx_driver.o
    0x0800e700   0x0800e700   0x00000040   Code   RO         2502    .text.w25qxx_wait_busy  w25qxx_driver.o
    0x0800e740   0x0800e740   0x00000030   Code   RO         2510    .text.w25qxx_write_enable  w25qxx_driver.o
    0x0800e770   0x0800e770   0x00000058   Code   RO         2522    .text.w25qxx_write_sector_direct  w25qxx_driver.o
    0x0800e7c8   0x0800e7c8   0x00000244   Code   RO         2520    .text.w25qxx_write_with_erase  w25qxx_driver.o
    0x0800ea0c   0x0800ea0c   0x000001f6   Code   RO         2437    .text.xPortStartScheduler  port.o
    0x0800ec02   0x0800ec02   0x00000002   PAD
    0x0800ec04   0x0800ec04   0x0000006c   Code   RO         2034    .text.xQueueCreateCountingSemaphore  queue.o
    0x0800ec70   0x0800ec70   0x000000b0   Code   RO         2018    .text.xQueueGenericCreate  queue.o
    0x0800ed20   0x0800ed20   0x00000126   Code   RO         2016    .text.xQueueGenericReset  queue.o
    0x0800ee46   0x0800ee46   0x00000002   PAD
    0x0800ee48   0x0800ee48   0x0000027c   Code   RO         2028    .text.xQueueGenericSend  queue.o
    0x0800f0c4   0x0800f0c4   0x0000017c   Code   RO         2044    .text.xQueueGiveFromISR  queue.o
    0x0800f240   0x0800f240   0x0000022e   Code   RO         2046    .text.xQueueReceive  queue.o
    0x0800f46e   0x0800f46e   0x00000002   PAD
    0x0800f470   0x0800f470   0x00000266   Code   RO         2032    .text.xQueueSemaphoreTake  queue.o
    0x0800f6d6   0x0800f6d6   0x00000002   PAD
    0x0800f6d8   0x0800f6d8   0x000000e8   Code   RO         2243    .text.xTaskCheckForTimeOut  tasks.o
    0x0800f7c0   0x0800f7c0   0x00000072   Code   RO         2161    .text.xTaskCreate   tasks.o
    0x0800f832   0x0800f832   0x00000002   PAD
    0x0800f834   0x0800f834   0x0000003c   Code   RO         2259    .text.xTaskGetSchedulerState  tasks.o
    0x0800f870   0x0800f870   0x00000014   Code   RO         2215    .text.xTaskGetTickCount  tasks.o
    0x0800f884   0x0800f884   0x0000027e   Code   RO         2213    .text.xTaskIncrementTick  tasks.o
    0x0800fb02   0x0800fb02   0x00000002   PAD
    0x0800fb04   0x0800fb04   0x0000014c   Code   RO         2263    .text.xTaskPriorityDisinherit  tasks.o
    0x0800fc50   0x0800fc50   0x0000016c   Code   RO         2261    .text.xTaskPriorityInherit  tasks.o
    0x0800fdbc   0x0800fdbc   0x000001a6   Code   RO         2235    .text.xTaskRemoveFromEventList  tasks.o
    0x0800ff62   0x0800ff62   0x00000002   PAD
    0x0800ff64   0x0800ff64   0x00000262   Code   RO         2179    .text.xTaskResumeAll  tasks.o
    0x080101c6   0x080101c6   0x00000002   PAD
    0x080101c8   0x080101c8   0x00000070   Code   RO         2324    .text.xTimerCreateTimerTask  timers.o
    0x08010238   0x08010238   0x00000028   Code   RO         3333    i.__0sprintf        mc_w.l(printfa.o)
    0x08010260   0x08010260   0x0000002c   Code   RO         3336    i.__0vsnprintf      mc_w.l(printfa.o)
    0x0801028c   0x0801028c   0x00000008   Code   RO         3435    i.__aeabi_errno_addr  mc_w.l(errno.o)
    0x08010294   0x08010294   0x00000004   PAD
    0x08010298   0x08010298   0x00000038   Code   RO         3275    i.__hardfp_atof     m_wm.l(atof.o)
    0x080102d0   0x080102d0   0x00000118   Code   RO         3281    i.__hardfp_floor    m_wm.l(floor.o)
    0x080103e8   0x080103e8   0x0000007a   Code   RO         3287    i.__hardfp_sqrt     m_wm.l(sqrt.o)
    0x08010462   0x08010462   0x00000002   PAD
    0x08010464   0x08010464   0x0000000c   Code   RO         3436    i.__read_errno      mc_w.l(errno.o)
    0x08010470   0x08010470   0x0000000e   Code   RO         3520    i.__scatterload_copy  mc_w.l(handlers.o)
    0x0801047e   0x0801047e   0x00000002   Code   RO         3521    i.__scatterload_null  mc_w.l(handlers.o)
    0x08010480   0x08010480   0x0000000e   Code   RO         3522    i.__scatterload_zeroinit  mc_w.l(handlers.o)
    0x0801048e   0x0801048e   0x00000002   PAD
    0x08010490   0x08010490   0x0000000c   Code   RO         3437    i.__set_errno       mc_w.l(errno.o)
    0x0801049c   0x0801049c   0x00000184   Code   RO         3338    i._fp_digits        mc_w.l(printfa.o)
    0x08010620   0x08010620   0x0000000e   Code   RO         3450    i._is_digit         mc_w.l(scanf_fp.o)
    0x0801062e   0x0801062e   0x00000002   PAD
    0x08010630   0x08010630   0x000006dc   Code   RO         3339    i._printf_core      mc_w.l(printfa.o)
    0x08010d0c   0x08010d0c   0x00000024   Code   RO         3340    i._printf_post_padding  mc_w.l(printfa.o)
    0x08010d30   0x08010d30   0x0000002e   Code   RO         3341    i._printf_pre_padding  mc_w.l(printfa.o)
    0x08010d5e   0x08010d5e   0x00000016   Code   RO         3342    i._snputc           mc_w.l(printfa.o)
    0x08010d74   0x08010d74   0x0000000a   Code   RO         3343    i._sputc            mc_w.l(printfa.o)
    0x08010d7e   0x08010d7e   0x00000002   PAD
    0x08010d80   0x08010d80   0x0000006c   Code   RO         3359    i.malloc            mc_w.l(malloc.o)
    0x08010dec   0x08010dec   0x00000081   Data   RO         3479    .constdata          mc_w.l(ctype_o.o)
    0x08010e6d   0x08010e6d   0x00000003   PAD
    0x08010e70   0x08010e70   0x00000004   Data   RO         3480    .constdata          mc_w.l(ctype_o.o)
    0x08010e74   0x08010e74   0x00000014   Data   RO         2839    .rodata..L__const.gps_task.uart_cfg  gps.o
    0x08010e88   0x08010e88   0x00000018   Data   RO         2977    .rodata..L__const.rfid_si522_i2c_init.cfg  rfid_si522_driver.o
    0x08010ea0   0x08010ea0   0x00000006   Data   RO            9    .rodata..L__const.test_task.time  main.o
    0x08010ea6   0x08010ea6   0x00000004   Data   RO         1770    .rodata.EP0_MAXLEN  drv_usb_dev.o
    0x08010eaa   0x08010eaa   0x00000004   Data   RO         1801    .rodata.USB_SPEED   drv_usbd_int.o
    0x08010eae   0x08010eae   0x00000474   Data   RO         2910    .rodata.ascii_6x12  lcd_draw.o
    0x08011322   0x08011322   0x000005f0   Data   RO         2911    .rodata.ascii_8x16  lcd_draw.o
    0x08011912   0x08011912   0x00000043   Data   RO         1948    .rodata.cdc_config_desc  cdc_acm_core.o
    0x08011955   0x08011955   0x00000001   PAD
    0x08011956   0x08011956   0x00000012   Data   RO         1947    .rodata.cdc_dev_desc  cdc_acm_core.o
    0x08011968   0x08011968   0x00000004   Data   RO         2993    .rodata.cst4        usb_app.o
    0x0801196c   0x0801196c   0x00000010   Data   RO         1838    .rodata.ep_type     usbd_core.o
    0x0801197c   0x0801197c   0x00000102   Data   RO         1954    .rodata.manufacturer_string  cdc_acm_core.o
    0x08011a7e   0x08011a7e   0x00000102   Data   RO         1955    .rodata.product_string  cdc_acm_core.o
    0x08011b80   0x08011b80   0x00000063   Data   RO           10    .rodata.str1.1      main.o
    0x08011be3   0x08011be3   0x00000005   Data   RO         2315    .rodata.str1.1      tasks.o
    0x08011be8   0x08011be8   0x0000000d   Data   RO         2381    .rodata.str1.1      timers.o
    0x08011bf5   0x08011bf5   0x00000035   Data   RO         2535    .rodata.str1.1      w25qxx_driver.o
    0x08011c2a   0x08011c2a   0x00000025   Data   RO         2583    .rodata.str1.1      i2c_driver.o
    0x08011c4f   0x08011c4f   0x00000007   Data   RO         2664    .rodata.str1.1      uart_device.o
    0x08011c56   0x08011c56   0x00000012   Data   RO         2693    .rodata.str1.1      usb_device.o
    0x08011c68   0x08011c68   0x00000007   Data   RO         2715    .rodata.str1.1      spi_device.o
    0x08011c6f   0x08011c6f   0x0000006b   Data   RO         2792    .rodata.str1.1      user_log.o
    0x08011cda   0x08011cda   0x00000037   Data   RO         2838    .rodata.str1.1      gps.o
    0x08011d11   0x08011d11   0x00000081   Data   RO         2873    .rodata.str1.1      menu_1.o
    0x08011d92   0x08011d92   0x0000002b   Data   RO         2925    .rodata.str1.1      rfid_1.o
    0x08011dbd   0x08011dbd   0x000000d8   Data   RO         2975    .rodata.str1.1      rfid_si522_driver.o
    0x08011e95   0x08011e95   0x00000029   Data   RO         3090    .rodata.str1.1      my_queue.o
    0x08011ebe   0x08011ebe   0x000000a9   Data   RO         3231    .rodata.str1.1      key.o
    0x08011f67   0x08011f67   0x00000001   PAD
    0x08011f68   0x08011f68   0x00000010   Data   RO         1951    .rodata.usbd_cdc_strings  cdc_acm_core.o
    0x08011f78   0x08011f78   0x00000004   Data   RO         1949    .rodata.usbd_language_id_desc  cdc_acm_core.o
    0x08011f7c   0x08011f7c   0x00000004   Data   RO         2310    .rodata.uxTopUsedPriority  tasks.o
    0x08011f80   0x08011f80   0x00000020   Data   RO         3519    Region$$Table       anon$$obj.o


    Execution Region RW_IRAM1 (Exec base: 0x20000000, Load base: 0x08011fa0, Size: 0x00015db8, Max: 0x00018000, ABSOLUTE, COMPRESSED[0x00000150])

    Exec Addr    Load Addr    Size         Type   Attr      Idx    E Section Name        Object

    0x20000000   COMPRESSED   0x00000004   Data   RW         3433    .data               mc_w.l(mvars.o)
    0x20000004   COMPRESSED   0x00000004   Data   RW         3434    .data               mc_w.l(mvars.o)
    0x20000008   COMPRESSED   0x00000004   Data   RW         3438    .data               mc_w.l(errno.o)
    0x2000000c   COMPRESSED   0x00000004   Data   RW           29    .data.SystemCoreClock  system_gd32f30x.o
    0x20000010   COMPRESSED   0x00000008   Data   RW         1769    .data.USBFS_TX_FIFO_SIZE  drv_usb_dev.o
    0x20000018   COMPRESSED   0x00000034   Data   RW         1895    .data._std_dev_req  usbd_enum.o
    0x2000004c   COMPRESSED   0x00000018   Data   RW         3267    .data.buzzer_prompt_tab  buzzer.o
    0x20000064   COMPRESSED   0x00000001   Data   RW         2836    .data.car_is_moving  gps.o
    0x20000065   COMPRESSED   0x00000003   PAD
    0x20000068   COMPRESSED   0x00000030   Data   RW         1953    .data.cdc_class     cdc_acm_core.o
    0x20000098   COMPRESSED   0x00000010   Data   RW         1952    .data.cdc_desc      cdc_acm_core.o
    0x200000a8   COMPRESSED   0x00000001   Data   RW         2841    .data.gps_debug_enable  gps.o
    0x200000a9   COMPRESSED   0x00000001   PAD
    0x200000aa   COMPRESSED   0x00000008   Data   RW         3228    .data.key_data_tab  key.o
    0x200000b2   COMPRESSED   0x00000002   PAD
    0x200000b4   COMPRESSED   0x00000028   Data   RW         3227    .data.key_scan_tab  key.o
    0x200000dc   COMPRESSED   0x00000010   Data   RW         2796    .data.level_output_info  user_log.o
    0x200000ec   COMPRESSED   0x00000001   Data   RW         2790    .data.log_enable_flg  user_log.o
    0x200000ed   COMPRESSED   0x00000003   PAD
    0x200000f0   COMPRESSED   0x00000004   Data   RW         2793    .data.log_print_level  user_log.o
    0x200000f4   COMPRESSED   0x00000010   Data   RW         2875    .data.menu_list     menu_1.o
    0x20000104   COMPRESSED   0x00000014   Data   RW         2476    .data.pin_clk_list  gpio_driver.o
    0x20000118   COMPRESSED   0x00000040   Data   RW         2477    .data.pin_port_list  gpio_driver.o
    0x20000158   COMPRESSED   0x00000102   Data   RW         1950    .data.serial_string  cdc_acm_core.o
    0x2000025a   COMPRESSED   0x00000002   PAD
    0x2000025c   COMPRESSED   0x0000000c   Data   RW         1897    .data.std_desc_get  usbd_enum.o
    0x20000268   COMPRESSED   0x00000002   Data   RW          108    .data.timer_prescaler  gd32f30x_hw.o
    0x2000026a   COMPRESSED   0x00000002   PAD
    0x2000026c   COMPRESSED   0x0000000c   Data   RW         2663    .data.uart_parity_map  uart_device.o
    0x20000278   COMPRESSED   0x00000140   Data   RW         2660    .data.uart_phy_map  uart_device.o
    0x200003b8   COMPRESSED   0x0000000c   Data   RW         2662    .data.uart_stopbits_map  uart_device.o
    0x200003c4   COMPRESSED   0x00000004   Data   RW         2459    .data.uxCriticalNesting  port.o
    0x200003c8        -       0x00000002   Zero   RW         1896    .bss._usb_std_getstatus.status  usbd_enum.o
    0x200003ca        -       0x00000001   Zero   RW         1898    .bss._usb_std_setconfiguration.config  usbd_enum.o
    0x200003cb        -       0x00000001   Zero   RW         2978    .bss.aaa            rfid_si522_driver.o
    0x200003cc        -       0x00000008   Zero   RW         3266    .bss.buzzer_prompt_mng  buzzer.o
    0x200003d4        -       0x00000002   Zero   RW         2833    .bss.calculation_sum_mile.mil_mod  gps.o
    0x200003d6   COMPRESSED   0x00000002   PAD
    0x200003d8        -       0x00000004   Zero   RW         2834    .bss.calculation_sum_mile.nold  gps.o
    0x200003dc        -       0x000003d0   Zero   RW         2692    .bss.cdc_acm        usb_device.o
    0x200007ac        -       0x00000058   Zero   RW         1956    .bss.cdc_acm_init.cdc_handler  cdc_acm_core.o
    0x20000804        -       0x000003e8   Zero   RW         2794    .bss.data_buf       user_log.o
    0x20000bec        -       0x00000448   Zero   RW         2795    .bss.debug_buf      user_log.o
    0x20001034        -       0x00000004   Zero   RW          107    .bss.delay_time     gd32f30x_hw.o
    0x20001038        -       0x00000004   Zero   RW         2714    .bss.flash_device   spi_device.o
    0x2000103c        -       0x0000002c   Zero   RW         2835    .bss.gps_base_info  gps.o
    0x20001068        -       0x00000080   Zero   RW         2840    .bss.gps_data_buf   gps.o
    0x200010e8        -       0x00000010   Zero   RW         2831    .bss.gps_exception_hdl  gps.o
    0x200010f8        -       0x00000010   Zero   RW         2832    .bss.gps_lost_info  gps.o
    0x20001108        -       0x0000001c   Zero   RW         2837    .bss.gps_save_data  gps.o
    0x20001124        -       0x00000004   Zero   RW         2736    .bss.i2c_device     i2c_device.o
    0x20001128        -       0x00000028   Zero   RW         3232    .bss.key_fsm_tab    key.o
    0x20001150        -       0x00000004   Zero   RW         3230    .bss.key_queue      key.o
    0x20001154        -       0x00000004   Zero   RW         3229    .bss.key_sem        key.o
    0x20001158        -       0x00000400   Zero   RW         2914    .bss.lcd_gram       lcd_draw.o
    0x20001558        -       0x00000008   Zero   RW         2846    .bss.lock_gps_posiont.lock_locate  gps.o
    0x20001560        -       0x00000004   Zero   RW         2847    .bss.lock_gps_posiont.lock_tick  gps.o
    0x20001564        -       0x00000004   Zero   RW         2791    .bss.log_output.log_device  user_log.o
    0x20001568        -       0x00000001   Zero   RW         2872    .bss.menu_page_index  menu_1.o
    0x20001569   COMPRESSED   0x00000003   PAD
    0x2000156c        -       0x00000004   Zero   RW         3064    .bss.os_task_create.task_handle  os_port.o
    0x20001570        -       0x00000010   Zero   RW         1100    .bss.pmu_to_deepsleepmode.reg_snap  gd32f30x_pmu.o
    0x20001580        -       0x00000004   Zero   RW         2385    .bss.prvSampleTimeNow.xLastTime  timers.o
    0x20001584        -       0x00000004   Zero   RW         2293    .bss.pxCurrentTCB   tasks.o
    0x20001588        -       0x00000004   Zero   RW         2383    .bss.pxCurrentTimerList  timers.o
    0x2000158c        -       0x00000004   Zero   RW         2303    .bss.pxDelayedTaskList  tasks.o
    0x20001590        -       0x00000004   Zero   RW         2416    .bss.pxEnd          heap_4.o
    0x20001594        -       0x00000004   Zero   RW         2304    .bss.pxOverflowDelayedTaskList  tasks.o
    0x20001598        -       0x00000004   Zero   RW         2384    .bss.pxOverflowTimerList  timers.o
    0x2000159c        -       0x00000280   Zero   RW         2294    .bss.pxReadyTasksLists  tasks.o
    0x2000181c        -       0x00000001   Zero   RW         2845    .bss.rmc_data_parser.err_cnt  gps.o
    0x2000181d   COMPRESSED   0x00000003   PAD
    0x20001820        -       0x00000008   Zero   RW         2844    .bss.rmc_data_parser.pold  gps.o
    0x20001828        -       0x00000002   Zero   RW         2842    .bss.rmc_data_parser.told  gps.o
    0x2000182a   COMPRESSED   0x00000002   PAD
    0x2000182c        -       0x00000004   Zero   RW         2843    .bss.rmc_data_parser.vold  gps.o
    0x20001830        -       0x00000004   Zero   RW         2759    .bss.rtc_device     rtc_device.o
    0x20001834        -       0x00001000   Zero   RW         2534    .bss.sector_buf     w25qxx_driver.o
    0x20002834        -       0x00000004   Zero   RW         2976    .bss.si522_i2c_dev  rfid_si522_driver.o
    0x20002838        -       0x00000040   Zero   RW         2994    .bss.tx_buf         usb_app.o
    0x20002878        -       0x00000014   Zero   RW         2661    .bss.uart_device_map  uart_device.o
    0x2000288c        -       0x00012c00   Zero   RW         2419    .bss.ucHeap         heap_4.o
    0x2001548c        -       0x00000001   Zero   RW         2457    .bss.ucMaxSysCallPriority  port.o
    0x2001548d   COMPRESSED   0x00000003   PAD
    0x20015490        -       0x00000004   Zero   RW         2458    .bss.ulMaxPRIGROUPValue  port.o
    0x20015494        -       0x00000004   Zero   RW         2691    .bss.usb_device     usb_device.o
    0x20015498        -       0x00000004   Zero   RW          109    .bss.usbfs_prescaler  gd32f30x_hw.o
    0x2001549c        -       0x00000004   Zero   RW         2300    .bss.uxCurrentNumberOfTasks  tasks.o
    0x200154a0        -       0x00000004   Zero   RW         2299    .bss.uxDeletedTasksWaitingCleanUp  tasks.o
    0x200154a4        -       0x00000004   Zero   RW         2301    .bss.uxSchedulerSuspended  tasks.o
    0x200154a8        -       0x00000004   Zero   RW         2296    .bss.uxTaskNumber   tasks.o
    0x200154ac        -       0x00000004   Zero   RW         2295    .bss.uxTopReadyPriority  tasks.o
    0x200154b0        -       0x00000014   Zero   RW         2386    .bss.xActiveTimerList1  timers.o
    0x200154c4        -       0x00000014   Zero   RW         2387    .bss.xActiveTimerList2  timers.o
    0x200154d8        -       0x00000014   Zero   RW         2313    .bss.xDelayedTaskList1  tasks.o
    0x200154ec        -       0x00000014   Zero   RW         2314    .bss.xDelayedTaskList2  tasks.o
    0x20015500        -       0x00000004   Zero   RW         2417    .bss.xFreeBytesRemaining  heap_4.o
    0x20015504        -       0x00000004   Zero   RW         2309    .bss.xIdleTaskHandles  tasks.o
    0x20015508        -       0x00000004   Zero   RW         2420    .bss.xMinimumEverFreeBytesRemaining  heap_4.o
    0x2001550c        -       0x00000004   Zero   RW         2308    .bss.xNextTaskUnblockTime  tasks.o
    0x20015510        -       0x00000004   Zero   RW         2312    .bss.xNumOfOverflows  tasks.o
    0x20015514        -       0x00000004   Zero   RW         2421    .bss.xNumberOfSuccessfulAllocations  heap_4.o
    0x20015518        -       0x00000004   Zero   RW         2422    .bss.xNumberOfSuccessfulFrees  heap_4.o
    0x2001551c        -       0x00000004   Zero   RW         2311    .bss.xPendedTicks   tasks.o
    0x20015520        -       0x00000014   Zero   RW         2305    .bss.xPendingReadyList  tasks.o
    0x20015534        -       0x00000040   Zero   RW         2090    .bss.xQueueRegistry  queue.o
    0x20015574        -       0x00000004   Zero   RW         2297    .bss.xSchedulerRunning  tasks.o
    0x20015578        -       0x00000008   Zero   RW         2418    .bss.xStart         heap_4.o
    0x20015580        -       0x00000014   Zero   RW         2306    .bss.xSuspendedTaskList  tasks.o
    0x20015594        -       0x00000014   Zero   RW         2298    .bss.xTasksWaitingTermination  tasks.o
    0x200155a8        -       0x00000004   Zero   RW         2302    .bss.xTickCount     tasks.o
    0x200155ac        -       0x00000004   Zero   RW         2380    .bss.xTimerQueue    timers.o
    0x200155b0        -       0x00000004   Zero   RW         2382    .bss.xTimerTaskHandle  timers.o
    0x200155b4        -       0x00000004   Zero   RW         2307    .bss.xYieldPendings  tasks.o
    0x200155b8        -       0x00000400   Zero   RW          118    HEAP                startup_gd32f30x_cl.o
    0x200159b8        -       0x00000400   Zero   RW          117    STACK               startup_gd32f30x_cl.o


==============================================================================

Image component sizes


      Code (inc. data)   RO Data    RW Data    ZI Data      Debug   Object Name

       234          0          0         24          8       1712   buzzer.o
       820         36        621        322         88      10152   cdc_acm_core.o
      1808         20          0          0          0      12843   common_utils.o
       546         12          0          0          0       2629   device.o
      1118          0          0          0          0       6119   drv_usb_core.o
      1970          0          4          8          0       9968   drv_usb_dev.o
      2026          6          4          0          0       9147   drv_usbd_int.o
       234          0          0          0          0       4562   gd32f30x_bkp.o
      1294          0          0          0          0       6860   gd32f30x_dma.o
        24          0          0          0          0       3130   gd32f30x_exti.o
       780          0          0          0          0       5966   gd32f30x_gpio.o
       654          0          0          2          8       5049   gd32f30x_hw.o
       232          0          0          0          0       3488   gd32f30x_it.o
       346          0          0          0          0       4923   gd32f30x_misc.o
       372          0          0          0         16       5231   gd32f30x_pmu.o
      1850          4          0          0          0      12676   gd32f30x_rcu.o
       352          0          0          0          0       2454   gd32f30x_rtc.o
       240          0          0          0          0       8744   gd32f30x_spi.o
       492          0          0          0          0      17241   gd32f30x_timer.o
      1086          0          0          0          0      10756   gd32f30x_usart.o
       260          0          0         84          0       2552   gpio_driver.o
      4158         16         75          2        265       7820   gps.o
      1576          0          0          0      76828       4949   heap_4.o
       538          0          0          0          4       3134   i2c_device.o
      1728          0         37          0          0       4330   i2c_driver.o
      1638         10        169         48         48       3828   key.o
       870          0       2660          0       1024       5981   lcd_draw.o
       670          0          0          0          0       2328   lcd_st756x_driver.o
       118          0          0          0          0        559   led.o
       260          0          0          0          0       2087   list.o
       654          0        105          0          0       1816   main.o
       516          0        129         16          1       1602   menu_1.o
       876          0         41          0          0       2493   my_queue.o
       378          0          0          0          4       6239   os_port.o
      1326         16          0          4          5       4065   port.o
      3858          0          0          0         64      15667   queue.o
       164          0         43          0          0        410   rfid_1.o
      3488          0        240          0          5       6846   rfid_si522_driver.o
       576          0          0          0          4       3005   rtc_device.o
       286          0          0          0          0       4754   rtc_driver.o
       466          0          7          0          4       2720   spi_device.o
        36          8        336          0       2048       1020   startup_gd32f30x_cl.o
       924          0          0          4          0       3293   system_gd32f30x.o
       430          0          0          0          0       4413   systick.o
      5778          0          9          0        800      26620   tasks.o
      1390         10         13          0         60       9085   timers.o
      2234          0          7        344         20       8157   uart_device.o
       282          0          4          0         64       2733   usb_app.o
       768          0         18          0        980       7856   usb_device.o
      1024          0         16          0          0       8710   usbd_core.o
      2910         16          0         64          3      11739   usbd_enum.o
       888          0          0          0          0       7343   usbd_transc.o
       692          4        107         21       2100       3808   user_log.o
      1662          0         53          0       4096       6005   w25qxx_driver.o

    ----------------------------------------------------------------------
     60328        158       4732        956      88560     331617   Object Totals
         0          0         32          0          0          0   (incl. Generated)
       428          0          2         13         13          0   (incl. Padding)

    ----------------------------------------------------------------------

      Code (inc. data)   RO Data    RW Data    ZI Data      Debug   Library Member Name

        56         10          0          0          0        132   atof.o
       280         28          0          0          0        156   floor.o
       122          0          0          0          0        148   sqrt.o
        86          0          0          0          0          0   __dczerorl2.o
        28          0          0          0          0         68   _chval.o
       812          4          0          0          0        112   _scanf.o
       332          0          0          0          0         96   _scanf_int.o
       342          0          0          0          0        100   _scanf_longlong.o
       224          0          0          0          0         96   _scanf_str.o
        64          0          0          0          0         84   _sgetc.o
       158          0          0          0          0         92   _strtoul.o
        26          0          0          0          0         80   atoi.o
         8          4        133          0          0         68   ctype_o.o
         0          0          0          0          0          0   entry.o
         0          0          0          0          0          0   entry10a.o
         0          0          0          0          0          0   entry11a.o
         8          4          0          0          0          0   entry2.o
         4          0          0          0          0          0   entry5.o
         0          0          0          0          0          0   entry7b.o
         0          0          0          0          0          0   entry8b.o
         8          4          0          0          0          0   entry9a.o
        32         16          0          4          0        204   errno.o
        30          0          0          0          0          0   handlers.o
        36          8          0          0          0         68   init.o
        18          0          0          0          0         76   isspace_o.o
         0          0          0          0          0          0   iusefp.o
        30          0          0          0          0         68   llshl.o
        36          0          0          0          0         68   llsshr.o
        32          0          0          0          0         68   llushr.o
       108         16          0          0          0         84   malloc.o
        36          0          0          0          0         68   memcpya.o
        36          0          0          0          0        108   memseta.o
         0          0          0          8          0          0   mvars.o
      2342         90          0          0          0        668   printfa.o
        40          8          0          0          0         84   scanf_char.o
       878         12          0          0          0        216   scanf_fp.o
         8          0          0          0          0         68   slabs.o
        56          8          0          0          0         84   sscanf.o
        28          0          0          0          0         76   strcmp.o
        14          0          0          0          0         68   strlen.o
        30          0          0          0          0         80   strncmp.o
        24          0          0          0          0         76   strncpy.o
        22          0          0          0          0         68   strrchr.o
       168         12          0          0          0        124   strtod.o
       112          0          0          0          0         88   strtol.o
        44          0          0          0          0         80   uidiv.o
        98          0          0          0          0         92   uldiv.o
        48          0          0          0          0         68   cdrcmple.o
        56          0          0          0          0         88   d2f.o
       334          0          0          0          0        148   dadd.o
       222          0          0          0          0        100   ddiv.o
       186          0          0          0          0        176   depilogue.o
        62          0          0          0          0         80   dfixi.o
        50          0          0          0          0         76   dfixui.o
        48          0          0          0          0         68   dfixul.o
        34          0          0          0          0         76   dflti.o
        24          0          0          0          0         76   dfltul.o
       228          0          0          0          0         96   dmul.o
       162          0          0          0          0        100   dsqrt.o
        38          0          0          0          0         68   f2d.o
       110          0          0          0          0        168   fepilogue.o

    ----------------------------------------------------------------------
      8436        228        136         12          0       5304   Library Totals
        18          4          3          0          0          0   (incl. Padding)

    ----------------------------------------------------------------------

      Code (inc. data)   RO Data    RW Data    ZI Data      Debug   Library Name

       458         38          0          0          0        436   m_wm.l
      6358        186        133         12          0       3480   mc_w.l
      1602          0          0          0          0       1388   mf_w.l

    ----------------------------------------------------------------------
      8436        228        136         12          0       5304   Library Totals

    ----------------------------------------------------------------------

==============================================================================


      Code (inc. data)   RO Data    RW Data    ZI Data      Debug   

     68764        386       4868        968      88560     333469   Grand Totals
     68764        386       4868        336      88560     333469   ELF Image Totals (compressed)
     68764        386       4868        336          0          0   ROM Totals

==============================================================================

    Total RO  Size (Code + RO Data)                73632 (  71.91kB)
    Total RW  Size (RW Data + ZI Data)             89528 (  87.43kB)
    Total ROM Size (Code + RO Data + RW Data)      73968 (  72.23kB)

==============================================================================

