Component: ARM Compiler 6.12 Tool: armlink [5d624300]

==============================================================================

Section Cross References

    main.o(.text.task1) refers to main.o(.bss.tick) for tick
    main.o(.text.task1) refers to main.o(.bss.sem) for sem
    main.o(.text.task1) refers to os_port.o(.text.os_task_mdelay) for os_task_mdelay
    main.o(.text.task1) refers to os_port.o(.text.os_sem_release) for os_sem_release
    main.o(.ARM.exidx.text.task1) refers to main.o(.text.task1) for [Anonymous Symbol]
    main.o(.text.task2) refers to main.o(.bss.sem) for sem
    main.o(.text.task2) refers to main.o(.bss.tick2) for tick2
    main.o(.text.task2) refers to os_port.o(.text.os_sem_take) for os_sem_take
    main.o(.ARM.exidx.text.task2) refers to main.o(.text.task2) for [Anonymous Symbol]
    main.o(.text.task3) refers to main.o(.bss.tick3) for tick3
    main.o(.text.task3) refers to os_port.o(.text.os_task_mdelay) for os_task_mdelay
    main.o(.ARM.exidx.text.task3) refers to main.o(.text.task3) for [Anonymous Symbol]
    main.o(.text.app_task_start) refers to os_port.o(.text.os_enter_critical) for os_enter_critical
    main.o(.text.app_task_start) refers to usb_app.o(.text.usb_app_task) for usb_app_task
    main.o(.text.app_task_start) refers to os_port.o(.text.os_task_create) for os_task_create
    main.o(.text.app_task_start) refers to key.o(.text.key_scan_task) for key_scan_task
    main.o(.text.app_task_start) refers to main.o(.text.task2) for task2
    main.o(.text.app_task_start) refers to led.o(.text.led_task) for led_task
    main.o(.text.app_task_start) refers to main.o(.text.task3) for task3
    main.o(.text.app_task_start) refers to gps.o(.text.gps_task) for gps_task
    main.o(.text.app_task_start) refers to menu_1.o(.text.menu_task) for menu_task
    main.o(.text.app_task_start) refers to rfid_1.o(.text.rfid_task) for rfid_task
    main.o(.text.app_task_start) refers to os_port.o(.text.os_sem_create) for os_sem_create
    main.o(.text.app_task_start) refers to main.o(.bss.sem) for sem
    main.o(.text.app_task_start) refers to os_port.o(.text.os_exit_critical) for os_exit_critical
    main.o(.text.app_task_start) refers to os_port.o(.text.os_sart_scheduler) for os_sart_scheduler
    main.o(.ARM.exidx.text.app_task_start) refers to main.o(.text.app_task_start) for [Anonymous Symbol]
    main.o(.text.main) refers to systick.o(.text.systick_config) for systick_config
    main.o(.text.main) refers to gd32f30x_misc.o(.text.nvic_priority_group_set) for nvic_priority_group_set
    main.o(.text.main) refers to main.o(.text.app_task_start) for app_task_start
    main.o(.text.main) refers to systick.o(.text.delay_1ms) for delay_1ms
    main.o(.ARM.exidx.text.main) refers to main.o(.text.main) for [Anonymous Symbol]
    system_gd32f30x.o(.text.SystemInit) refers to system_gd32f30x.o(.text._soft_delay_) for _soft_delay_
    system_gd32f30x.o(.text.SystemInit) refers to system_gd32f30x.o(.text.system_clock_config) for system_clock_config
    system_gd32f30x.o(.ARM.exidx.text.SystemInit) refers to system_gd32f30x.o(.text.SystemInit) for [Anonymous Symbol]
    system_gd32f30x.o(.ARM.exidx.text._soft_delay_) refers to system_gd32f30x.o(.text._soft_delay_) for [Anonymous Symbol]
    system_gd32f30x.o(.text.system_clock_config) refers to system_gd32f30x.o(.text.system_clock_120m_hxtal) for system_clock_120m_hxtal
    system_gd32f30x.o(.ARM.exidx.text.system_clock_config) refers to system_gd32f30x.o(.text.system_clock_config) for [Anonymous Symbol]
    system_gd32f30x.o(.text.SystemCoreClockUpdate) refers to system_gd32f30x.o(.data.SystemCoreClock) for SystemCoreClock
    system_gd32f30x.o(.ARM.exidx.text.SystemCoreClockUpdate) refers to system_gd32f30x.o(.text.SystemCoreClockUpdate) for [Anonymous Symbol]
    system_gd32f30x.o(.ARM.exidx.text.system_clock_120m_hxtal) refers to system_gd32f30x.o(.text.system_clock_120m_hxtal) for [Anonymous Symbol]
    gd32f30x_it.o(.ARM.exidx.text.NMI_Handler) refers to gd32f30x_it.o(.text.NMI_Handler) for [Anonymous Symbol]
    gd32f30x_it.o(.ARM.exidx.text.HardFault_Handler) refers to gd32f30x_it.o(.text.HardFault_Handler) for [Anonymous Symbol]
    gd32f30x_it.o(.ARM.exidx.text.MemManage_Handler) refers to gd32f30x_it.o(.text.MemManage_Handler) for [Anonymous Symbol]
    gd32f30x_it.o(.ARM.exidx.text.BusFault_Handler) refers to gd32f30x_it.o(.text.BusFault_Handler) for [Anonymous Symbol]
    gd32f30x_it.o(.ARM.exidx.text.UsageFault_Handler) refers to gd32f30x_it.o(.text.UsageFault_Handler) for [Anonymous Symbol]
    gd32f30x_it.o(.ARM.exidx.text.DebugMon_Handler) refers to gd32f30x_it.o(.text.DebugMon_Handler) for [Anonymous Symbol]
    gd32f30x_it.o(.text.USBFS_IRQHandler) refers to usb_device.o(.bss.cdc_acm) for cdc_acm
    gd32f30x_it.o(.text.USBFS_IRQHandler) refers to drv_usbd_int.o(.text.usbd_isr) for usbd_isr
    gd32f30x_it.o(.ARM.exidx.text.USBFS_IRQHandler) refers to gd32f30x_it.o(.text.USBFS_IRQHandler) for [Anonymous Symbol]
[...]
    uart_device_get                          0x080046f1   Thumb Code    54  uart_device.o(.text.uart_device_get)
    uart_device_get_by_id                    0x08004729   Thumb Code    14  uart_device.o(.text.uart_device_get_by_id)
    uart_device_init                         0x08004739   Thumb Code   394  uart_device.o(.text.uart_device_init)
    uart_device_read                         0x080048c5   Thumb Code   108  uart_device.o(.text.uart_device_read)
    uart_device_write                        0x08004931   Thumb Code   254  uart_device.o(.text.uart_device_write)
    usart_baudrate_set                       0x08004a99   Thumb Code   104  gd32f30x_usart.o(.text.usart_baudrate_set)
    usart_data_receive                       0x08004b01   Thumb Code     8  gd32f30x_usart.o(.text.usart_data_receive)
    usart_data_transmit                      0x08004b09   Thumb Code     8  gd32f30x_usart.o(.text.usart_data_transmit)
    usart_deinit                             0x08004b11   Thumb Code   178  gd32f30x_usart.o(.text.usart_deinit)
    usart_disable                            0x08004bc5   Thumb Code    10  gd32f30x_usart.o(.text.usart_disable)
    usart_dma_receive_config                 0x08004bd1   Thumb Code    20  gd32f30x_usart.o(.text.usart_dma_receive_config)
    usart_dma_transmit_config                0x08004be5   Thumb Code    20  gd32f30x_usart.o(.text.usart_dma_transmit_config)
    usart_enable                             0x08004bf9   Thumb Code    10  gd32f30x_usart.o(.text.usart_enable)
    usart_flag_clear                         0x08004c05   Thumb Code    18  gd32f30x_usart.o(.text.usart_flag_clear)
    usart_flag_get                           0x08004c19   Thumb Code    22  gd32f30x_usart.o(.text.usart_flag_get)
    usart_interrupt_flag_clear               0x08004c31   Thumb Code    18  gd32f30x_usart.o(.text.usart_interrupt_flag_clear)
    usart_interrupt_flag_get                 0x08004c45   Thumb Code    46  gd32f30x_usart.o(.text.usart_interrupt_flag_get)
    usart_receive_config                     0x08004c75   Thumb Code    20  gd32f30x_usart.o(.text.usart_receive_config)
    usart_transmit_config                    0x08004c89   Thumb Code    20  gd32f30x_usart.o(.text.usart_transmit_config)
    usb_app_task                             0x08004c9d   Thumb Code   168  usb_app.o(.text.usb_app_task)
    usb_basic_init                           0x08004d45   Thumb Code   164  drv_usb_core.o(.text.usb_basic_init)
    usb_clock_active                         0x08004de9   Thumb Code    32  drv_usb_dev.o(.text.usb_clock_active)
    usb_core_init                            0x08004e09   Thumb Code   114  drv_usb_core.o(.text.usb_core_init)
    usb_ctlep_startout                       0x08004e95   Thumb Code    12  drv_usb_dev.o(.text.usb_ctlep_startout)
    usb_curmode_set                          0x08004ea1   Thumb Code    36  drv_usb_core.o(.text.usb_curmode_set)
    usb_devcore_init                         0x08004ef1   Thumb Code   224  drv_usb_dev.o(.text.usb_devcore_init)
    usb_device_create                        0x08004fd5   Thumb Code   100  usb_device.o(.text.usb_device_create)
    usb_device_get                           0x0800503d   Thumb Code    12  usb_device.o(.text.usb_device_get)
    usb_devint_enable                        0x0800512d   Thumb Code    54  drv_usb_dev.o(.text.usb_devint_enable)
    usb_gpio_config                          0x0800517d   Thumb Code    34  gd32f30x_hw.o(.text.usb_gpio_config)
    usb_iepintr_read                         0x080051b1   Thumb Code    26  drv_usb_dev.o(.text.usb_iepintr_read)
    usb_intr_config                          0x080051cd   Thumb Code    10  gd32f30x_hw.o(.text.usb_intr_config)
    usb_mdelay                               0x080051d9   Thumb Code     6  gd32f30x_hw.o(.text.usb_mdelay)
    usb_rcu_config                           0x08005201   Thumb Code   142  gd32f30x_hw.o(.text.usb_rcu_config)
    usb_rxfifo_flush                         0x08005291   Thumb Code    26  drv_usb_core.o(.text.usb_rxfifo_flush)
    usb_rxfifo_read                          0x080052ad   Thumb Code    30  drv_usb_core.o(.text.usb_rxfifo_read)
    usb_sem_rx_release                       0x080052cd   Thumb Code    44  usb_device.o(.text.usb_sem_rx_release)
    usb_sem_tx_release                       0x080052f9   Thumb Code    44  usb_device.o(.text.usb_sem_tx_release)
    usb_set_txfifo                           0x0800532d   Thumb Code    76  drv_usb_core.o(.text.usb_set_txfifo)
    usb_timer_init                           0x08005379   Thumb Code    24  gd32f30x_hw.o(.text.usb_timer_init)
    usb_timer_irq                            0x08005391   Thumb Code    62  gd32f30x_hw.o(.text.usb_timer_irq)
    usb_transc_active                        0x080053d1   Thumb Code   122  drv_usb_dev.o(.text.usb_transc_active)
    usb_transc_clrstall                      0x0800544d   Thumb Code    52  drv_usb_dev.o(.text.usb_transc_clrstall)
    usb_transc_deactivate                    0x08005481   Thumb Code    52  drv_usb_dev.o(.text.usb_transc_deactivate)
    usb_transc_inxfer                        0x080054b5   Thumb Code   208  drv_usb_dev.o(.text.usb_transc_inxfer)
    usb_transc_outxfer                       0x08005585   Thumb Code    90  drv_usb_dev.o(.text.usb_transc_outxfer)
    usb_transc_stall                         0x080055e1   Thumb Code    52  drv_usb_dev.o(.text.usb_transc_stall)
    usb_txfifo_flush                         0x08005615   Thumb Code    26  drv_usb_core.o(.text.usb_txfifo_flush)
    usb_txfifo_write                         0x08005631   Thumb Code    38  drv_usb_core.o(.text.usb_txfifo_write)
    usb_udelay                               0x08005659   Thumb Code     6  gd32f30x_hw.o(.text.usb_udelay)
    usbd_class_request                       0x08005665   Thumb Code    28  usbd_enum.o(.text.usbd_class_request)
    usbd_connect                             0x08005681   Thumb Code    16  usbd_core.o(.text.usbd_connect)
    usbd_ctl_recev                           0x08005691   Thumb Code    42  usbd_transc.o(.text.usbd_ctl_recev)
    usbd_ctl_send                            0x080056bd   Thumb Code    42  usbd_transc.o(.text.usbd_ctl_send)
    usbd_ctl_status_recev                    0x080056e9   Thumb Code    32  usbd_transc.o(.text.usbd_ctl_status_recev)
    usbd_ctl_status_send                     0x08005709   Thumb Code    32  usbd_transc.o(.text.usbd_ctl_status_send)
    usbd_disconnect                          0x08005729   Thumb Code    16  usbd_core.o(.text.usbd_disconnect)
    usbd_enum_error                          0x080057e9   Thumb Code    28  usbd_enum.o(.text.usbd_enum_error)
    usbd_ep_clear                            0x08005805   Thumb Code    46  usbd_core.o(.text.usbd_ep_clear)
    usbd_ep_recev                            0x08005835   Thumb Code    38  usbd_core.o(.text.usbd_ep_recev)
    usbd_ep_send                             0x0800585d   Thumb Code    36  usbd_core.o(.text.usbd_ep_send)
    usbd_ep_setup                            0x08005881   Thumb Code   118  usbd_core.o(.text.usbd_ep_setup)
    usbd_ep_stall                            0x080058f9   Thumb Code    50  usbd_core.o(.text.usbd_ep_stall)
    usbd_ep_stall_clear                      0x0800592d   Thumb Code    50  usbd_core.o(.text.usbd_ep_stall_clear)
    usbd_in_transc                           0x08005961   Thumb Code   132  usbd_transc.o(.text.usbd_in_transc)
    usbd_init                                0x080059e5   Thumb Code   104  usbd_core.o(.text.usbd_init)
    usbd_isr                                 0x08005d41   Thumb Code   230  drv_usbd_int.o(.text.usbd_isr)
    usbd_out_transc                          0x08005e29   Thumb Code   104  usbd_transc.o(.text.usbd_out_transc)
    usbd_setup_transc                        0x08005e91   Thumb Code   120  usbd_transc.o(.text.usbd_setup_transc)
    usbd_standard_request                    0x08005f09   Thumb Code    64  usbd_enum.o(.text.usbd_standard_request)
    usbd_vendor_request                      0x08005f49   Thumb Code     4  usbd_enum.o(.text.usbd_vendor_request)
    uxListRemove                             0x08005f4d   Thumb Code    36  list.o(.text.uxListRemove)
    uxTaskGetNumberOfTasks                   0x08005f71   Thumb Code    12  tasks.o(.text.uxTaskGetNumberOfTasks)
    vListInitialise                          0x08005f7d   Thumb Code    22  list.o(.text.vListInitialise)
    vListInitialiseItem                      0x08005f95   Thumb Code     6  list.o(.text.vListInitialiseItem)
    vListInsert                              0x08005f9d   Thumb Code    58  list.o(.text.vListInsert)
    vPortEnterCritical                       0x08005fed   Thumb Code    70  port.o(.text.vPortEnterCritical)
    vPortExitCritical                        0x08006035   Thumb Code    46  port.o(.text.vPortExitCritical)
    vPortFree                                0x08006065   Thumb Code   168  heap_4.o(.text.vPortFree)
    vPortSetupTimerInterrupt                 0x0800610d   Thumb Code    52  port.o(.text.vPortSetupTimerInterrupt)
    vPortValidateInterruptPriority           0x08006141   Thumb Code    98  port.o(.text.vPortValidateInterruptPriority)
    vQueueAddToRegistry                      0x080061a5   Thumb Code   102  queue.o(.text.vQueueAddToRegistry)
    vQueueWaitForMessageRestricted           0x0800620d   Thumb Code    70  queue.o(.text.vQueueWaitForMessageRestricted)
    vTaskDelay                               0x08006255   Thumb Code    86  tasks.o(.text.vTaskDelay)
    vTaskInternalSetTimeOutState             0x080062ad   Thumb Code    26  tasks.o(.text.vTaskInternalSetTimeOutState)
    vTaskMissedYield                         0x080062c9   Thumb Code    14  tasks.o(.text.vTaskMissedYield)
    vTaskPlaceOnEventList                    0x080062d9   Thumb Code    54  tasks.o(.text.vTaskPlaceOnEventList)
    vTaskPlaceOnEventListRestricted          0x08006311   Thumb Code   106  tasks.o(.text.vTaskPlaceOnEventListRestricted)
    vTaskPriorityDisinheritAfterTimeout      0x0800637d   Thumb Code   214  tasks.o(.text.vTaskPriorityDisinheritAfterTimeout)
    vTaskStartScheduler                      0x08006455   Thumb Code   114  tasks.o(.text.vTaskStartScheduler)
    vTaskSuspendAll                          0x080064c9   Thumb Code    16  tasks.o(.text.vTaskSuspendAll)
    vTaskSwitchContext                       0x080064d9   Thumb Code   138  tasks.o(.text.vTaskSwitchContext)
    w25qxx_init                              0x08006579   Thumb Code    14  w25qxx_driver.o(.text.w25qxx_init)
    w25qxx_page_program                      0x08006589   Thumb Code    82  w25qxx_driver.o(.text.w25qxx_page_program)
    w25qxx_read                              0x080065dd   Thumb Code    76  w25qxx_driver.o(.text.w25qxx_read)
    w25qxx_sector_erase                      0x08006629   Thumb Code    64  w25qxx_driver.o(.text.w25qxx_sector_erase)
    w25qxx_wait_busy                         0x08006669   Thumb Code    44  w25qxx_driver.o(.text.w25qxx_wait_busy)
    w25qxx_write_enable                      0x08006695   Thumb Code    32  w25qxx_driver.o(.text.w25qxx_write_enable)
    w25qxx_write_with_erase                  0x080066dd   Thumb Code   288  w25qxx_driver.o(.text.w25qxx_write_with_erase)
    xPortStartScheduler                      0x080067fd   Thumb Code   390  port.o(.text.xPortStartScheduler)
    xQueueCreateCountingSemaphore            0x08006985   Thumb Code    46  queue.o(.text.xQueueCreateCountingSemaphore)
    xQueueGenericCreate                      0x080069b5   Thumb Code    90  queue.o(.text.xQueueGenericCreate)
    xQueueGenericReset                       0x08006a11   Thumb Code   166  queue.o(.text.xQueueGenericReset)
    xQueueGenericSend                        0x08006ab9   Thumb Code   418  queue.o(.text.xQueueGenericSend)
    xQueueGiveFromISR                        0x08006c5d   Thumb Code   242  queue.o(.text.xQueueGiveFromISR)
    xQueueReceive                            0x08006d51   Thumb Code   370  queue.o(.text.xQueueReceive)
    xQueueSemaphoreTake                      0x08006ec5   Thumb Code   400  queue.o(.text.xQueueSemaphoreTake)
    xTaskCheckForTimeOut                     0x08007055   Thumb Code   140  tasks.o(.text.xTaskCheckForTimeOut)
    xTaskCreate                              0x080070e1   Thumb Code    44  tasks.o(.text.xTaskCreate)
    xTaskGetSchedulerState                   0x0800710d   Thumb Code    38  tasks.o(.text.xTaskGetSchedulerState)
    xTaskGetTickCount                        0x08007135   Thumb Code    12  tasks.o(.text.xTaskGetTickCount)
    xTaskIncrementTick                       0x08007141   Thumb Code   444  tasks.o(.text.xTaskIncrementTick)
    xTaskPriorityDisinherit                  0x080072fd   Thumb Code   202  tasks.o(.text.xTaskPriorityDisinherit)
    xTaskPriorityInherit                     0x080073c9   Thumb Code   198  tasks.o(.text.xTaskPriorityInherit)
    xTaskRemoveFromEventList                 0x08007491   Thumb Code   240  tasks.o(.text.xTaskRemoveFromEventList)
    xTaskResumeAll                           0x08007581   Thumb Code   390  tasks.o(.text.xTaskResumeAll)
    xTimerCreateTimerTask                    0x08007709   Thumb Code    92  timers.o(.text.xTimerCreateTimerTask)
    __0sprintf                               0x08007765   Thumb Code    34  printfa.o(i.__0sprintf)
    __1sprintf                               0x08007765   Thumb Code     0  printfa.o(i.__0sprintf)
    __2sprintf                               0x08007765   Thumb Code     0  printfa.o(i.__0sprintf)
    __c89sprintf                             0x08007765   Thumb Code     0  printfa.o(i.__0sprintf)
    sprintf                                  0x08007765   Thumb Code     0  printfa.o(i.__0sprintf)
    __0vsnprintf                             0x0800778d   Thumb Code    40  printfa.o(i.__0vsnprintf)
    __1vsnprintf                             0x0800778d   Thumb Code     0  printfa.o(i.__0vsnprintf)
    __2vsnprintf                             0x0800778d   Thumb Code     0  printfa.o(i.__0vsnprintf)
    __c89vsnprintf                           0x0800778d   Thumb Code     0  printfa.o(i.__0vsnprintf)
    vsnprintf                                0x0800778d   Thumb Code     0  printfa.o(i.__0vsnprintf)
    __scatterload_copy                       0x080077b9   Thumb Code    14  handlers.o(i.__scatterload_copy)
    __scatterload_null                       0x080077c7   Thumb Code     2  handlers.o(i.__scatterload_null)
    __scatterload_zeroinit                   0x080077c9   Thumb Code    14  handlers.o(i.__scatterload_zeroinit)
    malloc                                   0x080080ad   Thumb Code    92  malloc.o(i.malloc)
    ascii_6x12                               0x08008124   Data        1140  lcd_draw.o(.rodata.ascii_6x12)
    ascii_8x16                               0x08008598   Data        1520  lcd_draw.o(.rodata.ascii_8x16)
    cdc_config_desc                          0x08008b88   Data          67  cdc_acm_core.o(.rodata.cdc_config_desc)
    cdc_dev_desc                             0x08008bcc   Data          18  cdc_acm_core.o(.rodata.cdc_dev_desc)
    ep_type                                  0x08008be4   Data          16  usbd_core.o(.rodata.ep_type)
    usbd_cdc_strings                         0x08008fa8   Data          16  cdc_acm_core.o(.rodata.usbd_cdc_strings)
    Region$$Table$$Base                      0x08008fc0   Number         0  anon$$obj.o(Region$$Table)
    Region$$Table$$Limit                     0x08008fe0   Number         0  anon$$obj.o(Region$$Table)
    __microlib_freelist                      0x20000000   Data           4  mvars.o(.data)
    __microlib_freelist_initialised          0x20000004   Data           4  mvars.o(.data)
    SystemCoreClock                          0x20000008   Data           4  system_gd32f30x.o(.data.SystemCoreClock)
    cdc_class                                0x2000000c   Data          48  cdc_acm_core.o(.data.cdc_class)
    cdc_desc                                 0x2000003c   Data          16  cdc_acm_core.o(.data.cdc_desc)
    key_data_tab                             0x2000004c   Data           8  key.o(.data.key_data_tab)
    key_scan_tab                             0x20000054   Data          40  key.o(.data.key_scan_tab)
    timer_prescaler                          0x20000182   Data           2  gd32f30x_hw.o(.data.timer_prescaler)
    uart_phy_map                             0x20000184   Data         320  uart_device.o(.data.uart_phy_map)
    aaa                                      0x200002cb   Data           1  rfid_si522_driver.o(.bss.aaa)
    cdc_acm                                  0x200002cc   Data         976  usb_device.o(.bss.cdc_acm)
    delay_time                               0x20000f24   Data           4  gd32f30x_hw.o(.bss.delay_time)
    flash_device                             0x20000f28   Data           4  spi_device.o(.bss.flash_device)
    i2c_device                               0x20000f2c   Data           4  i2c_device.o(.bss.i2c_device)
    lcd_gram                                 0x20000f60   Data        1024  lcd_draw.o(.bss.lcd_gram)
    menu_list                                0x20001368   Data           4  menu_1.o(.bss.menu_list)
    pxCurrentTCB                             0x20001384   Data           4  tasks.o(.bss.pxCurrentTCB)
    sector_buf                               0x2000161c   Data        4096  w25qxx_driver.o(.bss.sector_buf)
    sem                                      0x2000261c   Data           4  main.o(.bss.sem)
    usb_device                               0x20015288   Data           4  usb_device.o(.bss.usb_device)
    usbfs_prescaler                          0x2001528c   Data           4  gd32f30x_hw.o(.bss.usbfs_prescaler)
    xQueueRegistry                           0x20015328   Data          64  queue.o(.bss.xQueueRegistry)
    __heap_base                              0x200153b0   Data           0  startup_gd32f30x_cl.o(HEAP)
    __heap_limit                             0x200157b0   Data           0  startup_gd32f30x_cl.o(HEAP)
    __initial_sp                             0x20015bb0   Data           0  startup_gd32f30x_cl.o(STACK)



==============================================================================

Memory Map of the image

  Image Entry point : 0x08000151

  Load Region LR_IROM1 (Base: 0x08000000, Size: 0x000092a8, Max: 0x00040000, ABSOLUTE, COMPRESSED[0x000090a0])

    Execution Region ER_IROM1 (Exec base: 0x08000000, Load base: 0x08000000, Size: 0x00008fe0, Max: 0x00040000, ABSOLUTE)

    Exec Addr    Load Addr    Size         Type   Attr      Idx    E Section Name        Object

    0x08000000   0x08000000   0x00000150   Data   RO          129    RESET               startup_gd32f30x_cl.o
    0x08000150   0x08000150   0x00000000   Code   RO         3151  * .ARM.Collect$$$$00000000  mc_w.l(entry.o)
    0x08000150   0x08000150   0x00000004   Code   RO         3459    .ARM.Collect$$$$00000001  mc_w.l(entry2.o)
    0x08000154   0x08000154   0x00000004   Code   RO         3462    .ARM.Collect$$$$00000004  mc_w.l(entry5.o)
    0x08000158   0x08000158   0x00000000   Code   RO         3464    .ARM.Collect$$$$00000008  mc_w.l(entry7b.o)
    0x08000158   0x08000158   0x00000000   Code   RO         3466    .ARM.Collect$$$$0000000A  mc_w.l(entry8b.o)
    0x08000158   0x08000158   0x00000008   Code   RO         3467    .ARM.Collect$$$$0000000B  mc_w.l(entry9a.o)
    0x08000160   0x08000160   0x00000000   Code   RO         3469    .ARM.Collect$$$$0000000D  mc_w.l(entry10a.o)
    0x08000160   0x08000160   0x00000000   Code   RO         3471    .ARM.Collect$$$$0000000F  mc_w.l(entry11a.o)
    0x08000160   0x08000160   0x00000004   Code   RO         3460    .ARM.Collect$$$$00002712  mc_w.l(entry2.o)
    0x08000164   0x08000164   0x00000024   Code   RO          130    .text               startup_gd32f30x_cl.o
    0x08000188   0x08000188   0x00000062   Code   RO         3154    .text               mc_w.l(uldiv.o)
    0x080001ea   0x080001ea   0x00000024   Code   RO         3156    .text               mc_w.l(memcpya.o)
    0x0800020e   0x0800020e   0x00000024   Code   RO         3158    .text               mc_w.l(memseta.o)
    0x08000232   0x08000232   0x0000000e   Code   RO         3160    .text               mc_w.l(strlen.o)
    0x08000240   0x08000240   0x0000001c   Code   RO         3162    .text               mc_w.l(strcmp.o)
    0x0800025c   0x0800025c   0x00000012   Code   RO         3164    .text               mc_w.l(strcpy.o)
    0x0800026e   0x0800026e   0x0000001e   Code   RO         3166    .text               mc_w.l(strncmp.o)
    0x0800028c   0x0800028c   0x0000002c   Code   RO         3478    .text               mc_w.l(uidiv.o)
    0x080002b8   0x080002b8   0x0000001e   Code   RO         3480    .text               mc_w.l(llshl.o)
    0x080002d6   0x080002d6   0x00000020   Code   RO         3482    .text               mc_w.l(llushr.o)
    0x080002f6   0x080002f6   0x00000000   Code   RO         3486    .text               mc_w.l(iusefp.o)
    0x080002f6   0x080002f6   0x0000014e   Code   RO         3487    .text               mf_w.l(dadd.o)
    0x08000444   0x08000444   0x000000e4   Code   RO         3489    .text               mf_w.l(dmul.o)
    0x08000528   0x08000528   0x000000de   Code   RO         3491    .text               mf_w.l(ddiv.o)
    0x08000606   0x08000606   0x00000030   Code   RO         3493    .text               mf_w.l(dfixul.o)
    0x08000636   0x08000636   0x00000002   PAD
    0x08000638   0x08000638   0x00000030   Code   RO         3495    .text               mf_w.l(cdrcmple.o)
    0x08000668   0x08000668   0x00000024   Code   RO         3497    .text               mc_w.l(init.o)
    0x0800068c   0x0800068c   0x00000024   Code   RO         3500    .text               mc_w.l(llsshr.o)
    0x080006b0   0x080006b0   0x000000ba   Code   RO         3503    .text               mf_w.l(depilogue.o)
    0x0800076a   0x0800076a   0x00000056   Code   RO         3513    .text               mc_w.l(__dczerorl2.o)
    0x080007c0   0x080007c0   0x00000002   Code   RO           55    .text.BusFault_Handler  gd32f30x_it.o
    0x080007c2   0x080007c2   0x00000002   PAD
    0x080007c4   0x080007c4   0x00000060   Code   RO         2947    .text.CalulateCRC   rfid_si522_driver.o
    0x08000824   0x08000824   0x00000018   Code   RO         2941    .text.ClearBitMask  rfid_si522_driver.o
    0x0800083c   0x0800083c   0x00000006   Code   RO         2699    .text.DMA0_Channel1_IRQHandler  uart_device.o
    0x08000842   0x08000842   0x00000002   PAD
    0x08000844   0x08000844   0x00000006   Code   RO         2693    .text.DMA0_Channel3_IRQHandler  uart_device.o
    0x0800084a   0x0800084a   0x00000002   PAD
    0x0800084c   0x0800084c   0x00000006   Code   RO         2697    .text.DMA0_Channel6_IRQHandler  uart_device.o
    0x08000852   0x08000852   0x00000002   PAD
    0x08000854   0x08000854   0x00000006   Code   RO         2701    .text.DMA1_Channel4_IRQHandler  uart_device.o
    0x0800085a   0x0800085a   0x00000002   PAD
    0x0800085c   0x0800085c   0x00000002   Code   RO           59    .text.DebugMon_Handler  gd32f30x_it.o
    0x0800085e   0x0800085e   0x00000002   PAD
    0x08000860   0x08000860   0x00000002   Code   RO           51    .text.HardFault_Handler  gd32f30x_it.o
    0x08000862   0x08000862   0x00000002   PAD
    0x08000864   0x08000864   0x00000002   Code   RO           53    .text.MemManage_Handler  gd32f30x_it.o
    0x08000866   0x08000866   0x00000002   PAD
    0x08000868   0x08000868   0x00000002   Code   RO           49    .text.NMI_Handler   gd32f30x_it.o
    0x0800086a   0x0800086a   0x00000002   PAD
    0x0800086c   0x0800086c   0x00000070   Code   RO         2957    .text.PcdAnticoll   rfid_si522_driver.o
    0x080008dc   0x080008dc   0x00000128   Code   RO         2949    .text.PcdComMF522   rfid_si522_driver.o
    0x08000a04   0x08000a04   0x0000002e   Code   RO         2951    .text.PcdHalt       rfid_si522_driver.o
    0x08000a32   0x08000a32   0x00000002   PAD
    0x08000a34   0x08000a34   0x00000054   Code   RO         2953    .text.PcdRequest    rfid_si522_driver.o
    0x08000a88   0x08000a88   0x00000068   Code   RO         2955    .text.PcdSelect     rfid_si522_driver.o
    0x08000af0   0x08000af0   0x00000064   Code   RO         2497    .text.PendSV_Handler  port.o
    0x08000b54   0x08000b54   0x0000000c   PAD
    0x08000b60   0x08000b60   0x00000024   Code   RO         2493    .text.SVC_Handler   port.o
    0x08000b84   0x08000b84   0x00000018   Code   RO         2943    .text.SetBitMask    rfid_si522_driver.o
    0x08000b9c   0x08000b9c   0x0000002c   Code   RO           79    .text.SysTick_Config  systick.o
    0x08000bc8   0x08000bc8   0x0000002e   Code   RO         2511    .text.SysTick_Handler  port.o
    0x08000bf6   0x08000bf6   0x00000002   PAD
    0x08000bf8   0x08000bf8   0x00000148   Code   RO           29    .text.SystemInit    system_gd32f30x.o
    0x08000d40   0x08000d40   0x00000004   Code   RO           67    .text.TIMER2_IRQHandler  gd32f30x_it.o
    0x08000d44   0x08000d44   0x0000014c   Code   RO         2959    .text.Test_Si522_GetUID  rfid_si522_driver.o
    0x08000e90   0x08000e90   0x00000004   Code   RO         2703    .text.UART4_IRQHandler  uart_device.o
    0x08000e94   0x08000e94   0x0000000c   Code   RO           61    .text.USBFS_IRQHandler  gd32f30x_it.o
    0x08000ea0   0x08000ea0   0x00000040   Code   RO           63    .text.USBFS_WKUP_IRQHandler  gd32f30x_it.o
    0x08000ee0   0x08000ee0   0x00000002   Code   RO           57    .text.UsageFault_Handler  gd32f30x_it.o
    0x08000ee2   0x08000ee2   0x00000002   PAD
    0x08000ee4   0x08000ee4   0x0000000e   Code   RO           81    .text.__NVIC_SetPriority  systick.o
    0x08000ef2   0x08000ef2   0x00000002   PAD
    0x08000ef4   0x08000ef4   0x00000022   Code   RO           31    .text._soft_delay_  system_gd32f30x.o
    0x08000f16   0x08000f16   0x00000002   PAD
    0x08000f18   0x08000f18   0x0000000c   Code   RO         1937    .text._usb_bos_desc_get  usbd_enum.o
    0x08000f24   0x08000f24   0x0000000c   Code   RO         1941    .text._usb_config_desc_get  usbd_enum.o
    0x08000f30   0x08000f30   0x0000000c   Code   RO         1939    .text._usb_dev_desc_get  usbd_enum.o
    0x08000f3c   0x08000f3c   0x0000006a   Code   RO         1911    .text._usb_std_clearfeature  usbd_enum.o
    0x08000fa6   0x08000fa6   0x00000002   PAD
    0x08000fa8   0x08000fa8   0x00000032   Code   RO         1923    .text._usb_std_getconfiguration  usbd_enum.o
    0x08000fda   0x08000fda   0x00000002   PAD
    0x08000fdc   0x08000fdc   0x000000e2   Code   RO         1919    .text._usb_std_getdescriptor  usbd_enum.o
    0x080010be   0x080010be   0x00000002   PAD
    0x080010c0   0x080010c0   0x00000030   Code   RO         1927    .text._usb_std_getinterface  usbd_enum.o
    0x080010f0   0x080010f0   0x000000a8   Code   RO         1909    .text._usb_std_getstatus  usbd_enum.o
    0x08001198   0x08001198   0x00000004   Code   RO         1913    .text._usb_std_reserved  usbd_enum.o
    0x0800119c   0x0800119c   0x0000003c   Code   RO         1917    .text._usb_std_setaddress  usbd_enum.o
    0x080011d8   0x080011d8   0x00000088   Code   RO         1925    .text._usb_std_setconfiguration  usbd_enum.o
    0x08001260   0x08001260   0x00000004   Code   RO         1921    .text._usb_std_setdescriptor  usbd_enum.o
    0x08001264   0x08001264   0x00000060   Code   RO         1915    .text._usb_std_setfeature  usbd_enum.o
    0x080012c4   0x080012c4   0x0000002a   Code   RO         1929    .text._usb_std_setinterface  usbd_enum.o
    0x080012ee   0x080012ee   0x00000002   PAD
    0x080012f0   0x080012f0   0x00000004   Code   RO         1931    .text._usb_std_synchframe  usbd_enum.o
    0x080012f4   0x080012f4   0x00000010   Code   RO         1943    .text._usb_str_desc_get  usbd_enum.o
    0x08001304   0x08001304   0x0000013c   Code   RO            8    .text.app_task_start  main.o
    0x08001440   0x08001440   0x0000000e   Code   RO         2606    .text.auto_calculate_i2c_delay  i2c_driver.o
    0x0800144e   0x0800144e   0x00000002   PAD
    0x08001450   0x08001450   0x00000020   Code   RO         2608    .text.calculate_soft_i2c_delay  i2c_driver.o
    0x08001470   0x08001470   0x0000001a   Code   RO         1992    .text.cdc_acm_check_ready  cdc_acm_core.o
    0x0800148a   0x0800148a   0x00000002   PAD
    0x0800148c   0x0800148c   0x0000002c   Code   RO         1986    .text.cdc_acm_ctlx_out  cdc_acm_core.o
    0x080014b8   0x080014b8   0x00000012   Code   RO         1996    .text.cdc_acm_data_receive  cdc_acm_core.o
    0x080014ca   0x080014ca   0x00000002   PAD
    0x080014cc   0x080014cc   0x0000001e   Code   RO         1982    .text.cdc_acm_deinit  cdc_acm_core.o
    0x080014ea   0x080014ea   0x00000002   PAD
    0x080014ec   0x080014ec   0x0000003e   Code   RO         1988    .text.cdc_acm_in    cdc_acm_core.o
    0x0800152a   0x0800152a   0x00000002   PAD
    0x0800152c   0x0800152c   0x00000052   Code   RO         1980    .text.cdc_acm_init  cdc_acm_core.o
    0x0800157e   0x0800157e   0x00000002   PAD
    0x08001580   0x08001580   0x0000001a   Code   RO         1990    .text.cdc_acm_out   cdc_acm_core.o
    0x0800159a   0x0800159a   0x00000002   PAD
    0x0800159c   0x0800159c   0x00000058   Code   RO         1984    .text.cdc_acm_req   cdc_acm_core.o
    0x080015f4   0x080015f4   0x0000001a   Code   RO           85    .text.delay_1ms     systick.o
    0x0800160e   0x0800160e   0x00000002   PAD
    0x08001610   0x08001610   0x0000004a   Code   RO           83    .text.delay_1us     systick.o
    0x0800165a   0x0800165a   0x00000002   PAD
    0x0800165c   0x0800165c   0x0000003e   Code   RO         2654    .text.device_create  device.o
    0x0800169a   0x0800169a   0x00000002   PAD
    0x0800169c   0x0800169c   0x0000002a   Code   RO         2656    .text.device_get_obj  device.o
    0x080016c6   0x080016c6   0x00000002   PAD
    0x080016c8   0x080016c8   0x0000000e   Code   RO         2658    .text.device_init   device.o
    0x080016d6   0x080016d6   0x00000002   PAD
    0x080016d8   0x080016d8   0x00000012   Code   RO         2664    .text.device_read   device.o
    0x080016ea   0x080016ea   0x00000002   PAD
    0x080016ec   0x080016ec   0x00000012   Code   RO         2666    .text.device_write  device.o
    0x080016fe   0x080016fe   0x00000002   PAD
    0x08001700   0x08001700   0x00000022   Code   RO          498    .text.dma_channel_disable  gd32f30x_dma.o
    0x08001722   0x08001722   0x00000002   PAD
    0x08001724   0x08001724   0x00000022   Code   RO          496    .text.dma_channel_enable  gd32f30x_dma.o
    0x08001746   0x08001746   0x00000002   PAD
    0x08001748   0x08001748   0x00000022   Code   RO          490    .text.dma_circulation_disable  gd32f30x_dma.o
    0x0800176a   0x0800176a   0x00000002   PAD
    0x0800176c   0x0800176c   0x00000022   Code   RO          488    .text.dma_circulation_enable  gd32f30x_dma.o
    0x0800178e   0x0800178e   0x00000002   PAD
    0x08001790   0x08001790   0x0000003a   Code   RO          480    .text.dma_deinit    gd32f30x_dma.o
    0x080017ca   0x080017ca   0x00000002   PAD
    0x080017cc   0x080017cc   0x00000072   Code   RO          486    .text.dma_init      gd32f30x_dma.o
    0x0800183e   0x0800183e   0x00000002   PAD
    0x08001840   0x08001840   0x00000022   Code   RO          532    .text.dma_interrupt_enable  gd32f30x_dma.o
    0x08001862   0x08001862   0x00000002   PAD
    0x08001864   0x08001864   0x0000000e   Code   RO          530    .text.dma_interrupt_flag_clear  gd32f30x_dma.o
    0x08001872   0x08001872   0x00000002   PAD
    0x08001874   0x08001874   0x00000036   Code   RO          528    .text.dma_interrupt_flag_get  gd32f30x_dma.o
    0x080018aa   0x080018aa   0x00000002   PAD
    0x080018ac   0x080018ac   0x0000001a   Code   RO          482    .text.dma_periph_and_channel_check  gd32f30x_dma.o
    0x080018c6   0x080018c6   0x00000002   PAD
    0x080018c8   0x080018c8   0x0000001a   Code   RO          484    .text.dma_struct_para_init  gd32f30x_dma.o
    0x080018e2   0x080018e2   0x00000002   PAD
    0x080018e4   0x080018e4   0x0000001a   Code   RO          506    .text.dma_transfer_number_get  gd32f30x_dma.o
    0x080018fe   0x080018fe   0x00000002   PAD
    0x08001900   0x08001900   0x00000052   Code   RO         2695    .text.dma_tx_irq_handler  uart_device.o
    0x08001952   0x08001952   0x00000002   PAD
    0x08001954   0x08001954   0x00000008   Code   RO         2529    .text.drv_gpio_af_rcu_enable  gpio_driver.o
    0x0800195c   0x0800195c   0x00000048   Code   RO         2527    .text.drv_gpio_init  gpio_driver.o
    0x080019a4   0x080019a4   0x0000001c   Code   RO         2533    .text.drv_gpio_read  gpio_driver.o
    0x080019c0   0x080019c0   0x00000018   Code   RO         2531    .text.drv_gpio_write  gpio_driver.o
    0x080019d8   0x080019d8   0x0000000c   Code   RO          839    .text.exti_interrupt_flag_clear  gd32f30x_exti.o
    0x080019e4   0x080019e4   0x00000048   Code   RO         2592    .text.gd32_spi_init  w25qxx_driver.o
    0x08001a2c   0x08001a2c   0x000000b2   Code   RO          958    .text.gpio_init     gd32f30x_gpio.o
    0x08001ade   0x08001ade   0x00000002   PAD
    0x08001ae0   0x08001ae0   0x0000000a   Code   RO          968    .text.gpio_input_bit_get  gd32f30x_gpio.o
    0x08001aea   0x08001aea   0x00000002   PAD
    0x08001aec   0x08001aec   0x0000000a   Code   RO          972    .text.gpio_output_bit_get  gd32f30x_gpio.o
    0x08001af6   0x08001af6   0x00000002   PAD
    0x08001af8   0x08001af8   0x0000000c   Code   RO         2832    .text.gps_pwr_gpio_init  gps.o
    0x08001b04   0x08001b04   0x0000000a   Code   RO         2834    .text.gps_pwr_on    gps.o
    0x08001b0e   0x08001b0e   0x00000002   PAD
    0x08001b10   0x08001b10   0x00000080   Code   RO         2830    .text.gps_task      gps.o
    0x08001b90   0x08001b90   0x0000002a   Code   RO          108    .text.hw_delay      gd32f30x_hw.o
    0x08001bba   0x08001bba   0x00000002   PAD
    0x08001bbc   0x08001bbc   0x00000072   Code   RO          114    .text.hw_time_set   gd32f30x_hw.o
    0x08001c2e   0x08001c2e   0x00000002   PAD
    0x08001c30   0x08001c30   0x0000003a   Code   RO         2622    .text.i2c_ack       i2c_driver.o
    0x08001c6a   0x08001c6a   0x00000002   PAD
    0x08001c6c   0x08001c6c   0x00000006   Code   RO         2618    .text.i2c_delay_us  i2c_driver.o
    0x08001c72   0x08001c72   0x00000002   PAD
    0x08001c74   0x08001c74   0x00000074   Code   RO         2771    .text.i2c_device_create  i2c_device.o
    0x08001ce8   0x08001ce8   0x00000004   Code   RO         2775    .text.i2c_device_deinit  i2c_device.o
    0x08001cec   0x08001cec   0x0000000c   Code   RO         2769    .text.i2c_device_get  i2c_device.o
    0x08001cf8   0x08001cf8   0x00000038   Code   RO         2773    .text.i2c_device_init  i2c_device.o
    0x08001d30   0x08001d30   0x00000028   Code   RO         2777    .text.i2c_device_read  i2c_device.o
    0x08001d58   0x08001d58   0x00000028   Code   RO         2779    .text.i2c_device_write  i2c_device.o
    0x08001d80   0x08001d80   0x0000004e   Code   RO         2610    .text.i2c_init      i2c_driver.o
    0x08001dce   0x08001dce   0x00000002   PAD
    0x08001dd0   0x08001dd0   0x00000042   Code   RO         2636    .text.i2c_read_byte  i2c_driver.o
    0x08001e12   0x08001e12   0x00000002   PAD
    0x08001e14   0x08001e14   0x00000092   Code   RO         2638    .text.i2c_read_reg  i2c_driver.o
    0x08001ea6   0x08001ea6   0x00000002   PAD
    0x08001ea8   0x08001ea8   0x0000000c   Code   RO         2616    .text.i2c_scl_high  i2c_driver.o
    0x08001eb4   0x08001eb4   0x0000000c   Code   RO         2624    .text.i2c_scl_low   i2c_driver.o
    0x08001ec0   0x08001ec0   0x0000000c   Code   RO         2620    .text.i2c_sda_high  i2c_driver.o
    0x08001ecc   0x08001ecc   0x0000000e   Code   RO         2630    .text.i2c_sda_in    i2c_driver.o
    0x08001eda   0x08001eda   0x00000002   PAD
    0x08001edc   0x08001edc   0x0000000c   Code   RO         2626    .text.i2c_sda_low   i2c_driver.o
    0x08001ee8   0x08001ee8   0x0000000e   Code   RO         2614    .text.i2c_sda_out   i2c_driver.o
    0x08001ef6   0x08001ef6   0x00000002   PAD
    0x08001ef8   0x08001ef8   0x00000012   Code   RO         2632    .text.i2c_sda_read  i2c_driver.o
    0x08001f0a   0x08001f0a   0x00000002   PAD
    0x08001f0c   0x08001f0c   0x00000050   Code   RO         2634    .text.i2c_send_byte  i2c_driver.o
    0x08001f5c   0x08001f5c   0x00000030   Code   RO         2640    .text.i2c_start     i2c_driver.o
    0x08001f8c   0x08001f8c   0x00000024   Code   RO         2612    .text.i2c_stop      i2c_driver.o
    0x08001fb0   0x08001fb0   0x00000052   Code   RO         2628    .text.i2c_wait_ack  i2c_driver.o
    0x08002002   0x08002002   0x00000002   PAD
    0x08002004   0x08002004   0x00000076   Code   RO         2642    .text.i2c_write_reg  i2c_driver.o
    0x0800207a   0x0800207a   0x00000002   PAD
    0x0800207c   0x0800207c   0x0000003a   Code   RO         1905    .text.int_to_unicode  usbd_enum.o
    0x080020b6   0x080020b6   0x00000002   PAD
    0x080020b8   0x080020b8   0x00000014   Code   RO         3123    .text.key_1_scan_hdl  key.o
    0x080020cc   0x080020cc   0x00000014   Code   RO         3125    .text.key_2_scan_hdl  key.o
    0x080020e0   0x080020e0   0x000002c4   Code   RO         3135    .text.key_fsm_process  key.o
    0x080023a4   0x080023a4   0x0000000c   Code   RO         3133    .text.key_init      key.o
    0x080023b0   0x080023b0   0x0000007c   Code   RO         3131    .text.key_scan_task  key.o
    0x0800242c   0x0800242c   0x00000032   Code   RO         2883    .text.lcd_clear_point  lcd_draw.o
    0x0800245e   0x0800245e   0x00000002   PAD
    0x08002460   0x08002460   0x0000001a   Code   RO         2893    .text.lcd_clear_screen  lcd_draw.o
    0x0800247a   0x0800247a   0x00000002   PAD
    0x0800247c   0x0800247c   0x0000000e   Code   RO         2905    .text.lcd_darw_init  lcd_draw.o
    0x0800248a   0x0800248a   0x00000002   PAD
    0x0800248c   0x0800248c   0x00000032   Code   RO         2881    .text.lcd_draw_point  lcd_draw.o
    0x080024be   0x080024be   0x00000002   PAD
    0x080024c0   0x080024c0   0x00000042   Code   RO         2891    .text.lcd_draw_refresh  lcd_draw.o
    0x08002502   0x08002502   0x00000002   PAD
    0x08002504   0x08002504   0x0000002e   Code   RO         2545    .text.lcd_gpio_init  lcd_st756x_driver.o
    0x08002532   0x08002532   0x00000002   PAD
    0x08002534   0x08002534   0x000000b2   Code   RO         2551    .text.lcd_init      lcd_st756x_driver.o
    0x080025e6   0x080025e6   0x00000002   PAD
    0x080025e8   0x080025e8   0x000000a8   Code   RO         2901    .text.lcd_show_chr  lcd_draw.o
    0x08002690   0x08002690   0x00000050   Code   RO         2903    .text.lcd_show_string  lcd_draw.o
    0x080026e0   0x080026e0   0x0000005e   Code   RO         2547    .text.lcd_write_cmd  lcd_st756x_driver.o
    0x0800273e   0x0800273e   0x00000002   PAD
    0x08002740   0x08002740   0x0000005e   Code   RO         2549    .text.lcd_write_data  lcd_st756x_driver.o
    0x0800279e   0x0800279e   0x00000002   PAD
    0x080027a0   0x080027a0   0x0000004e   Code   RO         3113    .text.led_task      led.o
    0x080027ee   0x080027ee   0x00000002   PAD
    0x080027f0   0x080027f0   0x00000050   Code   RO         3091    .text.linklist_create  my_linklist.o
    0x08002840   0x08002840   0x00000058   Code   RO         3097    .text.linklist_insert_after  my_linklist.o
    0x08002898   0x08002898   0x00000030   Code   RO         2795    .text.log_output    user_log.o
    0x080028c8   0x080028c8   0x00000118   Code   RO         2797    .text.log_print     user_log.o
    0x080029e0   0x080029e0   0x0000001a   Code   RO           10    .text.main          main.o
    0x080029fa   0x080029fa   0x00000002   PAD
    0x080029fc   0x080029fc   0x0000004c   Code   RO         2854    .text.menu_1_dis    menu_1.o
    0x08002a48   0x08002a48   0x0000001c   Code   RO         2856    .text.menu_1_refresh  menu_1.o
    0x08002a64   0x08002a64   0x00000054   Code   RO         2858    .text.menu_2_dis    menu_1.o
    0x08002ab8   0x08002ab8   0x0000001c   Code   RO         2860    .text.menu_2_refresh  menu_1.o
    0x08002ad4   0x08002ad4   0x00000054   Code   RO         2862    .text.menu_3_dis    menu_1.o
    0x08002b28   0x08002b28   0x0000001c   Code   RO         2864    .text.menu_3_refresh  menu_1.o
    0x08002b44   0x08002b44   0x00000054   Code   RO         2866    .text.menu_4_dis    menu_1.o
    0x08002b98   0x08002b98   0x0000001c   Code   RO         2868    .text.menu_4_refresh  menu_1.o
    0x08002bb4   0x08002bb4   0x0000009c   Code   RO         2846    .text.menu_add_item  menu_1.o
    0x08002c50   0x08002c50   0x00000090   Code   RO         2852    .text.menu_init     menu_1.o
    0x08002ce0   0x08002ce0   0x00000036   Code   RO         2850    .text.menu_task     menu_1.o
    0x08002d16   0x08002d16   0x00000002   PAD
    0x08002d18   0x08002d18   0x000000a6   Code   RO         1076    .text.nvic_irq_enable  gd32f30x_misc.o
    0x08002dbe   0x08002dbe   0x00000002   PAD
    0x08002dc0   0x08002dc0   0x00000014   Code   RO         1074    .text.nvic_priority_group_set  gd32f30x_misc.o
    0x08002dd4   0x08002dd4   0x00000004   Code   RO         3043    .text.os_enter_critical  os_port.o
    0x08002dd8   0x08002dd8   0x00000004   Code   RO         3047    .text.os_exit_critical  os_port.o
    0x08002ddc   0x08002ddc   0x0000000a   Code   RO         3049    .text.os_free       os_port.o
    0x08002de6   0x08002de6   0x00000002   PAD
    0x08002de8   0x08002de8   0x00000004   Code   RO         3051    .text.os_malloc     os_port.o
    0x08002dec   0x08002dec   0x00000004   Code   RO         3045    .text.os_sart_scheduler  os_port.o
    0x08002df0   0x08002df0   0x0000000a   Code   RO         3013    .text.os_sem_create  os_port.o
    0x08002dfa   0x08002dfa   0x00000002   PAD
    0x08002dfc   0x08002dfc   0x0000000a   Code   RO         3025    .text.os_sem_release  os_port.o
    0x08002e06   0x08002e06   0x00000002   PAD
    0x08002e08   0x08002e08   0x00000004   Code   RO         3027    .text.os_sem_release_from_isr  os_port.o
    0x08002e0c   0x08002e0c   0x00000008   Code   RO         3021    .text.os_sem_take   os_port.o
    0x08002e14   0x08002e14   0x00000030   Code   RO         2999    .text.os_task_create  os_port.o
    0x08002e44   0x08002e44   0x00000004   Code   RO         2995    .text.os_task_mdelay  os_port.o
    0x08002e48   0x08002e48   0x00000004   Code   RO         2993    .text.os_tick_ms_get  os_port.o
    0x08002e4c   0x08002e4c   0x000000f2   Code   RO         1125    .text.pmu_to_deepsleepmode  gd32f30x_pmu.o
    0x08002f3e   0x08002f3e   0x00000002   PAD
    0x08002f40   0x08002f40   0x000000ca   Code   RO         2233    .text.prvAddCurrentTaskToDelayedList  tasks.o
    0x0800300a   0x0800300a   0x00000002   PAD
    0x0800300c   0x0800300c   0x000000ce   Code   RO         2221    .text.prvAddNewTaskToReadyList  tasks.o
    0x080030da   0x080030da   0x00000002   PAD
    0x080030dc   0x080030dc   0x00000068   Code   RO         2383    .text.prvCheckForValidListAndQueue  timers.o
    0x08003144   0x08003144   0x0000004e   Code   RO         2267    .text.prvCheckTasksWaitingTermination  tasks.o
    0x08003192   0x08003192   0x00000002   PAD
    0x08003194   0x08003194   0x00000022   Code   RO         2102    .text.prvCopyDataFromQueue  queue.o
    0x080031b6   0x080031b6   0x00000002   PAD
    0x080031b8   0x080031b8   0x00000076   Code   RO         2090    .text.prvCopyDataToQueue  queue.o
    0x0800322e   0x0800322e   0x00000002   PAD
    0x08003230   0x08003230   0x00000036   Code   RO         2263    .text.prvCreateIdleTasks  tasks.o
    0x08003266   0x08003266   0x00000002   PAD
    0x08003268   0x08003268   0x00000056   Code   RO         2219    .text.prvCreateTask  tasks.o
    0x080032be   0x080032be   0x00000002   PAD
    0x080032c0   0x080032c0   0x00000014   Code   RO         2227    .text.prvDeleteTCB  tasks.o
    0x080032d4   0x080032d4   0x00000012   Code   RO         2106    .text.prvGetDisinheritPriorityAfterTimeout  queue.o
    0x080032e6   0x080032e6   0x00000002   PAD
    0x080032e8   0x080032e8   0x00000020   Code   RO         2421    .text.prvGetNextExpireTime  timers.o
    0x08003308   0x08003308   0x0000006e   Code   RO         2455    .text.prvHeapInit   heap_4.o
    0x08003376   0x08003376   0x00000002   PAD
    0x08003378   0x08003378   0x0000002a   Code   RO         2347    .text.prvIdleTask   tasks.o
    0x080033a2   0x080033a2   0x00000002   PAD
    0x080033a4   0x080033a4   0x00000020   Code   RO         2074    .text.prvInitialiseNewQueue  queue.o
    0x080033c4   0x080033c4   0x00000092   Code   RO         2343    .text.prvInitialiseNewTask  tasks.o
    0x08003456   0x08003456   0x00000002   PAD
    0x08003458   0x08003458   0x00000070   Code   RO         2345    .text.prvInitialiseTaskLists  tasks.o
    0x080034c8   0x080034c8   0x00000094   Code   RO         2459    .text.prvInsertBlockIntoFreeList  heap_4.o
    0x0800355c   0x0800355c   0x00000040   Code   RO         2435    .text.prvInsertTimerInActiveList  timers.o
    0x0800359c   0x0800359c   0x00000018   Code   RO         2104    .text.prvIsQueueEmpty  queue.o
    0x080035b4   0x080035b4   0x0000001c   Code   RO         2092    .text.prvIsQueueFull  queue.o
    0x080035d0   0x080035d0   0x00000028   Code   RO         2503    .text.prvPortStartFirstTask  port.o
    0x080035f8   0x080035f8   0x00000040   Code   RO         2429    .text.prvProcessExpiredTimer  timers.o
    0x08003638   0x08003638   0x00000106   Code   RO         2425    .text.prvProcessReceivedCommands  timers.o
    0x0800373e   0x0800373e   0x00000002   PAD
    0x08003740   0x08003740   0x00000080   Code   RO         2423    .text.prvProcessTimerOrBlockTask  timers.o
    0x080037c0   0x080037c0   0x00000038   Code   RO         2433    .text.prvReloadTimer  timers.o
    0x080037f8   0x080037f8   0x00000026   Code   RO         2225    .text.prvResetNextTaskUnblockTime  tasks.o
    0x0800381e   0x0800381e   0x00000002   PAD
    0x08003820   0x08003820   0x0000002a   Code   RO         2427    .text.prvSampleTimeNow  timers.o
    0x0800384a   0x0800384a   0x00000002   PAD
    0x0800384c   0x0800384c   0x00000034   Code   RO         2431    .text.prvSwitchTimerLists  timers.o
    0x08003880   0x08003880   0x00000032   Code   RO         2491    .text.prvTaskExitError  port.o
    0x080038b2   0x080038b2   0x00000002   PAD
    0x080038b4   0x080038b4   0x00000016   Code   RO         2385    .text.prvTimerTask  timers.o
    0x080038ca   0x080038ca   0x00000002   PAD
    0x080038cc   0x080038cc   0x00000074   Code   RO         2094    .text.prvUnlockQueue  queue.o
    0x08003940   0x08003940   0x000001c2   Code   RO         2453    .text.pvPortMalloc  heap_4.o
    0x08003b02   0x08003b02   0x00000002   PAD
    0x08003b04   0x08003b04   0x00000016   Code   RO         2325    .text.pvTaskIncrementMutexHeldCount  tasks.o
    0x08003b1a   0x08003b1a   0x00000002   PAD
    0x08003b1c   0x08003b1c   0x00000026   Code   RO         2489    .text.pxPortInitialiseStack  port.o
    0x08003b42   0x08003b42   0x00000002   PAD
    0x08003b44   0x08003b44   0x00000074   Code   RO         3065    .text.queue_create  my_queue.o
    0x08003bb8   0x08003bb8   0x00000016   Code   RO         3073    .text.queue_is_empty  my_queue.o
    0x08003bce   0x08003bce   0x00000002   PAD
    0x08003bd0   0x08003bd0   0x00000046   Code   RO         3071    .text.queue_pop     my_queue.o
    0x08003c16   0x08003c16   0x00000002   PAD
    0x08003c18   0x08003c18   0x00000050   Code   RO         3067    .text.queue_push    my_queue.o
    0x08003c68   0x08003c68   0x0000005e   Code   RO         3069    .text.queue_push_len  my_queue.o
    0x08003cc6   0x08003cc6   0x00000002   PAD
    0x08003cc8   0x08003cc8   0x00000124   Code   RO         1228    .text.rcu_clock_freq_get  gd32f30x_rcu.o
    0x08003dec   0x08003dec   0x0000001e   Code   RO         1210    .text.rcu_flag_get  gd32f30x_rcu.o
    0x08003e0a   0x08003e0a   0x00000002   PAD
    0x08003e0c   0x08003e0c   0x00000020   Code   RO         1212    .text.rcu_osci_on   gd32f30x_rcu.o
    0x08003e2c   0x08003e2c   0x00000020   Code   RO         1156    .text.rcu_periph_clock_enable  gd32f30x_rcu.o
    0x08003e4c   0x08003e4c   0x00000022   Code   RO         1166    .text.rcu_periph_reset_disable  gd32f30x_rcu.o
    0x08003e6e   0x08003e6e   0x00000002   PAD
    0x08003e70   0x08003e70   0x00000020   Code   RO         1164    .text.rcu_periph_reset_enable  gd32f30x_rcu.o
    0x08003e90   0x08003e90   0x00000014   Code   RO         1172    .text.rcu_system_clock_source_config  gd32f30x_rcu.o
    0x08003ea4   0x08003ea4   0x00000010   Code   RO         1174    .text.rcu_system_clock_source_get  gd32f30x_rcu.o
    0x08003eb4   0x08003eb4   0x00000014   Code   RO         1198    .text.rcu_usb_clock_config  gd32f30x_rcu.o
    0x08003ec8   0x08003ec8   0x00000042   Code   RO           65    .text.resume_mcu_clk  gd32f30x_it.o
    0x08003f0a   0x08003f0a   0x00000002   PAD
    0x08003f0c   0x08003f0c   0x00000036   Code   RO         2963    .text.rfid_si522_gpio_init  rfid_si522_driver.o
    0x08003f42   0x08003f42   0x00000002   PAD
    0x08003f44   0x08003f44   0x0000005c   Code   RO         2931    .text.rfid_si522_i2c_init  rfid_si522_driver.o
    0x08003fa0   0x08003fa0   0x0000006e   Code   RO         2961    .text.rfid_si522_init  rfid_si522_driver.o
    0x0800400e   0x0800400e   0x00000002   PAD
    0x08004010   0x08004010   0x000000ac   Code   RO         2965    .text.rfid_si522_reset  rfid_si522_driver.o
    0x080040bc   0x080040bc   0x0000004c   Code   RO         2921    .text.rfid_task     rfid_1.o
    0x08004108   0x08004108   0x0000004c   Code   RO         1907    .text.serial_string_get  usbd_enum.o
    0x08004154   0x08004154   0x0000001c   Code   RO         2967    .text.si522_antenna_on  rfid_si522_driver.o
    0x08004170   0x08004170   0x0000002e   Code   RO         2937    .text.si522_read_reg  rfid_si522_driver.o
    0x0800419e   0x0800419e   0x00000002   PAD
    0x080041a0   0x080041a0   0x00000028   Code   RO         2939    .text.si522_write_reg  rfid_si522_driver.o
    0x080041c8   0x080041c8   0x00000044   Code   RO         2590    .text.spi0_gpio_init  w25qxx_driver.o
    0x0800420c   0x0800420c   0x00000052   Code   RO         2564    .text.spi0_write_read  w25qxx_driver.o
    0x0800425e   0x0800425e   0x00000002   PAD
    0x08004260   0x08004260   0x00000090   Code   RO         2749    .text.spi_device_create  spi_device.o
    0x080042f0   0x080042f0   0x00000004   Code   RO         2753    .text.spi_device_deinit  spi_device.o
    0x080042f4   0x080042f4   0x0000000c   Code   RO         2747    .text.spi_device_get  spi_device.o
    0x08004300   0x08004300   0x00000018   Code   RO         2751    .text.spi_device_init  spi_device.o
    0x08004318   0x08004318   0x00000022   Code   RO         2755    .text.spi_device_read  spi_device.o
    0x0800433a   0x0800433a   0x00000002   PAD
    0x0800433c   0x0800433c   0x00000022   Code   RO         2757    .text.spi_device_write  spi_device.o
    0x0800435e   0x0800435e   0x00000002   PAD
    0x08004360   0x08004360   0x0000000a   Code   RO         1391    .text.spi_enable    gd32f30x_spi.o
    0x0800436a   0x0800436a   0x00000002   PAD
    0x0800436c   0x0800436c   0x00000006   Code   RO         1419    .text.spi_i2s_data_receive  gd32f30x_spi.o
    0x08004372   0x08004372   0x00000002   PAD
    0x08004374   0x08004374   0x00000004   Code   RO         1417    .text.spi_i2s_data_transmit  gd32f30x_spi.o
    0x08004378   0x08004378   0x0000000a   Code   RO         1465    .text.spi_i2s_flag_get  gd32f30x_spi.o
    0x08004382   0x08004382   0x00000002   PAD
    0x08004384   0x08004384   0x00000032   Code   RO         1389    .text.spi_init      gd32f30x_spi.o
    0x080043b6   0x080043b6   0x00000002   PAD
    0x080043b8   0x080043b8   0x000000fc   Code   RO           37    .text.system_clock_120m_hxtal  system_gd32f30x.o
    0x080044b4   0x080044b4   0x00000004   Code   RO           33    .text.system_clock_config  system_gd32f30x.o
    0x080044b8   0x080044b8   0x0000002c   Code   RO           77    .text.systick_config  systick.o
    0x080044e4   0x080044e4   0x00000022   Code   RO            4    .text.task2         main.o
    0x08004506   0x08004506   0x00000002   PAD
    0x08004508   0x08004508   0x00000016   Code   RO            6    .text.task3         main.o
    0x0800451e   0x0800451e   0x00000002   PAD
    0x08004520   0x08004520   0x0000000a   Code   RO         1486    .text.timer_auto_reload_shadow_enable  gd32f30x_timer.o
    0x0800452a   0x0800452a   0x00000002   PAD
    0x0800452c   0x0800452c   0x0000000a   Code   RO         1484    .text.timer_disable  gd32f30x_timer.o
    0x08004536   0x08004536   0x00000002   PAD
    0x08004538   0x08004538   0x0000000a   Code   RO         1482    .text.timer_enable  gd32f30x_timer.o
    0x08004542   0x08004542   0x00000002   PAD
    0x08004544   0x08004544   0x000000b6   Code   RO         1480    .text.timer_init    gd32f30x_timer.o
    0x080045fa   0x080045fa   0x00000002   PAD
    0x080045fc   0x080045fc   0x0000000a   Code   RO         1518    .text.timer_interrupt_disable  gd32f30x_timer.o
    0x08004606   0x08004606   0x00000002   PAD
    0x08004608   0x08004608   0x00000008   Code   RO         1516    .text.timer_interrupt_enable  gd32f30x_timer.o
    0x08004610   0x08004610   0x00000006   Code   RO         1522    .text.timer_interrupt_flag_clear  gd32f30x_timer.o
    0x08004616   0x08004616   0x00000002   PAD
    0x08004618   0x08004618   0x00000014   Code   RO         1520    .text.timer_interrupt_flag_get  gd32f30x_timer.o
    0x0800462c   0x0800462c   0x00000004   Code   RO         2685    .text.uart_device_control  uart_device.o
    0x08004630   0x08004630   0x0000009c   Code   RO         2691    .text.uart_device_create  uart_device.o
    0x080046cc   0x080046cc   0x00000024   Code   RO         2683    .text.uart_device_deinit  uart_device.o
    0x080046f0   0x080046f0   0x00000036   Code   RO         2679    .text.uart_device_get  uart_device.o
    0x08004726   0x08004726   0x00000002   PAD
    0x08004728   0x08004728   0x0000000e   Code   RO         2677    .text.uart_device_get_by_id  uart_device.o
    0x08004736   0x08004736   0x00000002   PAD
    0x08004738   0x08004738   0x0000018a   Code   RO         2681    .text.uart_device_init  uart_device.o
    0x080048c2   0x080048c2   0x00000002   PAD
    0x080048c4   0x080048c4   0x0000006c   Code   RO         2689    .text.uart_device_read  uart_device.o
    0x08004930   0x08004930   0x000000fe   Code   RO         2687    .text.uart_device_write  uart_device.o
    0x08004a2e   0x08004a2e   0x00000002   PAD
    0x08004a30   0x08004a30   0x00000066   Code   RO         2705    .text.uart_irq_handler  uart_device.o
    0x08004a96   0x08004a96   0x00000002   PAD
    0x08004a98   0x08004a98   0x00000068   Code   RO         1629    .text.usart_baudrate_set  gd32f30x_usart.o
    0x08004b00   0x08004b00   0x00000008   Code   RO         1657    .text.usart_data_receive  gd32f30x_usart.o
    0x08004b08   0x08004b08   0x00000008   Code   RO         1655    .text.usart_data_transmit  gd32f30x_usart.o
    0x08004b10   0x08004b10   0x000000b2   Code   RO         1627    .text.usart_deinit  gd32f30x_usart.o
    0x08004bc2   0x08004bc2   0x00000002   PAD
    0x08004bc4   0x08004bc4   0x0000000a   Code   RO         1639    .text.usart_disable  gd32f30x_usart.o
    0x08004bce   0x08004bce   0x00000002   PAD
    0x08004bd0   0x08004bd0   0x00000014   Code   RO         1711    .text.usart_dma_receive_config  gd32f30x_usart.o
    0x08004be4   0x08004be4   0x00000014   Code   RO         1713    .text.usart_dma_transmit_config  gd32f30x_usart.o
    0x08004bf8   0x08004bf8   0x0000000a   Code   RO         1637    .text.usart_enable  gd32f30x_usart.o
    0x08004c02   0x08004c02   0x00000002   PAD
    0x08004c04   0x08004c04   0x00000012   Code   RO         1717    .text.usart_flag_clear  gd32f30x_usart.o
    0x08004c16   0x08004c16   0x00000002   PAD
    0x08004c18   0x08004c18   0x00000016   Code   RO         1715    .text.usart_flag_get  gd32f30x_usart.o
    0x08004c2e   0x08004c2e   0x00000002   PAD
    0x08004c30   0x08004c30   0x00000012   Code   RO         1725    .text.usart_interrupt_flag_clear  gd32f30x_usart.o
    0x08004c42   0x08004c42   0x00000002   PAD
    0x08004c44   0x08004c44   0x0000002e   Code   RO         1723    .text.usart_interrupt_flag_get  gd32f30x_usart.o
    0x08004c72   0x08004c72   0x00000002   PAD
    0x08004c74   0x08004c74   0x00000014   Code   RO         1643    .text.usart_receive_config  gd32f30x_usart.o
    0x08004c88   0x08004c88   0x00000014   Code   RO         1641    .text.usart_transmit_config  gd32f30x_usart.o
    0x08004c9c   0x08004c9c   0x000000a8   Code   RO         2981    .text.usb_app_task  usb_app.o
    0x08004d44   0x08004d44   0x000000a4   Code   RO         1759    .text.usb_basic_init  drv_usb_core.o
    0x08004de8   0x08004de8   0x00000020   Code   RO         1812    .text.usb_clock_active  drv_usb_dev.o
    0x08004e08   0x08004e08   0x00000072   Code   RO         1761    .text.usb_core_init  drv_usb_core.o
    0x08004e7a   0x08004e7a   0x00000002   PAD
    0x08004e7c   0x08004e7c   0x00000018   Code   RO         1763    .text.usb_core_reset  drv_usb_core.o
    0x08004e94   0x08004e94   0x0000000c   Code   RO         1808    .text.usb_ctlep_startout  drv_usb_dev.o
    0x08004ea0   0x08004ea0   0x00000024   Code   RO         1775    .text.usb_curmode_set  drv_usb_core.o
    0x08004ec4   0x08004ec4   0x0000000c   Code   RO         1883    .text.usb_dev_connect  usbd_core.o
    0x08004ed0   0x08004ed0   0x0000000c   Code   RO         1885    .text.usb_dev_disconnect  usbd_core.o
    0x08004edc   0x08004edc   0x00000014   Code   RO         1935    .text.usb_devaddr_set  usbd_enum.o
    0x08004ef0   0x08004ef0   0x000000e0   Code   RO         1786    .text.usb_devcore_init  drv_usb_dev.o
    0x08004fd0   0x08004fd0   0x00000004   Code   RO         2726    .text.usb_device_control  usb_device.o
    0x08004fd4   0x08004fd4   0x00000064   Code   RO         2720    .text.usb_device_create  usb_device.o
    0x08005038   0x08005038   0x00000004   Code   RO         2724    .text.usb_device_deinit  usb_device.o
    0x0800503c   0x0800503c   0x0000000c   Code   RO         2718    .text.usb_device_get  usb_device.o
    0x08005048   0x08005048   0x00000090   Code   RO         2722    .text.usb_device_init  usb_device.o
    0x080050d8   0x080050d8   0x00000040   Code   RO         2728    .text.usb_device_read  usb_device.o
    0x08005118   0x08005118   0x00000012   Code   RO         2730    .text.usb_device_write  usb_device.o
    0x0800512a   0x0800512a   0x00000002   PAD
    0x0800512c   0x0800512c   0x00000036   Code   RO         1790    .text.usb_devint_enable  drv_usb_dev.o
    0x08005162   0x08005162   0x00000002   PAD
    0x08005164   0x08005164   0x0000000c   Code   RO         1861    .text.usb_globalint_disable  usbd_core.o
    0x08005170   0x08005170   0x0000000c   Code   RO         1865    .text.usb_globalint_enable  usbd_core.o
    0x0800517c   0x0800517c   0x00000022   Code   RO          100    .text.usb_gpio_config  gd32f30x_hw.o
    0x0800519e   0x0800519e   0x00000002   PAD
    0x080051a0   0x080051a0   0x0000000e   Code   RO         1846    .text.usb_iepintnum_read  drv_usbd_int.o
    0x080051ae   0x080051ae   0x00000002   PAD
    0x080051b0   0x080051b0   0x0000001a   Code   RO         1806    .text.usb_iepintr_read  drv_usb_dev.o
    0x080051ca   0x080051ca   0x00000002   PAD
    0x080051cc   0x080051cc   0x0000000a   Code   RO          102    .text.usb_intr_config  gd32f30x_hw.o
    0x080051d6   0x080051d6   0x00000002   PAD
    0x080051d8   0x080051d8   0x00000006   Code   RO          110    .text.usb_mdelay    gd32f30x_hw.o
    0x080051de   0x080051de   0x00000002   PAD
    0x080051e0   0x080051e0   0x0000000e   Code   RO         1842    .text.usb_oepintnum_read  drv_usbd_int.o
    0x080051ee   0x080051ee   0x00000002   PAD
    0x080051f0   0x080051f0   0x00000010   Code   RO         1844    .text.usb_oepintr_read  drv_usbd_int.o
    0x08005200   0x08005200   0x0000008e   Code   RO           96    .text.usb_rcu_config  gd32f30x_hw.o
    0x0800528e   0x0800528e   0x00000002   PAD
    0x08005290   0x08005290   0x0000001a   Code   RO         1771    .text.usb_rxfifo_flush  drv_usb_core.o
    0x080052aa   0x080052aa   0x00000002   PAD
    0x080052ac   0x080052ac   0x0000001e   Code   RO         1767    .text.usb_rxfifo_read  drv_usb_core.o
    0x080052ca   0x080052ca   0x00000002   PAD
    0x080052cc   0x080052cc   0x0000002c   Code   RO         2732    .text.usb_sem_rx_release  usb_device.o
    0x080052f8   0x080052f8   0x0000002c   Code   RO         2734    .text.usb_sem_tx_release  usb_device.o
    0x08005324   0x08005324   0x00000008   Code   RO         1788    .text.usb_set_rxfifo  drv_usb_dev.o
    0x0800532c   0x0800532c   0x0000004c   Code   RO         1773    .text.usb_set_txfifo  drv_usb_core.o
    0x08005378   0x08005378   0x00000018   Code   RO          104    .text.usb_timer_init  gd32f30x_hw.o
    0x08005390   0x08005390   0x0000003e   Code   RO          112    .text.usb_timer_irq  gd32f30x_hw.o
    0x080053ce   0x080053ce   0x00000002   PAD
    0x080053d0   0x080053d0   0x0000007a   Code   RO         1794    .text.usb_transc_active  drv_usb_dev.o
    0x0800544a   0x0800544a   0x00000002   PAD
    0x0800544c   0x0800544c   0x00000034   Code   RO         1804    .text.usb_transc_clrstall  drv_usb_dev.o
    0x08005480   0x08005480   0x00000034   Code   RO         1796    .text.usb_transc_deactivate  drv_usb_dev.o
    0x080054b4   0x080054b4   0x000000d0   Code   RO         1798    .text.usb_transc_inxfer  drv_usb_dev.o
    0x08005584   0x08005584   0x0000005a   Code   RO         1800    .text.usb_transc_outxfer  drv_usb_dev.o
    0x080055de   0x080055de   0x00000002   PAD
    0x080055e0   0x080055e0   0x00000034   Code   RO         1802    .text.usb_transc_stall  drv_usb_dev.o
    0x08005614   0x08005614   0x0000001a   Code   RO         1769    .text.usb_txfifo_flush  drv_usb_core.o
    0x0800562e   0x0800562e   0x00000002   PAD
    0x08005630   0x08005630   0x00000026   Code   RO         1765    .text.usb_txfifo_write  drv_usb_core.o
    0x08005656   0x08005656   0x00000002   PAD
    0x08005658   0x08005658   0x00000006   Code   RO          106    .text.usb_udelay    gd32f30x_hw.o
    0x0800565e   0x0800565e   0x00000002   PAD
    0x08005660   0x08005660   0x00000004   Code   RO         1933    .text.usbd_addr_set  usbd_enum.o
    0x08005664   0x08005664   0x0000001c   Code   RO         1899    .text.usbd_class_request  usbd_enum.o
    0x08005680   0x08005680   0x00000010   Code   RO         1867    .text.usbd_connect  usbd_core.o
    0x08005690   0x08005690   0x0000002a   Code   RO         1959    .text.usbd_ctl_recev  usbd_transc.o
    0x080056ba   0x080056ba   0x00000002   PAD
    0x080056bc   0x080056bc   0x0000002a   Code   RO         1957    .text.usbd_ctl_send  usbd_transc.o
    0x080056e6   0x080056e6   0x00000002   PAD
    0x080056e8   0x080056e8   0x00000020   Code   RO         1963    .text.usbd_ctl_status_recev  usbd_transc.o
    0x08005708   0x08005708   0x00000020   Code   RO         1961    .text.usbd_ctl_status_send  usbd_transc.o
    0x08005728   0x08005728   0x00000010   Code   RO         1863    .text.usbd_disconnect  usbd_core.o
    0x08005738   0x08005738   0x000000ae   Code   RO         1848    .text.usbd_emptytxfifo_write  drv_usbd_int.o
    0x080057e6   0x080057e6   0x00000002   PAD
    0x080057e8   0x080057e8   0x0000001c   Code   RO         1903    .text.usbd_enum_error  usbd_enum.o
    0x08005804   0x08005804   0x0000002e   Code   RO         1871    .text.usbd_ep_clear  usbd_core.o
    0x08005832   0x08005832   0x00000002   PAD
    0x08005834   0x08005834   0x00000026   Code   RO         1873    .text.usbd_ep_recev  usbd_core.o
    0x0800585a   0x0800585a   0x00000002   PAD
    0x0800585c   0x0800585c   0x00000024   Code   RO         1875    .text.usbd_ep_send  usbd_core.o
    0x08005880   0x08005880   0x00000076   Code   RO         1869    .text.usbd_ep_setup  usbd_core.o
    0x080058f6   0x080058f6   0x00000002   PAD
    0x080058f8   0x080058f8   0x00000032   Code   RO         1877    .text.usbd_ep_stall  usbd_core.o
    0x0800592a   0x0800592a   0x00000002   PAD
    0x0800592c   0x0800592c   0x00000032   Code   RO         1879    .text.usbd_ep_stall_clear  usbd_core.o
    0x0800595e   0x0800595e   0x00000002   PAD
    0x08005960   0x08005960   0x00000084   Code   RO         1969    .text.usbd_in_transc  usbd_transc.o
    0x080059e4   0x080059e4   0x00000068   Code   RO         1859    .text.usbd_init     usbd_core.o
    0x08005a4c   0x08005a4c   0x00000044   Code   RO         1840    .text.usbd_int_enumfinish  drv_usbd_int.o
    0x08005a90   0x08005a90   0x00000072   Code   RO         1832    .text.usbd_int_epin  drv_usbd_int.o
    0x08005b02   0x08005b02   0x00000002   PAD
    0x08005b04   0x08005b04   0x00000070   Code   RO         1830    .text.usbd_int_epout  drv_usbd_int.o
    0x08005b74   0x08005b74   0x000000ba   Code   RO         1838    .text.usbd_int_reset  drv_usbd_int.o
    0x08005c2e   0x08005c2e   0x00000002   PAD
    0x08005c30   0x08005c30   0x000000a2   Code   RO         1836    .text.usbd_int_rxfifo  drv_usbd_int.o
    0x08005cd2   0x08005cd2   0x00000002   PAD
    0x08005cd4   0x08005cd4   0x0000006a   Code   RO         1834    .text.usbd_int_suspend  drv_usbd_int.o
    0x08005d3e   0x08005d3e   0x00000002   PAD
    0x08005d40   0x08005d40   0x000000e6   Code   RO         1828    .text.usbd_isr      drv_usbd_int.o
    0x08005e26   0x08005e26   0x00000002   PAD
    0x08005e28   0x08005e28   0x00000068   Code   RO         1967    .text.usbd_out_transc  usbd_transc.o
    0x08005e90   0x08005e90   0x00000078   Code   RO         1965    .text.usbd_setup_transc  usbd_transc.o
    0x08005f08   0x08005f08   0x00000040   Code   RO         1897    .text.usbd_standard_request  usbd_enum.o
    0x08005f48   0x08005f48   0x00000004   Code   RO         1901    .text.usbd_vendor_request  usbd_enum.o
    0x08005f4c   0x08005f4c   0x00000024   Code   RO         2059    .text.uxListRemove  list.o
    0x08005f70   0x08005f70   0x0000000c   Code   RO         2275    .text.uxTaskGetNumberOfTasks  tasks.o
    0x08005f7c   0x08005f7c   0x00000016   Code   RO         2051    .text.vListInitialise  list.o
    0x08005f92   0x08005f92   0x00000002   PAD
    0x08005f94   0x08005f94   0x00000006   Code   RO         2053    .text.vListInitialiseItem  list.o
    0x08005f9a   0x08005f9a   0x00000002   PAD
    0x08005f9c   0x08005f9c   0x0000003a   Code   RO         2057    .text.vListInsert   list.o
    0x08005fd6   0x08005fd6   0x00000002   PAD
    0x08005fd8   0x08005fd8   0x00000014   Code   RO         2501    .text.vPortEnableVFP  port.o
    0x08005fec   0x08005fec   0x00000046   Code   RO         2507    .text.vPortEnterCritical  port.o
    0x08006032   0x08006032   0x00000002   PAD
    0x08006034   0x08006034   0x0000002e   Code   RO         2509    .text.vPortExitCritical  port.o
    0x08006062   0x08006062   0x00000002   PAD
    0x08006064   0x08006064   0x000000a8   Code   RO         2457    .text.vPortFree     heap_4.o
    0x0800610c   0x0800610c   0x00000034   Code   RO         2499    .text.vPortSetupTimerInterrupt  port.o
    0x08006140   0x08006140   0x00000062   Code   RO         2513    .text.vPortValidateInterruptPriority  port.o
    0x080061a2   0x080061a2   0x00000002   PAD
    0x080061a4   0x080061a4   0x00000066   Code   RO         2138    .text.vQueueAddToRegistry  queue.o
    0x0800620a   0x0800620a   0x00000002   PAD
    0x0800620c   0x0800620c   0x00000046   Code   RO         2142    .text.vQueueWaitForMessageRestricted  queue.o
    0x08006252   0x08006252   0x00000002   PAD
    0x08006254   0x08006254   0x00000056   Code   RO         2237    .text.vTaskDelay    tasks.o
    0x080062aa   0x080062aa   0x00000002   PAD
    0x080062ac   0x080062ac   0x0000001a   Code   RO         2297    .text.vTaskInternalSetTimeOutState  tasks.o
    0x080062c6   0x080062c6   0x00000002   PAD
    0x080062c8   0x080062c8   0x0000000e   Code   RO         2301    .text.vTaskMissedYield  tasks.o
    0x080062d6   0x080062d6   0x00000002   PAD
    0x080062d8   0x080062d8   0x00000036   Code   RO         2285    .text.vTaskPlaceOnEventList  tasks.o
    0x0800630e   0x0800630e   0x00000002   PAD
    0x08006310   0x08006310   0x0000006a   Code   RO         2289    .text.vTaskPlaceOnEventListRestricted  tasks.o
    0x0800637a   0x0800637a   0x00000002   PAD
    0x0800637c   0x0800637c   0x000000d6   Code   RO         2321    .text.vTaskPriorityDisinheritAfterTimeout  tasks.o
    0x08006452   0x08006452   0x00000002   PAD
    0x08006454   0x08006454   0x00000072   Code   RO         2261    .text.vTaskStartScheduler  tasks.o
    0x080064c6   0x080064c6   0x00000002   PAD
    0x080064c8   0x080064c8   0x00000010   Code   RO         2231    .text.vTaskSuspendAll  tasks.o
    0x080064d8   0x080064d8   0x0000008a   Code   RO         2253    .text.vTaskSwitchContext  tasks.o
    0x08006562   0x08006562   0x00000002   PAD
    0x08006564   0x08006564   0x00000012   Code   RO         2584    .text.w25qxx_erase_and_write_sector  w25qxx_driver.o
    0x08006576   0x08006576   0x00000002   PAD
    0x08006578   0x08006578   0x0000000e   Code   RO         2588    .text.w25qxx_init   w25qxx_driver.o
    0x08006586   0x08006586   0x00000002   PAD
    0x08006588   0x08006588   0x00000052   Code   RO         2572    .text.w25qxx_page_program  w25qxx_driver.o
    0x080065da   0x080065da   0x00000002   PAD
    0x080065dc   0x080065dc   0x0000004c   Code   RO         2568    .text.w25qxx_read   w25qxx_driver.o
    0x08006628   0x08006628   0x00000040   Code   RO         2574    .text.w25qxx_sector_erase  w25qxx_driver.o
    0x08006668   0x08006668   0x0000002c   Code   RO         2562    .text.w25qxx_wait_busy  w25qxx_driver.o
    0x08006694   0x08006694   0x00000020   Code   RO         2570    .text.w25qxx_write_enable  w25qxx_driver.o
    0x080066b4   0x080066b4   0x00000028   Code   RO         2582    .text.w25qxx_write_sector_direct  w25qxx_driver.o
    0x080066dc   0x080066dc   0x00000120   Code   RO         2580    .text.w25qxx_write_with_erase  w25qxx_driver.o
    0x080067fc   0x080067fc   0x00000186   Code   RO         2495    .text.xPortStartScheduler  port.o
    0x08006982   0x08006982   0x00000002   PAD
    0x08006984   0x08006984   0x0000002e   Code   RO         2088    .text.xQueueCreateCountingSemaphore  queue.o
    0x080069b2   0x080069b2   0x00000002   PAD
    0x080069b4   0x080069b4   0x0000005a   Code   RO         2072    .text.xQueueGenericCreate  queue.o
    0x08006a0e   0x08006a0e   0x00000002   PAD
    0x08006a10   0x08006a10   0x000000a6   Code   RO         2070    .text.xQueueGenericReset  queue.o
    0x08006ab6   0x08006ab6   0x00000002   PAD
    0x08006ab8   0x08006ab8   0x000001a2   Code   RO         2082    .text.xQueueGenericSend  queue.o
    0x08006c5a   0x08006c5a   0x00000002   PAD
    0x08006c5c   0x08006c5c   0x000000f2   Code   RO         2098    .text.xQueueGiveFromISR  queue.o
    0x08006d4e   0x08006d4e   0x00000002   PAD
    0x08006d50   0x08006d50   0x00000172   Code   RO         2100    .text.xQueueReceive  queue.o
    0x08006ec2   0x08006ec2   0x00000002   PAD
    0x08006ec4   0x08006ec4   0x00000190   Code   RO         2086    .text.xQueueSemaphoreTake  queue.o
    0x08007054   0x08007054   0x0000008c   Code   RO         2299    .text.xTaskCheckForTimeOut  tasks.o
    0x080070e0   0x080070e0   0x0000002c   Code   RO         2217    .text.xTaskCreate   tasks.o
    0x0800710c   0x0800710c   0x00000026   Code   RO         2315    .text.xTaskGetSchedulerState  tasks.o
    0x08007132   0x08007132   0x00000002   PAD
    0x08007134   0x08007134   0x0000000c   Code   RO         2271    .text.xTaskGetTickCount  tasks.o
    0x08007140   0x08007140   0x000001bc   Code   RO         2269    .text.xTaskIncrementTick  tasks.o
    0x080072fc   0x080072fc   0x000000ca   Code   RO         2319    .text.xTaskPriorityDisinherit  tasks.o
    0x080073c6   0x080073c6   0x00000002   PAD
    0x080073c8   0x080073c8   0x000000c6   Code   RO         2317    .text.xTaskPriorityInherit  tasks.o
    0x0800748e   0x0800748e   0x00000002   PAD
    0x08007490   0x08007490   0x000000f0   Code   RO         2291    .text.xTaskRemoveFromEventList  tasks.o
    0x08007580   0x08007580   0x00000186   Code   RO         2235    .text.xTaskResumeAll  tasks.o
    0x08007706   0x08007706   0x00000002   PAD
    0x08007708   0x08007708   0x0000005c   Code   RO         2381    .text.xTimerCreateTimerTask  timers.o
    0x08007764   0x08007764   0x00000028   Code   RO         3405    i.__0sprintf        mc_w.l(printfa.o)
    0x0800778c   0x0800778c   0x0000002c   Code   RO         3408    i.__0vsnprintf      mc_w.l(printfa.o)
    0x080077b8   0x080077b8   0x0000000e   Code   RO         3507    i.__scatterload_copy  mc_w.l(handlers.o)
    0x080077c6   0x080077c6   0x00000002   Code   RO         3508    i.__scatterload_null  mc_w.l(handlers.o)
    0x080077c8   0x080077c8   0x0000000e   Code   RO         3509    i.__scatterload_zeroinit  mc_w.l(handlers.o)
    0x080077d6   0x080077d6   0x00000002   PAD
    0x080077d8   0x080077d8   0x00000184   Code   RO         3410    i._fp_digits        mc_w.l(printfa.o)
    0x0800795c   0x0800795c   0x000006dc   Code   RO         3411    i._printf_core      mc_w.l(printfa.o)
    0x08008038   0x08008038   0x00000024   Code   RO         3412    i._printf_post_padding  mc_w.l(printfa.o)
    0x0800805c   0x0800805c   0x0000002e   Code   RO         3413    i._printf_pre_padding  mc_w.l(printfa.o)
    0x0800808a   0x0800808a   0x00000016   Code   RO         3414    i._snputc           mc_w.l(printfa.o)
    0x080080a0   0x080080a0   0x0000000a   Code   RO         3415    i._sputc            mc_w.l(printfa.o)
    0x080080aa   0x080080aa   0x00000002   PAD
    0x080080ac   0x080080ac   0x0000006c   Code   RO         3432    i.malloc            mc_w.l(malloc.o)
    0x08008118   0x08008118   0x0000000c   Data   RO         2836    .rodata..L__const.gps_task.uart_cfg  gps.o
    0x08008124   0x08008124   0x00000474   Data   RO         2907    .rodata.ascii_6x12  lcd_draw.o
    0x08008598   0x08008598   0x000005f0   Data   RO         2908    .rodata.ascii_8x16  lcd_draw.o
    0x08008b88   0x08008b88   0x00000043   Data   RO         1999    .rodata.cdc_config_desc  cdc_acm_core.o
    0x08008bcb   0x08008bcb   0x00000001   PAD
    0x08008bcc   0x08008bcc   0x00000012   Data   RO         1998    .rodata.cdc_dev_desc  cdc_acm_core.o
    0x08008bde   0x08008bde   0x00000004   Data   RO         1818    .rodata.cst4        drv_usb_dev.o
    0x08008be2   0x08008be2   0x00000002   PAD
    0x08008be4   0x08008be4   0x00000010   Data   RO         1887    .rodata.ep_type     usbd_core.o
    0x08008bf4   0x08008bf4   0x00000102   Data   RO         2005    .rodata.manufacturer_string  cdc_acm_core.o
    0x08008cf6   0x08008cf6   0x00000002   PAD
    0x08008cf8   0x08008cf8   0x00000040   Data   RO         2535    .rodata.pin_port_list  gpio_driver.o
    0x08008d38   0x08008d38   0x00000102   Data   RO         2006    .rodata.product_string  cdc_acm_core.o
    0x08008e3a   0x08008e3a   0x00000002   PAD
    0x08008e3c   0x08008e3c   0x0000000c   Data   RO         1946    .rodata.std_desc_get  usbd_enum.o
    0x08008e48   0x08008e48   0x00000022   Data   RO         2595    .rodata.str1.1      w25qxx_driver.o
    0x08008e6a   0x08008e6a   0x00000025   Data   RO         2644    .rodata.str1.1      i2c_driver.o
    0x08008e8f   0x08008e8f   0x00000058   Data   RO         2818    .rodata.str1.1      user_log.o
    0x08008ee7   0x08008ee7   0x0000002a   Data   RO         2871    .rodata.str1.1      menu_1.o
    0x08008f11   0x08008f11   0x00000024   Data   RO         2971    .rodata.str1.1      rfid_si522_driver.o
    0x08008f35   0x08008f35   0x00000029   Data   RO         3081    .rodata.str1.1      my_queue.o
    0x08008f5e   0x08008f5e   0x0000001f   Data   RO         3103    .rodata.str1.1      my_linklist.o
    0x08008f7d   0x08008f7d   0x0000002a   Data   RO         3142    .rodata.str1.1      key.o
    0x08008fa7   0x08008fa7   0x00000001   PAD
    0x08008fa8   0x08008fa8   0x00000010   Data   RO         2002    .rodata.usbd_cdc_strings  cdc_acm_core.o
    0x08008fb8   0x08008fb8   0x00000004   Data   RO         2000    .rodata.usbd_language_id_desc  cdc_acm_core.o
    0x08008fbc   0x08008fbc   0x00000004   Data   RO         2366    .rodata.uxTopUsedPriority  tasks.o
    0x08008fc0   0x08008fc0   0x00000020   Data   RO         3506    Region$$Table       anon$$obj.o


    Execution Region RW_IRAM1 (Exec base: 0x20000000, Load base: 0x08008fe0, Size: 0x00015bb0, Max: 0x00018000, ABSOLUTE, COMPRESSED[0x000000c0])

    Exec Addr    Load Addr    Size         Type   Attr      Idx    E Section Name        Object

    0x20000000   COMPRESSED   0x00000004   Data   RW         3484    .data               mc_w.l(mvars.o)
    0x20000004   COMPRESSED   0x00000004   Data   RW         3485    .data               mc_w.l(mvars.o)
    0x20000008   COMPRESSED   0x00000004   Data   RW           39    .data.SystemCoreClock  system_gd32f30x.o
    0x2000000c   COMPRESSED   0x00000030   Data   RW         2004    .data.cdc_class     cdc_acm_core.o
    0x2000003c   COMPRESSED   0x00000010   Data   RW         2003    .data.cdc_desc      cdc_acm_core.o
    0x2000004c   COMPRESSED   0x00000008   Data   RW         3138    .data.key_data_tab  key.o
    0x20000054   COMPRESSED   0x00000028   Data   RW         3137    .data.key_scan_tab  key.o
    0x2000007c   COMPRESSED   0x00000004   Data   RW         2815    .data.log_print_level  user_log.o
    0x20000080   COMPRESSED   0x00000102   Data   RW         2001    .data.serial_string  cdc_acm_core.o
    0x20000182   COMPRESSED   0x00000002   Data   RW          117    .data.timer_prescaler  gd32f30x_hw.o
    0x20000184   COMPRESSED   0x00000140   Data   RW         2707    .data.uart_phy_map  uart_device.o
    0x200002c4   COMPRESSED   0x00000004   Data   RW         2517    .data.uxCriticalNesting  port.o
    0x200002c8        -       0x00000002   Zero   RW         1945    .bss._usb_std_getstatus.status  usbd_enum.o
    0x200002ca        -       0x00000001   Zero   RW         1947    .bss._usb_std_setconfiguration.config  usbd_enum.o
    0x200002cb        -       0x00000001   Zero   RW         2970    .bss.aaa            rfid_si522_driver.o
    0x200002cc        -       0x000003d0   Zero   RW         2737    .bss.cdc_acm        usb_device.o
    0x2000069c        -       0x00000058   Zero   RW         2007    .bss.cdc_acm_init.cdc_handler  cdc_acm_core.o
    0x200006f4        -       0x000003e8   Zero   RW         2816    .bss.data_buf       user_log.o
    0x20000adc        -       0x00000448   Zero   RW         2817    .bss.debug_buf      user_log.o
    0x20000f24        -       0x00000004   Zero   RW          116    .bss.delay_time     gd32f30x_hw.o
    0x20000f28        -       0x00000004   Zero   RW         2759    .bss.flash_device   spi_device.o
    0x20000f2c        -       0x00000004   Zero   RW         2781    .bss.i2c_device     i2c_device.o
    0x20000f30        -       0x00000028   Zero   RW         3141    .bss.key_fsm_tab    key.o
    0x20000f58        -       0x00000004   Zero   RW         3140    .bss.key_queue      key.o
    0x20000f5c        -       0x00000004   Zero   RW         3139    .bss.key_sem        key.o
    0x20000f60        -       0x00000400   Zero   RW         2911    .bss.lcd_gram       lcd_draw.o
    0x20001360        -       0x00000001   Zero   RW         2813    .bss.log_enable_flg  user_log.o
    0x20001361   COMPRESSED   0x00000003   PAD
    0x20001364        -       0x00000004   Zero   RW         2814    .bss.log_output.log_device  user_log.o
    0x20001368        -       0x00000004   Zero   RW         2870    .bss.menu_list      menu_1.o
    0x2000136c        -       0x00000004   Zero   RW         3055    .bss.os_task_create.task_handle  os_port.o
    0x20001370        -       0x00000004   Zero   RW         1139    .bss.pmu_to_deepsleepmode.reg_snap.0  gd32f30x_pmu.o
    0x20001374        -       0x00000004   Zero   RW         1140    .bss.pmu_to_deepsleepmode.reg_snap.1  gd32f30x_pmu.o
    0x20001378        -       0x00000004   Zero   RW         1141    .bss.pmu_to_deepsleepmode.reg_snap.2  gd32f30x_pmu.o
    0x2000137c        -       0x00000004   Zero   RW         1142    .bss.pmu_to_deepsleepmode.reg_snap.3  gd32f30x_pmu.o
    0x20001380        -       0x00000004   Zero   RW         2441    .bss.prvSampleTimeNow.xLastTime  timers.o
    0x20001384        -       0x00000004   Zero   RW         2349    .bss.pxCurrentTCB   tasks.o
    0x20001388        -       0x00000004   Zero   RW         2439    .bss.pxCurrentTimerList  timers.o
    0x2000138c        -       0x00000004   Zero   RW         2359    .bss.pxDelayedTaskList  tasks.o
    0x20001390        -       0x00000004   Zero   RW         2473    .bss.pxEnd          heap_4.o
    0x20001394        -       0x00000004   Zero   RW         2360    .bss.pxOverflowDelayedTaskList  tasks.o
    0x20001398        -       0x00000004   Zero   RW         2440    .bss.pxOverflowTimerList  timers.o
    0x2000139c        -       0x00000280   Zero   RW         2350    .bss.pxReadyTasksLists  tasks.o
    0x2000161c        -       0x00001000   Zero   RW         2594    .bss.sector_buf     w25qxx_driver.o
    0x2000261c        -       0x00000004   Zero   RW           12    .bss.sem            main.o
    0x20002620        -       0x00000004   Zero   RW         2969    .bss.si522_i2c_dev  rfid_si522_driver.o
    0x20002624        -       0x00000004   Zero   RW           14    .bss.tick2          main.o
    0x20002628        -       0x00000004   Zero   RW           15    .bss.tick3          main.o
    0x2000262c        -       0x00000040   Zero   RW         2983    .bss.tx_buf         usb_app.o
    0x2000266c        -       0x00000014   Zero   RW         2708    .bss.uart_device_map  uart_device.o
    0x20002680        -       0x00012c00   Zero   RW         2476    .bss.ucHeap         heap_4.o
    0x20015280        -       0x00000001   Zero   RW         2515    .bss.ucMaxSysCallPriority  port.o
    0x20015281   COMPRESSED   0x00000003   PAD
    0x20015284        -       0x00000004   Zero   RW         2516    .bss.ulMaxPRIGROUPValue  port.o
    0x20015288        -       0x00000004   Zero   RW         2736    .bss.usb_device     usb_device.o
    0x2001528c        -       0x00000004   Zero   RW          118    .bss.usbfs_prescaler  gd32f30x_hw.o
    0x20015290        -       0x00000004   Zero   RW         2356    .bss.uxCurrentNumberOfTasks  tasks.o
    0x20015294        -       0x00000004   Zero   RW         2355    .bss.uxDeletedTasksWaitingCleanUp  tasks.o
    0x20015298        -       0x00000004   Zero   RW         2357    .bss.uxSchedulerSuspended  tasks.o
    0x2001529c        -       0x00000004   Zero   RW         2352    .bss.uxTaskNumber   tasks.o
    0x200152a0        -       0x00000004   Zero   RW         2351    .bss.uxTopReadyPriority  tasks.o
    0x200152a4        -       0x00000014   Zero   RW         2442    .bss.xActiveTimerList1  timers.o
    0x200152b8        -       0x00000014   Zero   RW         2443    .bss.xActiveTimerList2  timers.o
    0x200152cc        -       0x00000014   Zero   RW         2369    .bss.xDelayedTaskList1  tasks.o
    0x200152e0        -       0x00000014   Zero   RW         2370    .bss.xDelayedTaskList2  tasks.o
    0x200152f4        -       0x00000004   Zero   RW         2474    .bss.xFreeBytesRemaining  heap_4.o
    0x200152f8        -       0x00000004   Zero   RW         2365    .bss.xIdleTaskHandles  tasks.o
    0x200152fc        -       0x00000004   Zero   RW         2477    .bss.xMinimumEverFreeBytesRemaining  heap_4.o
    0x20015300        -       0x00000004   Zero   RW         2364    .bss.xNextTaskUnblockTime  tasks.o
    0x20015304        -       0x00000004   Zero   RW         2368    .bss.xNumOfOverflows  tasks.o
    0x20015308        -       0x00000004   Zero   RW         2478    .bss.xNumberOfSuccessfulAllocations  heap_4.o
    0x2001530c        -       0x00000004   Zero   RW         2479    .bss.xNumberOfSuccessfulFrees  heap_4.o
    0x20015310        -       0x00000004   Zero   RW         2367    .bss.xPendedTicks   tasks.o
    0x20015314        -       0x00000014   Zero   RW         2361    .bss.xPendingReadyList  tasks.o
    0x20015328        -       0x00000040   Zero   RW         2144    .bss.xQueueRegistry  queue.o
    0x20015368        -       0x00000004   Zero   RW         2353    .bss.xSchedulerRunning  tasks.o
    0x2001536c        -       0x00000008   Zero   RW         2475    .bss.xStart         heap_4.o
    0x20015374        -       0x00000014   Zero   RW         2362    .bss.xSuspendedTaskList  tasks.o
    0x20015388        -       0x00000014   Zero   RW         2354    .bss.xTasksWaitingTermination  tasks.o
    0x2001539c        -       0x00000004   Zero   RW         2358    .bss.xTickCount     tasks.o
    0x200153a0        -       0x00000004   Zero   RW         2437    .bss.xTimerQueue    timers.o
    0x200153a4        -       0x00000004   Zero   RW         2438    .bss.xTimerTaskHandle  timers.o
    0x200153a8        -       0x00000004   Zero   RW         2363    .bss.xYieldPendings  tasks.o
    0x200153ac   COMPRESSED   0x00000004   PAD
    0x200153b0        -       0x00000400   Zero   RW          128    HEAP                startup_gd32f30x_cl.o
    0x200157b0        -       0x00000400   Zero   RW          127    STACK               startup_gd32f30x_cl.o


==============================================================================

Image component sizes


      Code (inc. data)   RO Data    RW Data    ZI Data      Debug   Object Name

       376          0        621        322         88      10285   cdc_acm_core.o
       154          8          0          0          0       2516   device.o
       534          0          0          0          0       6181   drv_usb_core.o
       932          8          4          0          0      10151   drv_usb_dev.o
      1196          0          0          0          0       9087   drv_usbd_int.o
       488          0          0          0          0       8406   gd32f30x_dma.o
        12          0          0          0          0       3205   gd32f30x_exti.o
       198          0          0          0          0       6022   gd32f30x_gpio.o
       440          0          0          2          8       5060   gd32f30x_hw.o
       158          0          0          0          0       3301   gd32f30x_it.o
       186          0          0          0          0       5100   gd32f30x_misc.o
       242          0          0          0         16       5290   gd32f30x_pmu.o
       508         28          0          0          0      13772   gd32f30x_rcu.o
        80          0          0          0          0       8609   gd32f30x_spi.o
       256          0          0          0          0      17511   gd32f30x_timer.o
       502          0          0          0          0      10981   gd32f30x_usart.o
       132         20         64          0          0       2776   gpio_driver.o
       150          8         12          0          0       1945   gps.o
       876          0          0          0      76828       5039   heap_4.o
       268          0          0          0          4       3403   i2c_device.o
       858          0         37          0          0       4500   i2c_driver.o
       884        142         42         48         48       3638   key.o
       454          0       2660          0       1024       6803   lcd_draw.o
       412          0          0          0          0       1105   lcd_st756x_driver.o
        78          0          0          0          0        558   led.o
       122          0          0          0          0       2004   list.o
       398         68          0          0         12       1498   main.o
       794        204         42          0          4       2551   menu_1.o
       168         68         31          0          0       1736   my_linklist.o
       382          0         41          0          0       2680   my_queue.o
       114          0          0          0          4       6288   os_port.o
       986         16          0          4          5       4104   port.o
      2274          0          0          0         64      19166   queue.o
        76         44          0          0          0        404   rfid_1.o
      1660        204         36          0          5       7130   rfid_si522_driver.o
       252          8          0          0          4       2924   spi_device.o
        36          8        336          0       2048       1020   startup_gd32f30x_cl.o
       618          0          0          4          0       3152   system_gd32f30x.o
       202          0          0          0          0       4482   systick.o
      3494          0          4          0        800      30821   tasks.o
       918         26          0          0         60      10685   timers.o
      1232          8          0        320         20       7932   uart_device.o
       168          8          0          0         64       2766   usb_app.o
       434         24          0          0        980       8223   usb_device.o
       522          0         16          0          0       9044   usbd_core.o
      1278         68         12          0          3      11944   usbd_enum.o
       504          0          0          0          0       7473   usbd_transc.o
       328         60         88          4       2101       4116   user_log.o
       880         20         34          0       4096       6301   w25qxx_driver.o

    ----------------------------------------------------------------------
     28616       1060       4120        704      88296     313688   Object Totals
         0          0         32          0          0          0   (incl. Generated)
       402         12          8          0         10          0   (incl. Padding)

    ----------------------------------------------------------------------

      Code (inc. data)   RO Data    RW Data    ZI Data      Debug   Library Member Name

        86          0          0          0          0          0   __dczerorl2.o
         0          0          0          0          0          0   entry.o
         0          0          0          0          0          0   entry10a.o
         0          0          0          0          0          0   entry11a.o
         8          4          0          0          0          0   entry2.o
         4          0          0          0          0          0   entry5.o
         0          0          0          0          0          0   entry7b.o
         0          0          0          0          0          0   entry8b.o
         8          4          0          0          0          0   entry9a.o
        30          0          0          0          0          0   handlers.o
        36          8          0          0          0         68   init.o
         0          0          0          0          0          0   iusefp.o
        30          0          0          0          0         68   llshl.o
        36          0          0          0          0         68   llsshr.o
        32          0          0          0          0         68   llushr.o
       108         16          0          0          0         84   malloc.o
        36          0          0          0          0         68   memcpya.o
        36          0          0          0          0        108   memseta.o
         0          0          0          8          0          0   mvars.o
      2342         90          0          0          0        668   printfa.o
        28          0          0          0          0         76   strcmp.o
        18          0          0          0          0         68   strcpy.o
        14          0          0          0          0         68   strlen.o
        30          0          0          0          0         80   strncmp.o
        44          0          0          0          0         80   uidiv.o
        98          0          0          0          0         92   uldiv.o
        48          0          0          0          0         68   cdrcmple.o
       334          0          0          0          0        148   dadd.o
       222          0          0          0          0        100   ddiv.o
       186          0          0          0          0        176   depilogue.o
        48          0          0          0          0         68   dfixul.o
       228          0          0          0          0         96   dmul.o

    ----------------------------------------------------------------------
      4096        122          0          8          0       2320   Library Totals
         6          0          0          0          0          0   (incl. Padding)

    ----------------------------------------------------------------------

      Code (inc. data)   RO Data    RW Data    ZI Data      Debug   Library Name

      3024        122          0          8          0       1664   mc_w.l
      1066          0          0          0          0        656   mf_w.l

    ----------------------------------------------------------------------
      4096        122          0          8          0       2320   Library Totals

    ----------------------------------------------------------------------

==============================================================================


      Code (inc. data)   RO Data    RW Data    ZI Data      Debug   

     32712       1182       4120        712      88296     314292   Grand Totals
     32712       1182       4120        192      88296     314292   ELF Image Totals (compressed)
     32712       1182       4120        192          0          0   ROM Totals

==============================================================================

    Total RO  Size (Code + RO Data)                36832 (  35.97kB)
    Total RW  Size (RW Data + ZI Data)             89008 (  86.92kB)
    Total ROM Size (Code + RO Data + RW Data)      37024 (  36.16kB)

==============================================================================

